Archive member included to satisfy reference by file (symbol)

/home/navjot/Documents/MCUXpresso_11.1.1_3241/workspace/lpc_board_nxp_lpcxpresso_1769/Debug/liblpc_board_nxp_lpcxpresso_1769.a(board.o)
                              ./freertos/src/FreeRTOSCommonHooks.o (Board_UARTPutSTR)
/home/navjot/Documents/MCUXpresso_11.1.1_3241/workspace/lpc_board_nxp_lpcxpresso_1769/Debug/liblpc_board_nxp_lpcxpresso_1769.a(board_sysinit.o)
                              ./my_freeRTOS_blinky_proj/src/sysinit.o (Board_SystemInit)
/home/navjot/Documents/MCUXpresso_11.1.1_3241/workspace/lpc_chip_175x_6x/Debug/liblpc_chip_175x_6x.a(chip_17xx_40xx.o)
                              ./freertos/src/port.o (SystemCoreClock)
/home/navjot/Documents/MCUXpresso_11.1.1_3241/workspace/lpc_chip_175x_6x/Debug/liblpc_chip_175x_6x.a(clock_17xx_40xx.o)
                              /home/navjot/Documents/MCUXpresso_11.1.1_3241/workspace/lpc_chip_175x_6x/Debug/liblpc_chip_175x_6x.a(chip_17xx_40xx.o) (Chip_Clock_EnablePLL)
/home/navjot/Documents/MCUXpresso_11.1.1_3241/workspace/lpc_chip_175x_6x/Debug/liblpc_chip_175x_6x.a(i2s_17xx_40xx.o)
                              /home/navjot/Documents/MCUXpresso_11.1.1_3241/workspace/lpc_board_nxp_lpcxpresso_1769/Debug/liblpc_board_nxp_lpcxpresso_1769.a(board.o) (Chip_I2S_Init)
/home/navjot/Documents/MCUXpresso_11.1.1_3241/workspace/lpc_chip_175x_6x/Debug/liblpc_chip_175x_6x.a(iocon_17xx_40xx.o)
                              /home/navjot/Documents/MCUXpresso_11.1.1_3241/workspace/lpc_board_nxp_lpcxpresso_1769/Debug/liblpc_board_nxp_lpcxpresso_1769.a(board.o) (Chip_IOCON_PinMux)
/home/navjot/Documents/MCUXpresso_11.1.1_3241/workspace/lpc_chip_175x_6x/Debug/liblpc_chip_175x_6x.a(sysinit_17xx_40xx.o)
                              /home/navjot/Documents/MCUXpresso_11.1.1_3241/workspace/lpc_board_nxp_lpcxpresso_1769/Debug/liblpc_board_nxp_lpcxpresso_1769.a(board_sysinit.o) (Chip_SetupXtalClocking)
/home/navjot/Documents/MCUXpresso_11.1.1_3241/workspace/lpc_chip_175x_6x/Debug/liblpc_chip_175x_6x.a(uart_17xx_40xx.o)
                              /home/navjot/Documents/MCUXpresso_11.1.1_3241/workspace/lpc_board_nxp_lpcxpresso_1769/Debug/liblpc_board_nxp_lpcxpresso_1769.a(board.o) (Chip_UART_Init)
/home/navjot/Documents/MCUXpresso_11.1.1_3241/workspace/lpc_chip_175x_6x/Debug/liblpc_chip_175x_6x.a(ring_buffer.o)
                              /home/navjot/Documents/MCUXpresso_11.1.1_3241/workspace/lpc_chip_175x_6x/Debug/liblpc_chip_175x_6x.a(uart_17xx_40xx.o) (RingBuffer_Insert)
/usr/local/mcuxpressoide-11.1.1_3241/ide/plugins/com.nxp.mcuxpresso.tools.linux_11.1.0.202001081728/tools/bin/../lib/gcc/arm-none-eabi/8.3.1/../../../../arm-none-eabi/lib/thumb/v7-m/nofp/libcr_nohost.a(_cr__main.o)
                              ./my_freeRTOS_blinky_proj/src/cr_startup_lpc175x_6x.o (__main)
/usr/local/mcuxpressoide-11.1.1_3241/ide/plugins/com.nxp.mcuxpresso.tools.linux_11.1.0.202001081728/tools/bin/../lib/gcc/arm-none-eabi/8.3.1/../../../../arm-none-eabi/lib/thumb/v7-m/nofp/libcr_c.a(memcpy.o)
                              ./freertos/src/queue.o (memcpy)
/usr/local/mcuxpressoide-11.1.1_3241/ide/plugins/com.nxp.mcuxpresso.tools.linux_11.1.0.202001081728/tools/bin/../lib/gcc/arm-none-eabi/8.3.1/../../../../arm-none-eabi/lib/thumb/v7-m/nofp/libcr_c.a(memset.o)
                              ./freertos/src/tasks.o (memset)
/usr/local/mcuxpressoide-11.1.1_3241/ide/plugins/com.nxp.mcuxpresso.tools.linux_11.1.0.202001081728/tools/bin/../lib/gcc/arm-none-eabi/8.3.1/../../../../arm-none-eabi/lib/thumb/v7-m/nofp/libcr_c.a(alloc.o)
                              ./freertos/src/heap_3.o (malloc)
/usr/local/mcuxpressoide-11.1.1_3241/ide/plugins/com.nxp.mcuxpresso.tools.linux_11.1.0.202001081728/tools/bin/../lib/gcc/arm-none-eabi/8.3.1/../../../../arm-none-eabi/lib/thumb/v7-m/nofp/libcr_c.a(fpprintf.o)
                              ./freertos/src/FreeRTOSCommonHooks.o (printf)
/usr/local/mcuxpressoide-11.1.1_3241/ide/plugins/com.nxp.mcuxpresso.tools.linux_11.1.0.202001081728/tools/bin/../lib/gcc/arm-none-eabi/8.3.1/../../../../arm-none-eabi/lib/thumb/v7-m/nofp/libcr_c.a(initio.o)
                              /usr/local/mcuxpressoide-11.1.1_3241/ide/plugins/com.nxp.mcuxpresso.tools.linux_11.1.0.202001081728/tools/bin/../lib/gcc/arm-none-eabi/8.3.1/../../../../arm-none-eabi/lib/thumb/v7-m/nofp/libcr_nohost.a(_cr__main.o) (_initio)
/usr/local/mcuxpressoide-11.1.1_3241/ide/plugins/com.nxp.mcuxpresso.tools.linux_11.1.0.202001081728/tools/bin/../lib/gcc/arm-none-eabi/8.3.1/../../../../arm-none-eabi/lib/thumb/v7-m/nofp/libcr_c.a(printf.o)
                              /usr/local/mcuxpressoide-11.1.1_3241/ide/plugins/com.nxp.mcuxpresso.tools.linux_11.1.0.202001081728/tools/bin/../lib/gcc/arm-none-eabi/8.3.1/../../../../arm-none-eabi/lib/thumb/v7-m/nofp/libcr_c.a(fpprintf.o) (__vfprintf)
[...]
Memory Configuration

Name             Origin             Length             Attributes
MFlash512        0x0000000000000000 0x0000000000080000 xr
RamLoc32         0x0000000010000000 0x0000000000008000 xrw
RamAHB32         0x000000002007c000 0x0000000000008000 xrw
*default*        0x0000000000000000 0xffffffffffffffff

Linker script and memory map

LOAD ./my_freeRTOS_blinky_proj/src/cr_startup_lpc175x_6x.o
LOAD ./my_freeRTOS_blinky_proj/src/freertos_countingsemaphore.o
LOAD ./my_freeRTOS_blinky_proj/src/sysinit.o
LOAD ./freertos/src/FreeRTOSCommonHooks.o
LOAD ./freertos/src/heap_3.o
LOAD ./freertos/src/list.o
LOAD ./freertos/src/port.o
LOAD ./freertos/src/queue.o
LOAD ./freertos/src/tasks.o
LOAD /home/navjot/Documents/MCUXpresso_11.1.1_3241/workspace/lpc_board_nxp_lpcxpresso_1769/Debug/liblpc_board_nxp_lpcxpresso_1769.a
LOAD /home/navjot/Documents/MCUXpresso_11.1.1_3241/workspace/lpc_chip_175x_6x/Debug/liblpc_chip_175x_6x.a
START GROUP
LOAD /usr/local/mcuxpressoide-11.1.1_3241/ide/plugins/com.nxp.mcuxpresso.tools.linux_11.1.0.202001081728/tools/bin/../lib/gcc/arm-none-eabi/8.3.1/../../../../arm-none-eabi/lib/thumb/v7-m/nofp/libcr_nohost.a
LOAD /usr/local/mcuxpressoide-11.1.1_3241/ide/plugins/com.nxp.mcuxpresso.tools.linux_11.1.0.202001081728/tools/bin/../lib/gcc/arm-none-eabi/8.3.1/../../../../arm-none-eabi/lib/thumb/v7-m/nofp/libcr_c.a
LOAD /usr/local/mcuxpressoide-11.1.1_3241/ide/plugins/com.nxp.mcuxpresso.tools.linux_11.1.0.202001081728/tools/bin/../lib/gcc/arm-none-eabi/8.3.1/thumb/v7-m/nofp/libcr_eabihelpers.a
LOAD /usr/local/mcuxpressoide-11.1.1_3241/ide/plugins/com.nxp.mcuxpresso.tools.linux_11.1.0.202001081728/tools/bin/../lib/gcc/arm-none-eabi/8.3.1/thumb/v7-m/nofp/libgcc.a
END GROUP
                0x0000000000000000                __base_MFlash512 = 0x0
                0x0000000000000000                __base_Flash = 0x0
                0x0000000000080000                __top_MFlash512 = 0x80000
                0x0000000000080000                __top_Flash = 0x80000
                0x0000000010000000                __base_RamLoc32 = 0x10000000
                0x0000000010000000                __base_RAM = 0x10000000
                0x0000000010008000                __top_RamLoc32 = 0x10008000
                0x0000000010008000                __top_RAM = 0x10008000
                0x000000002007c000                __base_RamAHB32 = 0x2007c000
                0x000000002007c000                __base_RAM2 = 0x2007c000
                0x0000000020084000                __top_RamAHB32 = 0x20084000
                0x0000000020084000                __top_RAM2 = 0x20084000

.text           0x0000000000000000     0x2e68
 FILL mask 0xff
                0x0000000000000000                __vectors_start__ = ABSOLUTE (.)
 *(.isr_vector)
 .isr_vector    0x0000000000000000       0xcc ./my_freeRTOS_blinky_proj/src/cr_startup_lpc175x_6x.o
                0x0000000000000000                g_pfnVectors
                0x00000000000000cc                . = ALIGN (0x4)
                0x00000000000000cc                __section_table_start = .
                0x00000000000000cc                __data_section_table = .
                0x00000000000000cc        0x4 LONG 0x2e68 LOADADDR (.data)
                0x00000000000000d0        0x4 LONG 0x10000000 ADDR (.data)
                0x00000000000000d4        0x4 LONG 0x8 SIZEOF (.data)
                0x00000000000000d8        0x4 LONG 0x2e68 LOADADDR (.data_RAM2)
                0x00000000000000dc        0x4 LONG 0x2007c000 ADDR (.data_RAM2)
                0x00000000000000e0        0x4 LONG 0x0 SIZEOF (.data_RAM2)
                0x00000000000000e4                __data_section_table_end = .
                0x00000000000000e4                __bss_section_table = .
                0x00000000000000e4        0x4 LONG 0x10000008 ADDR (.bss)
                0x00000000000000e8        0x4 LONG 0x338 SIZEOF (.bss)
                0x00000000000000ec        0x4 LONG 0x2007c000 ADDR (.bss_RAM2)
                0x00000000000000f0        0x4 LONG 0x0 SIZEOF (.bss_RAM2)
                0x00000000000000f4                __bss_section_table_end = .
                0x00000000000000f4                __section_table_end = .
 *(.after_vectors*)
 .after_vectors
                0x00000000000000f4      0x12c ./my_freeRTOS_blinky_proj/src/cr_startup_lpc175x_6x.o
                0x00000000000000f4                data_init
                0x0000000000000136                bss_init
                0x000000000000016c                ResetISR
                0x00000000000001e4                NMI_Handler
                0x00000000000001ea                HardFault_Handler
                0x00000000000001f0                MemManage_Handler
                0x00000000000001f6                BusFault_Handler
                0x00000000000001fc                UsageFault_Handler
                0x0000000000000208                DebugMon_Handler
                0x000000000000021a                TIMER2_IRQHandler
                0x000000000000021a                RIT_IRQHandler
                0x000000000000021a                I2C0_IRQHandler
                0x000000000000021a                USBActivity_IRQHandler
                0x000000000000021a                PWM1_IRQHandler
                0x000000000000021a                I2C1_IRQHandler
                0x000000000000021a                EINT2_IRQHandler
                0x000000000000021a                UART1_IRQHandler
                0x000000000000021a                EINT3_IRQHandler
                0x000000000000021a                CANActivity_IRQHandler
                0x000000000000021a                TIMER3_IRQHandler
                0x000000000000021a                UART0_IRQHandler
                0x000000000000021a                IntDefaultHandler
                0x000000000000021a                PLL0_IRQHandler
                0x000000000000021a                CAN_IRQHandler
                0x000000000000021a                PLL1_IRQHandler
                0x000000000000021a                SSP0_IRQHandler
                0x000000000000021a                I2S_IRQHandler
                0x000000000000021a                I2C2_IRQHandler
                0x000000000000021a                RTC_IRQHandler
                0x000000000000021a                TIMER0_IRQHandler
                0x000000000000021a                SPI_IRQHandler
                0x000000000000021a                EINT1_IRQHandler
                0x000000000000021a                TIMER1_IRQHandler
                0x000000000000021a                UART2_IRQHandler
                0x000000000000021a                ADC_IRQHandler
                0x000000000000021a                SSP1_IRQHandler
                0x000000000000021a                USB_IRQHandler
                0x000000000000021a                BOD_IRQHandler
                0x000000000000021a                WDT_IRQHandler
                0x000000000000021a                QEI_IRQHandler
                0x000000000000021a                EINT0_IRQHandler
                0x000000000000021a                ETH_IRQHandler
                0x000000000000021a                DMA_IRQHandler
                0x000000000000021a                UART3_IRQHandler
                0x000000000000021a                MCPWM_IRQHandler
 *(.text*)
 .text.prvSetupHardware
                0x0000000000000220       0x28 ./my_freeRTOS_blinky_proj/src/freertos_countingsemaphore.o
 .text.vLEDTask1
                0x0000000000000248       0x44 ./my_freeRTOS_blinky_proj/src/freertos_countingsemaphore.o
 .text.vLEDTask2
                0x000000000000028c       0x48 ./my_freeRTOS_blinky_proj/src/freertos_countingsemaphore.o
 .text.vLEDTask3
                0x00000000000002d4       0x32 ./my_freeRTOS_blinky_proj/src/freertos_countingsemaphore.o
 *fill*         0x0000000000000306        0x2 ff
 .text.main     0x0000000000000308       0xb0 ./my_freeRTOS_blinky_proj/src/freertos_countingsemaphore.o
                0x0000000000000308                main
 .text.SystemInit
                0x00000000000003b8       0x24 ./my_freeRTOS_blinky_proj/src/sysinit.o
                0x00000000000003b8                SystemInit
 .text.vApplicationIdleHook
                0x00000000000003dc        0xe ./freertos/src/FreeRTOSCommonHooks.o
                0x00000000000003dc                vApplicationIdleHook
 .text.pvPortMalloc
                0x00000000000003ea       0x22 ./freertos/src/heap_3.o
                0x00000000000003ea                pvPortMalloc
 .text.vPortFree
                0x000000000000040c       0x24 ./freertos/src/heap_3.o
                0x000000000000040c                vPortFree
 .text.vListInitialise
                0x0000000000000430       0x3e ./freertos/src/list.o
                0x0000000000000430                vListInitialise
 .text.vListInitialiseItem
                0x000000000000046e       0x18 ./freertos/src/list.o
                0x000000000000046e                vListInitialiseItem
 .text.vListInsertEnd
                0x0000000000000486       0x46 ./freertos/src/list.o
                0x0000000000000486                vListInsertEnd
 .text.vListInsert
                0x00000000000004cc       0x70 ./freertos/src/list.o
                0x00000000000004cc                vListInsert
 .text.uxListRemove
                0x000000000000053c       0x52 ./freertos/src/list.o
                0x000000000000053c                uxListRemove
 *fill*         0x000000000000058e        0x2 ff
 .text.pxPortInitialiseStack
                0x0000000000000590       0x54 ./freertos/src/port.o
                0x0000000000000590                pxPortInitialiseStack
 .text.prvTaskExitError
                0x00000000000005e4        0xa ./freertos/src/port.o
 *fill*         0x00000000000005ee        0x2 ff
 .text.SVC_Handler
                0x00000000000005f0       0x24 ./freertos/src/port.o
                0x00000000000005f0                SVC_Handler
 .text.prvPortStartFirstTask
                0x0000000000000614       0x18 ./freertos/src/port.o
 .text.xPortStartScheduler
                0x000000000000062c       0x38 ./freertos/src/port.o
                0x000000000000062c                xPortStartScheduler
 .text.vPortYield
                0x0000000000000664       0x20 ./freertos/src/port.o
                0x0000000000000664                vPortYield
 .text.vPortEnterCritical
                0x0000000000000684       0x24 ./freertos/src/port.o
                0x0000000000000684                vPortEnterCritical
 .text.vPortExitCritical
                0x00000000000006a8       0x24 ./freertos/src/port.o
                0x00000000000006a8                vPortExitCritical
 .text.ulPortSetInterruptMask
                0x00000000000006cc       0x12 ./freertos/src/port.o
                0x00000000000006cc                ulPortSetInterruptMask
 .text.vPortClearInterruptMask
                0x00000000000006de        0x8 ./freertos/src/port.o
                0x00000000000006de                vPortClearInterruptMask
 *fill*         0x00000000000006e6        0x2 ff
 .text.PendSV_Handler
                0x00000000000006e8       0x40 ./freertos/src/port.o
                0x00000000000006e8                PendSV_Handler
 .text.SysTick_Handler
                0x0000000000000728       0x28 ./freertos/src/port.o
                0x0000000000000728                SysTick_Handler
 .text.vPortSuppressTicksAndSleep
                0x0000000000000750      0x15c ./freertos/src/port.o
                0x0000000000000750                vPortSuppressTicksAndSleep
 .text.vPortSetupTimerInterrupt
                0x00000000000008ac       0x68 ./freertos/src/port.o
                0x00000000000008ac                vPortSetupTimerInterrupt
 .text.xQueueGenericReset
                0x0000000000000914       0xa4 ./freertos/src/queue.o
                0x0000000000000914                xQueueGenericReset
 .text.xQueueGenericCreate
                0x00000000000009b8       0x78 ./freertos/src/queue.o
                0x00000000000009b8                xQueueGenericCreate
 .text.xQueueCreateCountingSemaphore
                0x0000000000000a30       0x2c ./freertos/src/queue.o
                0x0000000000000a30                xQueueCreateCountingSemaphore
 .text.xQueueGenericSend
                0x0000000000000a5c      0x110 ./freertos/src/queue.o
                0x0000000000000a5c                xQueueGenericSend
 .text.xQueueGenericReceive
                0x0000000000000b6c      0x16c ./freertos/src/queue.o
                0x0000000000000b6c                xQueueGenericReceive
 .text.prvCopyDataToQueue
                0x0000000000000cd8       0xce ./freertos/src/queue.o
 .text.prvCopyDataFromQueue
                0x0000000000000da6       0x4c ./freertos/src/queue.o
 .text.prvUnlockQueue
                0x0000000000000df2       0x98 ./freertos/src/queue.o
 .text.prvIsQueueEmpty
                0x0000000000000e8a       0x2c ./freertos/src/queue.o
 .text.prvIsQueueFull
                0x0000000000000eb6       0x30 ./freertos/src/queue.o
 *fill*         0x0000000000000ee6        0x2 ff
 .text.xTaskGenericCreate
                0x0000000000000ee8      0x140 ./freertos/src/tasks.o
                0x0000000000000ee8                xTaskGenericCreate
 .text.vTaskDelay
                0x0000000000001028       0x54 ./freertos/src/tasks.o
                0x0000000000001028                vTaskDelay
 .text.vTaskStartScheduler
                0x000000000000107c       0x58 ./freertos/src/tasks.o
                0x000000000000107c                vTaskStartScheduler
 .text.vTaskSuspendAll
                0x00000000000010d4       0x1c ./freertos/src/tasks.o
                0x00000000000010d4                vTaskSuspendAll
 .text.prvGetExpectedIdleTime
                0x00000000000010f0       0x4c ./freertos/src/tasks.o
 .text.xTaskResumeAll
                0x000000000000113c       0xfc ./freertos/src/tasks.o
                0x000000000000113c                xTaskResumeAll
 .text.vTaskStepTick
                0x0000000000001238       0x24 ./freertos/src/tasks.o
                0x0000000000001238                vTaskStepTick
 .text.xTaskIncrementTick
                0x000000000000125c      0x18c ./freertos/src/tasks.o
                0x000000000000125c                xTaskIncrementTick
 .text.vTaskSwitchContext
                0x00000000000013e8       0x98 ./freertos/src/tasks.o
                0x00000000000013e8                vTaskSwitchContext
 .text.vTaskPlaceOnEventList
                0x0000000000001480       0x60 ./freertos/src/tasks.o
                0x0000000000001480                vTaskPlaceOnEventList
 .text.xTaskRemoveFromEventList
                0x00000000000014e0       0xac ./freertos/src/tasks.o
                0x00000000000014e0                xTaskRemoveFromEventList
 .text.vTaskSetTimeOutState
                0x000000000000158c       0x2c ./freertos/src/tasks.o
                0x000000000000158c                vTaskSetTimeOutState
 .text.xTaskCheckForTimeOut
                0x00000000000015b8       0x88 ./freertos/src/tasks.o
                0x00000000000015b8                xTaskCheckForTimeOut
 .text.vTaskMissedYield
                0x0000000000001640       0x18 ./freertos/src/tasks.o
                0x0000000000001640                vTaskMissedYield
 .text.prvIdleTask
                0x0000000000001658       0x48 ./freertos/src/tasks.o
 .text.eTaskConfirmSleepModeStatus
                0x00000000000016a0       0x5c ./freertos/src/tasks.o
                0x00000000000016a0                eTaskConfirmSleepModeStatus
 .text.prvInitialiseTCBVariables
                0x00000000000016fc       0x98 ./freertos/src/tasks.o
 .text.prvInitialiseTaskLists
                0x0000000000001794       0x80 ./freertos/src/tasks.o
 .text.prvCheckTasksWaitingTermination
                0x0000000000001814       0x78 ./freertos/src/tasks.o
 .text.prvAddCurrentTaskToDelayedList
                0x000000000000188c       0x6c ./freertos/src/tasks.o
 .text.prvAllocateTCBAndStack
                0x00000000000018f8       0x62 ./freertos/src/tasks.o
 .text.prvDeleteTCB
                0x000000000000195a       0x20 ./freertos/src/tasks.o
 *fill*         0x000000000000197a        0x2 ff
 .text.xTaskGetCurrentTaskHandle
                0x000000000000197c       0x1c ./freertos/src/tasks.o
                0x000000000000197c                xTaskGetCurrentTaskHandle
 .text.vTaskPriorityInherit
                0x0000000000001998       0xb4 ./freertos/src/tasks.o
                0x0000000000001998                vTaskPriorityInherit
 .text.vTaskPriorityDisinherit
                0x0000000000001a4c       0x7c ./freertos/src/tasks.o
                0x0000000000001a4c                vTaskPriorityDisinherit
 .text.Chip_IOCON_Init
                0x0000000000001ac8       0x16 /home/navjot/Documents/MCUXpresso_11.1.1_3241/workspace/lpc_board_nxp_lpcxpresso_1769/Debug/liblpc_board_nxp_lpcxpresso_1769.a(board.o)
 .text.Chip_GPIO_Init
                0x0000000000001ade       0x16 /home/navjot/Documents/MCUXpresso_11.1.1_3241/workspace/lpc_board_nxp_lpcxpresso_1769/Debug/liblpc_board_nxp_lpcxpresso_1769.a(board.o)
 .text.Chip_GPIO_SetPinState
                0x0000000000001af4       0x64 /home/navjot/Documents/MCUXpresso_11.1.1_3241/workspace/lpc_board_nxp_lpcxpresso_1769/Debug/liblpc_board_nxp_lpcxpresso_1769.a(board.o)
 .text.Chip_GPIO_WritePortBit
                0x0000000000001b58       0x2c /home/navjot/Documents/MCUXpresso_11.1.1_3241/workspace/lpc_board_nxp_lpcxpresso_1769/Debug/liblpc_board_nxp_lpcxpresso_1769.a(board.o)
 .text.Chip_GPIO_SetPinDIROutput
                0x0000000000001b84       0x36 /home/navjot/Documents/MCUXpresso_11.1.1_3241/workspace/lpc_board_nxp_lpcxpresso_1769/Debug/liblpc_board_nxp_lpcxpresso_1769.a(board.o)
 .text.Chip_GPIO_SetPinDIRInput
                0x0000000000001bba       0x3a /home/navjot/Documents/MCUXpresso_11.1.1_3241/workspace/lpc_board_nxp_lpcxpresso_1769/Debug/liblpc_board_nxp_lpcxpresso_1769.a(board.o)
 .text.Chip_GPIO_SetPinDIR
                0x0000000000001bf4       0x42 /home/navjot/Documents/MCUXpresso_11.1.1_3241/workspace/lpc_board_nxp_lpcxpresso_1769/Debug/liblpc_board_nxp_lpcxpresso_1769.a(board.o)
 .text.Chip_GPIO_WriteDirBit
                0x0000000000001c36       0x2e /home/navjot/Documents/MCUXpresso_11.1.1_3241/workspace/lpc_board_nxp_lpcxpresso_1769/Debug/liblpc_board_nxp_lpcxpresso_1769.a(board.o)
 .text.Chip_UART_SendByte
                0x0000000000001c64       0x1c /home/navjot/Documents/MCUXpresso_11.1.1_3241/workspace/lpc_board_nxp_lpcxpresso_1769/Debug/liblpc_board_nxp_lpcxpresso_1769.a(board.o)
 .text.Chip_UART_ConfigData
                0x0000000000001c80       0x1a /home/navjot/Documents/MCUXpresso_11.1.1_3241/workspace/lpc_board_nxp_lpcxpresso_1769/Debug/liblpc_board_nxp_lpcxpresso_1769.a(board.o)
 .text.Chip_UART_ReadLineStatus
                0x0000000000001c9a       0x16 /home/navjot/Documents/MCUXpresso_11.1.1_3241/workspace/lpc_board_nxp_lpcxpresso_1769/Debug/liblpc_board_nxp_lpcxpresso_1769.a(board.o)
 .text.__sys_write
                0x0000000000001cb0       0x38 /home/navjot/Documents/MCUXpresso_11.1.1_3241/workspace/lpc_board_nxp_lpcxpresso_1769/Debug/liblpc_board_nxp_lpcxpresso_1769.a(board.o)
                0x0000000000001cb0                __sys_write
 .text.Board_LED_Init
                0x0000000000001ce8       0x30 /home/navjot/Documents/MCUXpresso_11.1.1_3241/workspace/lpc_board_nxp_lpcxpresso_1769/Debug/liblpc_board_nxp_lpcxpresso_1769.a(board.o)
 .text.Board_UART_Init
                0x0000000000001d18       0x12 /home/navjot/Documents/MCUXpresso_11.1.1_3241/workspace/lpc_board_nxp_lpcxpresso_1769/Debug/liblpc_board_nxp_lpcxpresso_1769.a(board.o)
                0x0000000000001d18                Board_UART_Init
 *fill*         0x0000000000001d2a        0x2 ff
 .text.Board_Debug_Init
                0x0000000000001d2c       0x30 /home/navjot/Documents/MCUXpresso_11.1.1_3241/workspace/lpc_board_nxp_lpcxpresso_1769/Debug/liblpc_board_nxp_lpcxpresso_1769.a(board.o)
                0x0000000000001d2c                Board_Debug_Init
 .text.Board_UARTPutChar
                0x0000000000001d5c       0x34 /home/navjot/Documents/MCUXpresso_11.1.1_3241/workspace/lpc_board_nxp_lpcxpresso_1769/Debug/liblpc_board_nxp_lpcxpresso_1769.a(board.o)
                0x0000000000001d5c                Board_UARTPutChar
 .text.Board_LED_Set
                0x0000000000001d90       0x54 /home/navjot/Documents/MCUXpresso_11.1.1_3241/workspace/lpc_board_nxp_lpcxpresso_1769/Debug/liblpc_board_nxp_lpcxpresso_1769.a(board.o)
                0x0000000000001d90                Board_LED_Set
 .text.Board_Init
                0x0000000000001de4       0x24 /home/navjot/Documents/MCUXpresso_11.1.1_3241/workspace/lpc_board_nxp_lpcxpresso_1769/Debug/liblpc_board_nxp_lpcxpresso_1769.a(board.o)
                0x0000000000001de4                Board_Init
 .text.Chip_SYSCTL_SetFLASHAccess
                0x0000000000001e08       0x30 /home/navjot/Documents/MCUXpresso_11.1.1_3241/workspace/lpc_board_nxp_lpcxpresso_1769/Debug/liblpc_board_nxp_lpcxpresso_1769.a(board_sysinit.o)
 .text.Board_SetupMuxing
                0x0000000000001e38       0x1c /home/navjot/Documents/MCUXpresso_11.1.1_3241/workspace/lpc_board_nxp_lpcxpresso_1769/Debug/liblpc_board_nxp_lpcxpresso_1769.a(board_sysinit.o)
                0x0000000000001e38                Board_SetupMuxing
 .text.Board_SetupClocking
                0x0000000000001e54       0x12 /home/navjot/Documents/MCUXpresso_11.1.1_3241/workspace/lpc_board_nxp_lpcxpresso_1769/Debug/liblpc_board_nxp_lpcxpresso_1769.a(board_sysinit.o)
                0x0000000000001e54                Board_SetupClocking
 .text.Board_SystemInit
                0x0000000000001e66       0x10 /home/navjot/Documents/MCUXpresso_11.1.1_3241/workspace/lpc_board_nxp_lpcxpresso_1769/Debug/liblpc_board_nxp_lpcxpresso_1769.a(board_sysinit.o)
                0x0000000000001e66                Board_SystemInit
 *fill*         0x0000000000001e76        0x2 ff
 .text.SystemCoreClockUpdate
                0x0000000000001e78       0x18 /home/navjot/Documents/MCUXpresso_11.1.1_3241/workspace/lpc_chip_175x_6x/Debug/liblpc_chip_175x_6x.a(chip_17xx_40xx.o)
                0x0000000000001e78                SystemCoreClockUpdate
 .text.Chip_Clock_IsMainPLLEnabled
                0x0000000000001e90       0x24 /home/navjot/Documents/MCUXpresso_11.1.1_3241/workspace/lpc_chip_175x_6x/Debug/liblpc_chip_175x_6x.a(clock_17xx_40xx.o)
 .text.Chip_Clock_IsMainPLLConnected
                0x0000000000001eb4       0x24 /home/navjot/Documents/MCUXpresso_11.1.1_3241/workspace/lpc_chip_175x_6x/Debug/liblpc_chip_175x_6x.a(clock_17xx_40xx.o)
 .text.Chip_Clock_FeedPLL
                0x0000000000001ed8       0x34 /home/navjot/Documents/MCUXpresso_11.1.1_3241/workspace/lpc_chip_175x_6x/Debug/liblpc_chip_175x_6x.a(clock_17xx_40xx.o)
 .text.Chip_Clock_GetMainPLLSource
                0x0000000000001f0c       0x20 /home/navjot/Documents/MCUXpresso_11.1.1_3241/workspace/lpc_chip_175x_6x/Debug/liblpc_chip_175x_6x.a(clock_17xx_40xx.o)
 .text.Chip_Clock_GetMainOscRate
                0x0000000000001f2c       0x14 /home/navjot/Documents/MCUXpresso_11.1.1_3241/workspace/lpc_chip_175x_6x/Debug/liblpc_chip_175x_6x.a(clock_17xx_40xx.o)
 .text.Chip_Clock_GetIntOscRate
                0x0000000000001f40       0x14 /home/navjot/Documents/MCUXpresso_11.1.1_3241/workspace/lpc_chip_175x_6x/Debug/liblpc_chip_175x_6x.a(clock_17xx_40xx.o)
 .text.Chip_Clock_GetRTCOscRate
                0x0000000000001f54       0x14 /home/navjot/Documents/MCUXpresso_11.1.1_3241/workspace/lpc_chip_175x_6x/Debug/liblpc_chip_175x_6x.a(clock_17xx_40xx.o)
 .text.Chip_Clock_GetMainPLLInClockRate
                0x0000000000001f68        0xe /home/navjot/Documents/MCUXpresso_11.1.1_3241/workspace/lpc_chip_175x_6x/Debug/liblpc_chip_175x_6x.a(clock_17xx_40xx.o)
 *fill*         0x0000000000001f76        0x2 ff
 .text.Chip_Clock_EnablePLL
                0x0000000000001f78       0x44 /home/navjot/Documents/MCUXpresso_11.1.1_3241/workspace/lpc_chip_175x_6x/Debug/liblpc_chip_175x_6x.a(clock_17xx_40xx.o)
                0x0000000000001f78                Chip_Clock_EnablePLL
 .text.Chip_Clock_DisablePLL
                0x0000000000001fbc       0x48 /home/navjot/Documents/MCUXpresso_11.1.1_3241/workspace/lpc_chip_175x_6x/Debug/liblpc_chip_175x_6x.a(clock_17xx_40xx.o)
                0x0000000000001fbc                Chip_Clock_DisablePLL
 .text.Chip_Clock_SetupPLL
                0x0000000000002004       0x5c /home/navjot/Documents/MCUXpresso_11.1.1_3241/workspace/lpc_chip_175x_6x/Debug/liblpc_chip_175x_6x.a(clock_17xx_40xx.o)
                0x0000000000002004                Chip_Clock_SetupPLL
 .text.Chip_Clock_EnablePeriphClock
                0x0000000000002060       0x34 /home/navjot/Documents/MCUXpresso_11.1.1_3241/workspace/lpc_chip_175x_6x/Debug/liblpc_chip_175x_6x.a(clock_17xx_40xx.o)
                0x0000000000002060                Chip_Clock_EnablePeriphClock
 .text.Chip_Clock_GetCPUClockSource
                0x0000000000002094       0x24 /home/navjot/Documents/MCUXpresso_11.1.1_3241/workspace/lpc_chip_175x_6x/Debug/liblpc_chip_175x_6x.a(clock_17xx_40xx.o)
                0x0000000000002094                Chip_Clock_GetCPUClockSource
 .text.Chip_Clock_SetCPUClockDiv
                0x00000000000020b8       0x20 /home/navjot/Documents/MCUXpresso_11.1.1_3241/workspace/lpc_chip_175x_6x/Debug/liblpc_chip_175x_6x.a(clock_17xx_40xx.o)
                0x00000000000020b8                Chip_Clock_SetCPUClockDiv
 .text.Chip_Clock_GetCPUClockDiv
                0x00000000000020d8       0x1c /home/navjot/Documents/MCUXpresso_11.1.1_3241/workspace/lpc_chip_175x_6x/Debug/liblpc_chip_175x_6x.a(clock_17xx_40xx.o)
                0x00000000000020d8                Chip_Clock_GetCPUClockDiv
 .text.Chip_Clock_GetPCLKDiv
                0x00000000000020f4       0x8c /home/navjot/Documents/MCUXpresso_11.1.1_3241/workspace/lpc_chip_175x_6x/Debug/liblpc_chip_175x_6x.a(clock_17xx_40xx.o)
                0x00000000000020f4                Chip_Clock_GetPCLKDiv
 .text.Chip_Clock_GetSYSCLKRate
                0x0000000000002180       0x34 /home/navjot/Documents/MCUXpresso_11.1.1_3241/workspace/lpc_chip_175x_6x/Debug/liblpc_chip_175x_6x.a(clock_17xx_40xx.o)
                0x0000000000002180                Chip_Clock_GetSYSCLKRate
 .text.Chip_Clock_GetMainPLLOutClockRate
                0x00000000000021b4       0x54 /home/navjot/Documents/MCUXpresso_11.1.1_3241/workspace/lpc_chip_175x_6x/Debug/liblpc_chip_175x_6x.a(clock_17xx_40xx.o)
                0x00000000000021b4                Chip_Clock_GetMainPLLOutClockRate
 .text.Chip_Clock_GetMainClockRate
                0x0000000000002208       0x28 /home/navjot/Documents/MCUXpresso_11.1.1_3241/workspace/lpc_chip_175x_6x/Debug/liblpc_chip_175x_6x.a(clock_17xx_40xx.o)
                0x0000000000002208                Chip_Clock_GetMainClockRate
 .text.Chip_Clock_GetSystemClockRate
                0x0000000000002230       0x18 /home/navjot/Documents/MCUXpresso_11.1.1_3241/workspace/lpc_chip_175x_6x/Debug/liblpc_chip_175x_6x.a(clock_17xx_40xx.o)
                0x0000000000002230                Chip_Clock_GetSystemClockRate
 .text.Chip_Clock_GetPeripheralClockRate
                0x0000000000002248       0x26 /home/navjot/Documents/MCUXpresso_11.1.1_3241/workspace/lpc_chip_175x_6x/Debug/liblpc_chip_175x_6x.a(clock_17xx_40xx.o)
                0x0000000000002248                Chip_Clock_GetPeripheralClockRate
 .text.Chip_IOCON_PinMuxSet
                0x000000000000226e       0x36 /home/navjot/Documents/MCUXpresso_11.1.1_3241/workspace/lpc_chip_175x_6x/Debug/liblpc_chip_175x_6x.a(iocon_17xx_40xx.o)
                0x000000000000226e                Chip_IOCON_PinMuxSet
 .text.Chip_IOCON_PinMux
                0x00000000000022a4       0x94 /home/navjot/Documents/MCUXpresso_11.1.1_3241/workspace/lpc_chip_175x_6x/Debug/liblpc_chip_175x_6x.a(iocon_17xx_40xx.o)
                0x00000000000022a4                Chip_IOCON_PinMux
 .text.Chip_IOCON_SetPinMuxing
                0x0000000000002338       0x62 /home/navjot/Documents/MCUXpresso_11.1.1_3241/workspace/lpc_chip_175x_6x/Debug/liblpc_chip_175x_6x.a(iocon_17xx_40xx.o)
                0x0000000000002338                Chip_IOCON_SetPinMuxing
 *fill*         0x000000000000239a        0x2 ff
 .text.Chip_Clock_IsMainPLLEnabled
                0x000000000000239c       0x24 /home/navjot/Documents/MCUXpresso_11.1.1_3241/workspace/lpc_chip_175x_6x/Debug/liblpc_chip_175x_6x.a(sysinit_17xx_40xx.o)
 .text.Chip_Clock_IsMainPLLLocked
                0x00000000000023c0       0x24 /home/navjot/Documents/MCUXpresso_11.1.1_3241/workspace/lpc_chip_175x_6x/Debug/liblpc_chip_175x_6x.a(sysinit_17xx_40xx.o)
 .text.Chip_Clock_IsMainPLLConnected
                0x00000000000023e4       0x24 /home/navjot/Documents/MCUXpresso_11.1.1_3241/workspace/lpc_chip_175x_6x/Debug/liblpc_chip_175x_6x.a(sysinit_17xx_40xx.o)
 .text.Chip_Clock_EnableCrystal
                0x0000000000002408       0x20 /home/navjot/Documents/MCUXpresso_11.1.1_3241/workspace/lpc_chip_175x_6x/Debug/liblpc_chip_175x_6x.a(sysinit_17xx_40xx.o)
 .text.Chip_Clock_IsCrystalEnabled
                0x0000000000002428       0x24 /home/navjot/Documents/MCUXpresso_11.1.1_3241/workspace/lpc_chip_175x_6x/Debug/liblpc_chip_175x_6x.a(sysinit_17xx_40xx.o)
 .text.Chip_Clock_SetMainPLLSource
                0x000000000000244c       0x20 /home/navjot/Documents/MCUXpresso_11.1.1_3241/workspace/lpc_chip_175x_6x/Debug/liblpc_chip_175x_6x.a(sysinit_17xx_40xx.o)
 .text.Chip_SetupXtalClocking
                0x000000000000246c       0x90 /home/navjot/Documents/MCUXpresso_11.1.1_3241/workspace/lpc_chip_175x_6x/Debug/liblpc_chip_175x_6x.a(sysinit_17xx_40xx.o)
                0x000000000000246c                Chip_SetupXtalClocking
 .text.Chip_UART_SetupFIFOS
                0x00000000000024fc       0x1a /home/navjot/Documents/MCUXpresso_11.1.1_3241/workspace/lpc_chip_175x_6x/Debug/liblpc_chip_175x_6x.a(uart_17xx_40xx.o)
 .text.Chip_UART_ConfigData
                0x0000000000002516       0x1a /home/navjot/Documents/MCUXpresso_11.1.1_3241/workspace/lpc_chip_175x_6x/Debug/liblpc_chip_175x_6x.a(uart_17xx_40xx.o)
 .text.Chip_UART_EnableDivisorAccess
                0x0000000000002530       0x1e /home/navjot/Documents/MCUXpresso_11.1.1_3241/workspace/lpc_chip_175x_6x/Debug/liblpc_chip_175x_6x.a(uart_17xx_40xx.o)
 .text.Chip_UART_DisableDivisorAccess
                0x000000000000254e       0x1e /home/navjot/Documents/MCUXpresso_11.1.1_3241/workspace/lpc_chip_175x_6x/Debug/liblpc_chip_175x_6x.a(uart_17xx_40xx.o)
 .text.Chip_UART_SetDivisorLatches
                0x000000000000256c       0x26 /home/navjot/Documents/MCUXpresso_11.1.1_3241/workspace/lpc_chip_175x_6x/Debug/liblpc_chip_175x_6x.a(uart_17xx_40xx.o)
 *fill*         0x0000000000002592        0x2 ff
 .text.Chip_UART_GetClockIndex
                0x0000000000002594       0x50 /home/navjot/Documents/MCUXpresso_11.1.1_3241/workspace/lpc_chip_175x_6x/Debug/liblpc_chip_175x_6x.a(uart_17xx_40xx.o)
 .text.Chip_UART_GetClkIndex
                0x00000000000025e4       0x50 /home/navjot/Documents/MCUXpresso_11.1.1_3241/workspace/lpc_chip_175x_6x/Debug/liblpc_chip_175x_6x.a(uart_17xx_40xx.o)
 .text.Chip_UART_Init
                0x0000000000002634       0x78 /home/navjot/Documents/MCUXpresso_11.1.1_3241/workspace/lpc_chip_175x_6x/Debug/liblpc_chip_175x_6x.a(uart_17xx_40xx.o)
                0x0000000000002634                Chip_UART_Init
 .text.Chip_UART_TXEnable
                0x00000000000026ac       0x18 /home/navjot/Documents/MCUXpresso_11.1.1_3241/workspace/lpc_chip_175x_6x/Debug/liblpc_chip_175x_6x.a(uart_17xx_40xx.o)
                0x00000000000026ac                Chip_UART_TXEnable
 .text.Chip_UART_TXDisable
                0x00000000000026c4       0x18 /home/navjot/Documents/MCUXpresso_11.1.1_3241/workspace/lpc_chip_175x_6x/Debug/liblpc_chip_175x_6x.a(uart_17xx_40xx.o)
                0x00000000000026c4                Chip_UART_TXDisable
 .text.Chip_UART_SetBaud
                0x00000000000026dc       0x62 /home/navjot/Documents/MCUXpresso_11.1.1_3241/workspace/lpc_chip_175x_6x/Debug/liblpc_chip_175x_6x.a(uart_17xx_40xx.o)
                0x00000000000026dc                Chip_UART_SetBaud
 .text.__main   0x000000000000273e        0xe /usr/local/mcuxpressoide-11.1.1_3241/ide/plugins/com.nxp.mcuxpresso.tools.linux_11.1.0.202001081728/tools/bin/../lib/gcc/arm-none-eabi/8.3.1/../../../../arm-none-eabi/lib/thumb/v7-m/nofp/libcr_nohost.a(_cr__main.o)
                0x000000000000273e                __main
 .text.memcpy   0x000000000000274c        0x4 /usr/local/mcuxpressoide-11.1.1_3241/ide/plugins/com.nxp.mcuxpresso.tools.linux_11.1.0.202001081728/tools/bin/../lib/gcc/arm-none-eabi/8.3.1/../../../../arm-none-eabi/lib/thumb/v7-m/nofp/libcr_c.a(memcpy.o)
                0x000000000000274c                memcpy
 .text.memset   0x0000000000002750        0x4 /usr/local/mcuxpressoide-11.1.1_3241/ide/plugins/com.nxp.mcuxpresso.tools.linux_11.1.0.202001081728/tools/bin/../lib/gcc/arm-none-eabi/8.3.1/../../../../arm-none-eabi/lib/thumb/v7-m/nofp/libcr_c.a(memset.o)
                0x0000000000002750                memset
 .text.malloc   0x0000000000002754       0xc8 /usr/local/mcuxpressoide-11.1.1_3241/ide/plugins/com.nxp.mcuxpresso.tools.linux_11.1.0.202001081728/tools/bin/../lib/gcc/arm-none-eabi/8.3.1/../../../../arm-none-eabi/lib/thumb/v7-m/nofp/libcr_c.a(alloc.o)
                0x0000000000002754                malloc
 .text.free     0x000000000000281c       0x30 /usr/local/mcuxpressoide-11.1.1_3241/ide/plugins/com.nxp.mcuxpresso.tools.linux_11.1.0.202001081728/tools/bin/../lib/gcc/arm-none-eabi/8.3.1/../../../../arm-none-eabi/lib/thumb/v7-m/nofp/libcr_c.a(alloc.o)
                0x000000000000281c                free
 .text._initio  0x000000000000284c       0x78 /usr/local/mcuxpressoide-11.1.1_3241/ide/plugins/com.nxp.mcuxpresso.tools.linux_11.1.0.202001081728/tools/bin/../lib/gcc/arm-none-eabi/8.3.1/../../../../arm-none-eabi/lib/thumb/v7-m/nofp/libcr_c.a(initio.o)
                0x000000000000284c                _initio
 .text.setvbuf  0x00000000000028c4       0x40 /usr/local/mcuxpressoide-11.1.1_3241/ide/plugins/com.nxp.mcuxpresso.tools.linux_11.1.0.202001081728/tools/bin/../lib/gcc/arm-none-eabi/8.3.1/../../../../arm-none-eabi/lib/thumb/v7-m/nofp/libcr_c.a(setvbuf.o)
                0x00000000000028c4                setvbuf
 .text.strlen   0x0000000000002904       0x4c /usr/local/mcuxpressoide-11.1.1_3241/ide/plugins/com.nxp.mcuxpresso.tools.linux_11.1.0.202001081728/tools/bin/../lib/gcc/arm-none-eabi/8.3.1/../../../../arm-none-eabi/lib/thumb/v7-m/nofp/libcr_c.a(strlen.o)
                0x0000000000002904                strlen
 .text._sbrk    0x0000000000002950       0x3c /usr/local/mcuxpressoide-11.1.1_3241/ide/plugins/com.nxp.mcuxpresso.tools.linux_11.1.0.202001081728/tools/bin/../lib/gcc/arm-none-eabi/8.3.1/../../../../arm-none-eabi/lib/thumb/v7-m/nofp/libcr_c.a(_cr_sbrk.o)
                0x0000000000002950                _sbrk
 .text._deferredlazyseek
                0x000000000000298c       0x40 /usr/local/mcuxpressoide-11.1.1_3241/ide/plugins/com.nxp.mcuxpresso.tools.linux_11.1.0.202001081728/tools/bin/../lib/gcc/arm-none-eabi/8.3.1/../../../../arm-none-eabi/lib/thumb/v7-m/nofp/libcr_c.a(_deferredlazyseek.o)
                0x000000000000298c                _deferredlazyseek
 .text._fdopen  0x00000000000029cc       0x68 /usr/local/mcuxpressoide-11.1.1_3241/ide/plugins/com.nxp.mcuxpresso.tools.linux_11.1.0.202001081728/tools/bin/../lib/gcc/arm-none-eabi/8.3.1/../../../../arm-none-eabi/lib/thumb/v7-m/nofp/libcr_c.a(_fdopen.o)
                0x00000000000029cc                _fdopen
 .text._fflush  0x0000000000002a34       0x52 /usr/local/mcuxpressoide-11.1.1_3241/ide/plugins/com.nxp.mcuxpresso.tools.linux_11.1.0.202001081728/tools/bin/../lib/gcc/arm-none-eabi/8.3.1/../../../../arm-none-eabi/lib/thumb/v7-m/nofp/libcr_c.a(_fflush.o)
                0x0000000000002a34                _fflush
 *fill*         0x0000000000002a86        0x2 ff
 .text._Cwritebuf
                0x0000000000002a88       0x6c /usr/local/mcuxpressoide-11.1.1_3241/ide/plugins/com.nxp.mcuxpresso.tools.linux_11.1.0.202001081728/tools/bin/../lib/gcc/arm-none-eabi/8.3.1/../../../../arm-none-eabi/lib/thumb/v7-m/nofp/libcr_c.a(_writebuf.o)
                0x0000000000002a88                _Cwritebuf
 .text.fclose   0x0000000000002af4       0x58 /usr/local/mcuxpressoide-11.1.1_3241/ide/plugins/com.nxp.mcuxpresso.tools.linux_11.1.0.202001081728/tools/bin/../lib/gcc/arm-none-eabi/8.3.1/../../../../arm-none-eabi/lib/thumb/v7-m/nofp/libcr_c.a(fclose.o)
                0x0000000000002af4                fclose
 .text.fflush   0x0000000000002b4c       0x44 /usr/local/mcuxpressoide-11.1.1_3241/ide/plugins/com.nxp.mcuxpresso.tools.linux_11.1.0.202001081728/tools/bin/../lib/gcc/arm-none-eabi/8.3.1/../../../../arm-none-eabi/lib/thumb/v7-m/nofp/libcr_c.a(fflush.o)
                0x0000000000002b4c                fflush
 .text.fseek    0x0000000000002b90      0x100 /usr/local/mcuxpressoide-11.1.1_3241/ide/plugins/com.nxp.mcuxpresso.tools.linux_11.1.0.202001081728/tools/bin/../lib/gcc/arm-none-eabi/8.3.1/../../../../arm-none-eabi/lib/thumb/v7-m/nofp/libcr_c.a(fseek.o)
                0x0000000000002b90                fseek
 .text.ftell    0x0000000000002c90       0x48 /usr/local/mcuxpressoide-11.1.1_3241/ide/plugins/com.nxp.mcuxpresso.tools.linux_11.1.0.202001081728/tools/bin/../lib/gcc/arm-none-eabi/8.3.1/../../../../arm-none-eabi/lib/thumb/v7-m/nofp/libcr_c.a(ftell.o)
                0x0000000000002c90                ftell
 .text.remove   0x0000000000002cd8       0x14 /usr/local/mcuxpressoide-11.1.1_3241/ide/plugins/com.nxp.mcuxpresso.tools.linux_11.1.0.202001081728/tools/bin/../lib/gcc/arm-none-eabi/8.3.1/../../../../arm-none-eabi/lib/thumb/v7-m/nofp/libcr_c.a(remove.o)
                0x0000000000002cd8                remove
 .text.__check_heap_overflow
                0x0000000000002cec       0x18 /usr/local/mcuxpressoide-11.1.1_3241/ide/plugins/com.nxp.mcuxpresso.tools.linux_11.1.0.202001081728/tools/bin/../lib/gcc/arm-none-eabi/8.3.1/../../../../arm-none-eabi/lib/thumb/v7-m/nofp/libcr_c.a(_cr_check_heap.o)
                0x0000000000002cec                __check_heap_overflow
 .text._do_fflush
                0x0000000000002d04       0x40 /usr/local/mcuxpressoide-11.1.1_3241/ide/plugins/com.nxp.mcuxpresso.tools.linux_11.1.0.202001081728/tools/bin/../lib/gcc/arm-none-eabi/8.3.1/../../../../arm-none-eabi/lib/thumb/v7-m/nofp/libcr_c.a(_do_fflush.o)
                0x0000000000002d04                _do_fflush
 .text.__aeabi_memcpy
                0x0000000000002d44       0x34 /usr/local/mcuxpressoide-11.1.1_3241/ide/plugins/com.nxp.mcuxpresso.tools.linux_11.1.0.202001081728/tools/bin/../lib/gcc/arm-none-eabi/8.3.1/thumb/v7-m/nofp/libcr_eabihelpers.a(memcpy.o)
                0x0000000000002d44                __aeabi_memcpy
                0x0000000000002d4e                __aeabi_memcpy4
                0x0000000000002d4e                __aeabi_memcpy8
 .text.__aeabi_memset_lowlevel
                0x0000000000002d78       0x32 /usr/local/mcuxpressoide-11.1.1_3241/ide/plugins/com.nxp.mcuxpresso.tools.linux_11.1.0.202001081728/tools/bin/../lib/gcc/arm-none-eabi/8.3.1/thumb/v7-m/nofp/libcr_eabihelpers.a(memcpy.o)
                0x0000000000002d78                __aeabi_lowlevel_memset
 .text.__sys_close
                0x0000000000002daa        0x6 /usr/local/mcuxpressoide-11.1.1_3241/ide/plugins/com.nxp.mcuxpresso.tools.linux_11.1.0.202001081728/tools/bin/../lib/gcc/arm-none-eabi/8.3.1/../../../../arm-none-eabi/lib/thumb/v7-m/nofp/libcr_nohost.a(__sys_close.o)
                0x0000000000002daa                __sys_close
 .text.__sys_flen
                0x0000000000002db0        0x6 /usr/local/mcuxpressoide-11.1.1_3241/ide/plugins/com.nxp.mcuxpresso.tools.linux_11.1.0.202001081728/tools/bin/../lib/gcc/arm-none-eabi/8.3.1/../../../../arm-none-eabi/lib/thumb/v7-m/nofp/libcr_nohost.a(__sys_flen.o)
                0x0000000000002db0                __sys_flen
 .text.__sys_istty
                0x0000000000002db6        0x6 /usr/local/mcuxpressoide-11.1.1_3241/ide/plugins/com.nxp.mcuxpresso.tools.linux_11.1.0.202001081728/tools/bin/../lib/gcc/arm-none-eabi/8.3.1/../../../../arm-none-eabi/lib/thumb/v7-m/nofp/libcr_nohost.a(__sys_istty.o)
                0x0000000000002db6                __sys_istty
 .text.__sys_remove
                0x0000000000002dbc        0x6 /usr/local/mcuxpressoide-11.1.1_3241/ide/plugins/com.nxp.mcuxpresso.tools.linux_11.1.0.202001081728/tools/bin/../lib/gcc/arm-none-eabi/8.3.1/../../../../arm-none-eabi/lib/thumb/v7-m/nofp/libcr_nohost.a(__sys_remove.o)
                0x0000000000002dbc                __sys_remove
 .text.__sys_seek
                0x0000000000002dc2        0x6 /usr/local/mcuxpressoide-11.1.1_3241/ide/plugins/com.nxp.mcuxpresso.tools.linux_11.1.0.202001081728/tools/bin/../lib/gcc/arm-none-eabi/8.3.1/../../../../arm-none-eabi/lib/thumb/v7-m/nofp/libcr_nohost.a(__sys_seek.o)
                0x0000000000002dc2                __sys_seek
 .text.__sys_tmpnam
                0x0000000000002dc8        0x6 /usr/local/mcuxpressoide-11.1.1_3241/ide/plugins/com.nxp.mcuxpresso.tools.linux_11.1.0.202001081728/tools/bin/../lib/gcc/arm-none-eabi/8.3.1/../../../../arm-none-eabi/lib/thumb/v7-m/nofp/libcr_nohost.a(__sys_tmpnam.o)
                0x0000000000002dc8                __sys_tmpnam
 */tasks.o(.rodata*)
 *fill*         0x0000000000002dce        0x2 ff
 .rodata.vTaskStartScheduler.str1.4
                0x0000000000002dd0        0x8 ./freertos/src/tasks.o
                                          0x5 (size before relaxing)
 *(.rodata .rodata.* .constdata .constdata.*)
 .rodata.main.str1.4
                0x0000000000002dd8       0x22 ./my_freeRTOS_blinky_proj/src/freertos_countingsemaphore.o
 *fill*         0x0000000000002dfa        0x2 ff
 .rodata.OscRateIn
                0x0000000000002dfc        0x4 /home/navjot/Documents/MCUXpresso_11.1.1_3241/workspace/lpc_board_nxp_lpcxpresso_1769/Debug/liblpc_board_nxp_lpcxpresso_1769.a(board.o)
                0x0000000000002dfc                OscRateIn
 .rodata.RTCOscRateIn
                0x0000000000002e00        0x4 /home/navjot/Documents/MCUXpresso_11.1.1_3241/workspace/lpc_board_nxp_lpcxpresso_1769/Debug/liblpc_board_nxp_lpcxpresso_1769.a(board.o)
                0x0000000000002e00                RTCOscRateIn
 .rodata.pinmuxing
                0x0000000000002e04       0x5c /home/navjot/Documents/MCUXpresso_11.1.1_3241/workspace/lpc_board_nxp_lpcxpresso_1769/Debug/liblpc_board_nxp_lpcxpresso_1769.a(board_sysinit.o)
 .rodata._initio.str1.1
                0x0000000000002e60        0x4 /usr/local/mcuxpressoide-11.1.1_3241/ide/plugins/com.nxp.mcuxpresso.tools.linux_11.1.0.202001081728/tools/bin/../lib/gcc/arm-none-eabi/8.3.1/../../../../arm-none-eabi/lib/thumb/v7-m/nofp/libcr_c.a(initio.o)
 .rodata.__num_Ciob_streams
                0x0000000000002e64        0x4 /usr/local/mcuxpressoide-11.1.1_3241/ide/plugins/com.nxp.mcuxpresso.tools.linux_11.1.0.202001081728/tools/bin/../lib/gcc/arm-none-eabi/8.3.1/../../../../arm-none-eabi/lib/thumb/v7-m/nofp/libcr_nohost.a(__ciob.o)
                0x0000000000002e64                __num_Ciob_streams
                0x0000000000002e68                . = ALIGN (0x4)

.glue_7         0x0000000000002e68        0x0
 .glue_7        0x0000000000002e68        0x0 linker stubs

.glue_7t        0x0000000000002e68        0x0
 .glue_7t       0x0000000000002e68        0x0 linker stubs

.vfp11_veneer   0x0000000000002e68        0x0
 .vfp11_veneer  0x0000000000002e68        0x0 linker stubs

.v4_bx          0x0000000000002e68        0x0
 .v4_bx         0x0000000000002e68        0x0 linker stubs

.iplt           0x0000000000002e68        0x0
 .iplt          0x0000000000002e68        0x0 ./my_freeRTOS_blinky_proj/src/cr_startup_lpc175x_6x.o

.rel.dyn        0x0000000000002e68        0x0
 .rel.iplt      0x0000000000002e68        0x0 ./my_freeRTOS_blinky_proj/src/cr_startup_lpc175x_6x.o

.ARM.extab
 *(.ARM.extab* .gnu.linkonce.armextab.*)

.ARM.exidx      0x0000000000002e68        0x0
                0x0000000000002e68                __exidx_start = .
 *(.ARM.exidx* .gnu.linkonce.armexidx.*)
                0x0000000000002e68                __exidx_end = .
                0x0000000000002e68                _etext = .

.data_RAM2      0x000000002007c000        0x0 load address 0x0000000000002e68
 FILL mask 0xff
                [!provide]                        PROVIDE (__start_data_RAM2 = .)
                [!provide]                        PROVIDE (__start_data_RamAHB32 = .)
 *(.ramfunc.$RAM2)
 *(.ramfunc.$RamAHB32)
 *(.data.$RAM2)
 *(.data.$RamAHB32)
 *(.data.$RAM2.*)
 *(.data.$RamAHB32.*)
                0x000000002007c000                . = ALIGN (0x4)
                [!provide]                        PROVIDE (__end_data_RAM2 = .)
                [!provide]                        PROVIDE (__end_data_RamAHB32 = .)

.uninit_RESERVED
                0x0000000010000000        0x0
                0x0000000010000000                _start_uninit_RESERVED = .
 *(.bss.$RESERVED*)
                0x0000000010000000                . = ALIGN (0x4)
                0x0000000010000000                _end_uninit_RESERVED = .

.data           0x0000000010000000        0x8 load address 0x0000000000002e68
 FILL mask 0xff
                0x0000000010000000                _data = .
                [!provide]                        PROVIDE (__start_data_RAM = .)
                [!provide]                        PROVIDE (__start_data_RamLoc32 = .)
 *(vtable)
 *(.ramfunc*)
 *(CodeQuickAccess)
 *(DataQuickAccess)
 *(RamFunction)
 *(.data*)
 .data.uxCriticalNesting
                0x0000000010000000        0x4 ./freertos/src/port.o
 .data.xNextTaskUnblockTime
                0x0000000010000004        0x4 ./freertos/src/tasks.o
                0x0000000010000008                . = ALIGN (0x4)
                0x0000000010000008                _edata = .
                [!provide]                        PROVIDE (__end_data_RAM = .)
                [!provide]                        PROVIDE (__end_data_RamLoc32 = .)

.igot.plt       0x0000000010000008        0x0 load address 0x0000000000002e70
 .igot.plt      0x0000000010000008        0x0 ./my_freeRTOS_blinky_proj/src/cr_startup_lpc175x_6x.o

.bss_RAM2       0x000000002007c000        0x0
                [!provide]                        PROVIDE (__start_bss_RAM2 = .)
                [!provide]                        PROVIDE (__start_bss_RamAHB32 = .)
 *(.bss.$RAM2)
 *(.bss.$RamAHB32)
 *(.bss.$RAM2.*)
 *(.bss.$RamAHB32.*)
                0x000000002007c000                . = ALIGN ((. != 0x0)?0x4:0x1)
                [!provide]                        PROVIDE (__end_bss_RAM2 = .)
                [!provide]                        PROVIDE (__end_bss_RamAHB32 = .)

.bss            0x0000000010000008      0x338
                0x0000000010000008                _bss = .
                [!provide]                        PROVIDE (__start_bss_RAM = .)
                [!provide]                        PROVIDE (__start_bss_RamLoc32 = .)
 *(.bss*)
 .bss.handle_semaphore
                0x0000000010000008        0x4 ./my_freeRTOS_blinky_proj/src/freertos_countingsemaphore.o
                0x0000000010000008                handle_semaphore
 .bss.ulTimerCountsForOneTick
                0x000000001000000c        0x4 ./freertos/src/port.o
 .bss.xMaximumPossibleSuppressedTicks
                0x0000000010000010        0x4 ./freertos/src/port.o
 .bss.ulStoppedTimerCompensation
                0x0000000010000014        0x4 ./freertos/src/port.o
 .bss.pxCurrentTCB
                0x0000000010000018        0x4 ./freertos/src/tasks.o
                0x0000000010000018                pxCurrentTCB
 .bss.pxReadyTasksLists
                0x000000001000001c       0xa0 ./freertos/src/tasks.o
 .bss.xDelayedTaskList1
                0x00000000100000bc       0x14 ./freertos/src/tasks.o
 .bss.xDelayedTaskList2
                0x00000000100000d0       0x14 ./freertos/src/tasks.o
 .bss.pxDelayedTaskList
                0x00000000100000e4        0x4 ./freertos/src/tasks.o
 .bss.pxOverflowDelayedTaskList
                0x00000000100000e8        0x4 ./freertos/src/tasks.o
 .bss.xPendingReadyList
                0x00000000100000ec       0x14 ./freertos/src/tasks.o
 .bss.xTasksWaitingTermination
                0x0000000010000100       0x14 ./freertos/src/tasks.o
 .bss.uxTasksDeleted
                0x0000000010000114        0x4 ./freertos/src/tasks.o
 .bss.xSuspendedTaskList
                0x0000000010000118       0x14 ./freertos/src/tasks.o
 .bss.uxCurrentNumberOfTasks
                0x000000001000012c        0x4 ./freertos/src/tasks.o
 .bss.xTickCount
                0x0000000010000130        0x4 ./freertos/src/tasks.o
 .bss.uxTopReadyPriority
                0x0000000010000134        0x4 ./freertos/src/tasks.o
 .bss.xSchedulerRunning
                0x0000000010000138        0x4 ./freertos/src/tasks.o
 .bss.uxSchedulerSuspended
                0x000000001000013c        0x4 ./freertos/src/tasks.o
 .bss.uxPendedTicks
                0x0000000010000140        0x4 ./freertos/src/tasks.o
 .bss.xYieldPending
                0x0000000010000144        0x4 ./freertos/src/tasks.o
 .bss.xNumOfOverflows
                0x0000000010000148        0x4 ./freertos/src/tasks.o
 .bss.uxTaskNumber
                0x000000001000014c        0x4 ./freertos/src/tasks.o
 .bss.__end_of_heap
                0x0000000010000150        0x4 /usr/local/mcuxpressoide-11.1.1_3241/ide/plugins/com.nxp.mcuxpresso.tools.linux_11.1.0.202001081728/tools/bin/../lib/gcc/arm-none-eabi/8.3.1/../../../../arm-none-eabi/lib/thumb/v7-m/nofp/libcr_c.a(__init_alloc.o)
                0x0000000010000150                __end_of_heap
 .bss.__heaps   0x0000000010000154        0x4 /usr/local/mcuxpressoide-11.1.1_3241/ide/plugins/com.nxp.mcuxpresso.tools.linux_11.1.0.202001081728/tools/bin/../lib/gcc/arm-none-eabi/8.3.1/../../../../arm-none-eabi/lib/thumb/v7-m/nofp/libcr_c.a(__init_alloc.o)
                0x0000000010000154                __heaps
 .bss.errno     0x0000000010000158        0x4 /usr/local/mcuxpressoide-11.1.1_3241/ide/plugins/com.nxp.mcuxpresso.tools.linux_11.1.0.202001081728/tools/bin/../lib/gcc/arm-none-eabi/8.3.1/../../../../arm-none-eabi/lib/thumb/v7-m/nofp/libcr_c.a(errno.o)
                0x0000000010000158                errno
 .bss.__Ciob    0x000000001000015c      0x1e0 /usr/local/mcuxpressoide-11.1.1_3241/ide/plugins/com.nxp.mcuxpresso.tools.linux_11.1.0.202001081728/tools/bin/../lib/gcc/arm-none-eabi/8.3.1/../../../../arm-none-eabi/lib/thumb/v7-m/nofp/libcr_nohost.a(__ciob.o)
                0x000000001000015c                __Ciob
 *(COMMON)
 COMMON         0x000000001000033c        0x4 /home/navjot/Documents/MCUXpresso_11.1.1_3241/workspace/lpc_chip_175x_6x/Debug/liblpc_chip_175x_6x.a(chip_17xx_40xx.o)
                0x000000001000033c                SystemCoreClock
                0x0000000010000340                . = ALIGN (0x4)
                0x0000000010000340                _ebss = .
                [!provide]                        PROVIDE (__end_bss_RAM = .)
                [!provide]                        PROVIDE (__end_bss_RamLoc32 = .)
                [!provide]                        PROVIDE (end = .)

.noinit_RAM2    0x000000002007c000        0x0
                [!provide]                        PROVIDE (__start_noinit_RAM2 = .)
                [!provide]                        PROVIDE (__start_noinit_RamAHB32 = .)
 *(.noinit.$RAM2)
 *(.noinit.$RamAHB32)
 *(.noinit.$RAM2.*)
 *(.noinit.$RamAHB32.*)
                0x000000002007c000                . = ALIGN (0x4)
                [!provide]                        PROVIDE (__end_noinit_RAM2 = .)
                [!provide]                        PROVIDE (__end_noinit_RamAHB32 = .)

.noinit         0x0000000010000340        0x0
                0x0000000010000340                _noinit = .
                [!provide]                        PROVIDE (__start_noinit_RAM = .)
                [!provide]                        PROVIDE (__start_noinit_RamLoc32 = .)
 *(.noinit*)
                0x0000000010000340                . = ALIGN (0x4)
                0x0000000010000340                _end_noinit = .
                [!provide]                        PROVIDE (__end_noinit_RAM = .)
                [!provide]                        PROVIDE (__end_noinit_RamLoc32 = .)
                0x0000000010000340                PROVIDE (_pvHeapStart = DEFINED (__user_heap_base)?__user_heap_base:.)
                0x0000000010008000                PROVIDE (_vStackTop = DEFINED (__user_stack_top)?__user_stack_top:(__top_RamLoc32 - 0x0))
                [!provide]                        PROVIDE (__valid_user_code_checksum = (0x0 - ((((((_vStackTop + (ResetISR + 0x1)) + (NMI_Handler + 0x1)) + (HardFault_Handler + 0x1)) + (DEFINED (MemManage_Handler)?MemManage_Handler:0x0 + 0x1)) + (DEFINED (BusFault_Handler)?BusFault_Handler:0x0 + 0x1)) + (DEFINED (UsageFault_Handler)?UsageFault_Handler:0x0 + 0x1))))
                0x0000000000000000                _image_start = LOADADDR (.text)
                0x0000000000002e70                _image_end = (LOADADDR (.data) + SIZEOF (.data))
                0x0000000000002e70                _image_size = (_image_end - _image_start)
OUTPUT(freertos_countingsemaphore.axf elf32-littlearm)

.debug_info     0x0000000000000000     0x806f
 .debug_info    0x0000000000000000      0x272 ./my_freeRTOS_blinky_proj/src/cr_startup_lpc175x_6x.o
 .debug_info    0x0000000000000272      0x3c7 ./my_freeRTOS_blinky_proj/src/freertos_countingsemaphore.o
 .debug_info    0x0000000000000639      0x250 ./my_freeRTOS_blinky_proj/src/sysinit.o
 .debug_info    0x0000000000000889      0x2f8 ./freertos/src/FreeRTOSCommonHooks.o
 .debug_info    0x0000000000000b81      0x282 ./freertos/src/heap_3.o
 .debug_info    0x0000000000000e03      0x439 ./freertos/src/list.o
 .debug_info    0x000000000000123c      0x53e ./freertos/src/port.o
 .debug_info    0x000000000000177a      0xdc5 ./freertos/src/queue.o
 .debug_info    0x000000000000253f     0x1436 ./freertos/src/tasks.o
 .debug_info    0x0000000000003975     0x1651 /home/navjot/Documents/MCUXpresso_11.1.1_3241/workspace/lpc_board_nxp_lpcxpresso_1769/Debug/liblpc_board_nxp_lpcxpresso_1769.a(board.o)
 .debug_info    0x0000000000004fc6      0x71d /home/navjot/Documents/MCUXpresso_11.1.1_3241/workspace/lpc_board_nxp_lpcxpresso_1769/Debug/liblpc_board_nxp_lpcxpresso_1769.a(board_sysinit.o)
 .debug_info    0x00000000000056e3      0x591 /home/navjot/Documents/MCUXpresso_11.1.1_3241/workspace/lpc_chip_175x_6x/Debug/liblpc_chip_175x_6x.a(chip_17xx_40xx.o)
 .debug_info    0x0000000000005c74      0xc2a /home/navjot/Documents/MCUXpresso_11.1.1_3241/workspace/lpc_chip_175x_6x/Debug/liblpc_chip_175x_6x.a(clock_17xx_40xx.o)
 .debug_info    0x000000000000689e      0x347 /home/navjot/Documents/MCUXpresso_11.1.1_3241/workspace/lpc_chip_175x_6x/Debug/liblpc_chip_175x_6x.a(iocon_17xx_40xx.o)
 .debug_info    0x0000000000006be5      0x4b0 /home/navjot/Documents/MCUXpresso_11.1.1_3241/workspace/lpc_chip_175x_6x/Debug/liblpc_chip_175x_6x.a(sysinit_17xx_40xx.o)
 .debug_info    0x0000000000007095      0xfda /home/navjot/Documents/MCUXpresso_11.1.1_3241/workspace/lpc_chip_175x_6x/Debug/liblpc_chip_175x_6x.a(uart_17xx_40xx.o)

.debug_abbrev   0x0000000000000000     0x1f1b
 .debug_abbrev  0x0000000000000000      0x117 ./my_freeRTOS_blinky_proj/src/cr_startup_lpc175x_6x.o
 .debug_abbrev  0x0000000000000117      0x14e ./my_freeRTOS_blinky_proj/src/freertos_countingsemaphore.o
 .debug_abbrev  0x0000000000000265       0xeb ./my_freeRTOS_blinky_proj/src/sysinit.o
 .debug_abbrev  0x0000000000000350      0x181 ./freertos/src/FreeRTOSCommonHooks.o
 .debug_abbrev  0x00000000000004d1      0x12b ./freertos/src/heap_3.o
 .debug_abbrev  0x00000000000005fc      0x136 ./freertos/src/list.o
 .debug_abbrev  0x0000000000000732      0x243 ./freertos/src/port.o
 .debug_abbrev  0x0000000000000975      0x23e ./freertos/src/queue.o
 .debug_abbrev  0x0000000000000bb3      0x291 ./freertos/src/tasks.o
 .debug_abbrev  0x0000000000000e44      0x413 /home/navjot/Documents/MCUXpresso_11.1.1_3241/workspace/lpc_board_nxp_lpcxpresso_1769/Debug/liblpc_board_nxp_lpcxpresso_1769.a(board.o)
 .debug_abbrev  0x0000000000001257      0x1a2 /home/navjot/Documents/MCUXpresso_11.1.1_3241/workspace/lpc_board_nxp_lpcxpresso_1769/Debug/liblpc_board_nxp_lpcxpresso_1769.a(board_sysinit.o)
 .debug_abbrev  0x00000000000013f9      0x16d /home/navjot/Documents/MCUXpresso_11.1.1_3241/workspace/lpc_chip_175x_6x/Debug/liblpc_chip_175x_6x.a(chip_17xx_40xx.o)
 .debug_abbrev  0x0000000000001566      0x34d /home/navjot/Documents/MCUXpresso_11.1.1_3241/workspace/lpc_chip_175x_6x/Debug/liblpc_chip_175x_6x.a(clock_17xx_40xx.o)
 .debug_abbrev  0x00000000000018b3      0x164 /home/navjot/Documents/MCUXpresso_11.1.1_3241/workspace/lpc_chip_175x_6x/Debug/liblpc_chip_175x_6x.a(iocon_17xx_40xx.o)
 .debug_abbrev  0x0000000000001a17      0x1b0 /home/navjot/Documents/MCUXpresso_11.1.1_3241/workspace/lpc_chip_175x_6x/Debug/liblpc_chip_175x_6x.a(sysinit_17xx_40xx.o)
 .debug_abbrev  0x0000000000001bc7      0x354 /home/navjot/Documents/MCUXpresso_11.1.1_3241/workspace/lpc_chip_175x_6x/Debug/liblpc_chip_175x_6x.a(uart_17xx_40xx.o)

.debug_aranges  0x0000000000000000      0x920
 .debug_aranges
                0x0000000000000000       0x80 ./my_freeRTOS_blinky_proj/src/cr_startup_lpc175x_6x.o
 .debug_aranges
                0x0000000000000080       0x40 ./my_freeRTOS_blinky_proj/src/freertos_countingsemaphore.o
 .debug_aranges
                0x00000000000000c0       0x20 ./my_freeRTOS_blinky_proj/src/sysinit.o
 .debug_aranges
                0x00000000000000e0       0x40 ./freertos/src/FreeRTOSCommonHooks.o
 .debug_aranges
                0x0000000000000120       0x28 ./freertos/src/heap_3.o
 .debug_aranges
                0x0000000000000148       0x40 ./freertos/src/list.o
 .debug_aranges
                0x0000000000000188       0x90 ./freertos/src/port.o
 .debug_aranges
                0x0000000000000218       0xf0 ./freertos/src/queue.o
 .debug_aranges
                0x0000000000000308      0x170 ./freertos/src/tasks.o
 .debug_aranges
                0x0000000000000478      0x160 /home/navjot/Documents/MCUXpresso_11.1.1_3241/workspace/lpc_board_nxp_lpcxpresso_1769/Debug/liblpc_board_nxp_lpcxpresso_1769.a(board.o)
 .debug_aranges
                0x00000000000005d8       0x38 /home/navjot/Documents/MCUXpresso_11.1.1_3241/workspace/lpc_board_nxp_lpcxpresso_1769/Debug/liblpc_board_nxp_lpcxpresso_1769.a(board_sysinit.o)
 .debug_aranges
                0x0000000000000610       0x38 /home/navjot/Documents/MCUXpresso_11.1.1_3241/workspace/lpc_chip_175x_6x/Debug/liblpc_chip_175x_6x.a(chip_17xx_40xx.o)
 .debug_aranges
                0x0000000000000648      0x120 /home/navjot/Documents/MCUXpresso_11.1.1_3241/workspace/lpc_chip_175x_6x/Debug/liblpc_chip_175x_6x.a(clock_17xx_40xx.o)
 .debug_aranges
                0x0000000000000768       0x30 /home/navjot/Documents/MCUXpresso_11.1.1_3241/workspace/lpc_chip_175x_6x/Debug/liblpc_chip_175x_6x.a(iocon_17xx_40xx.o)
 .debug_aranges
                0x0000000000000798       0x60 /home/navjot/Documents/MCUXpresso_11.1.1_3241/workspace/lpc_chip_175x_6x/Debug/liblpc_chip_175x_6x.a(sysinit_17xx_40xx.o)
 .debug_aranges
                0x00000000000007f8      0x128 /home/navjot/Documents/MCUXpresso_11.1.1_3241/workspace/lpc_chip_175x_6x/Debug/liblpc_chip_175x_6x.a(uart_17xx_40xx.o)

.debug_ranges   0x0000000000000000      0x820
 .debug_ranges  0x0000000000000000       0x70 ./my_freeRTOS_blinky_proj/src/cr_startup_lpc175x_6x.o
 .debug_ranges  0x0000000000000070       0x30 ./my_freeRTOS_blinky_proj/src/freertos_countingsemaphore.o
 .debug_ranges  0x00000000000000a0       0x10 ./my_freeRTOS_blinky_proj/src/sysinit.o
 .debug_ranges  0x00000000000000b0       0x30 ./freertos/src/FreeRTOSCommonHooks.o
 .debug_ranges  0x00000000000000e0       0x18 ./freertos/src/heap_3.o
 .debug_ranges  0x00000000000000f8       0x30 ./freertos/src/list.o
 .debug_ranges  0x0000000000000128       0x80 ./freertos/src/port.o
 .debug_ranges  0x00000000000001a8       0xe0 ./freertos/src/queue.o
 .debug_ranges  0x0000000000000288      0x160 ./freertos/src/tasks.o
 .debug_ranges  0x00000000000003e8      0x150 /home/navjot/Documents/MCUXpresso_11.1.1_3241/workspace/lpc_board_nxp_lpcxpresso_1769/Debug/liblpc_board_nxp_lpcxpresso_1769.a(board.o)
 .debug_ranges  0x0000000000000538       0x28 /home/navjot/Documents/MCUXpresso_11.1.1_3241/workspace/lpc_board_nxp_lpcxpresso_1769/Debug/liblpc_board_nxp_lpcxpresso_1769.a(board_sysinit.o)
 .debug_ranges  0x0000000000000560       0x28 /home/navjot/Documents/MCUXpresso_11.1.1_3241/workspace/lpc_chip_175x_6x/Debug/liblpc_chip_175x_6x.a(chip_17xx_40xx.o)
 .debug_ranges  0x0000000000000588      0x110 /home/navjot/Documents/MCUXpresso_11.1.1_3241/workspace/lpc_chip_175x_6x/Debug/liblpc_chip_175x_6x.a(clock_17xx_40xx.o)
 .debug_ranges  0x0000000000000698       0x20 /home/navjot/Documents/MCUXpresso_11.1.1_3241/workspace/lpc_chip_175x_6x/Debug/liblpc_chip_175x_6x.a(iocon_17xx_40xx.o)
 .debug_ranges  0x00000000000006b8       0x50 /home/navjot/Documents/MCUXpresso_11.1.1_3241/workspace/lpc_chip_175x_6x/Debug/liblpc_chip_175x_6x.a(sysinit_17xx_40xx.o)
 .debug_ranges  0x0000000000000708      0x118 /home/navjot/Documents/MCUXpresso_11.1.1_3241/workspace/lpc_chip_175x_6x/Debug/liblpc_chip_175x_6x.a(uart_17xx_40xx.o)

.debug_macro    0x0000000000000000     0x66e8
 .debug_macro   0x0000000000000000       0x1d ./my_freeRTOS_blinky_proj/src/cr_startup_lpc175x_6x.o
 .debug_macro   0x000000000000001d      0xa9c ./my_freeRTOS_blinky_proj/src/cr_startup_lpc175x_6x.o
 .debug_macro   0x0000000000000ab9      0x2a4 ./my_freeRTOS_blinky_proj/src/freertos_countingsemaphore.o
 .debug_macro   0x0000000000000d5d       0x10 ./my_freeRTOS_blinky_proj/src/freertos_countingsemaphore.o
 .debug_macro   0x0000000000000d6d      0x12e ./my_freeRTOS_blinky_proj/src/freertos_countingsemaphore.o
 .debug_macro   0x0000000000000e9b      0x5b3 ./my_freeRTOS_blinky_proj/src/freertos_countingsemaphore.o
 .debug_macro   0x000000000000144e       0x22 ./my_freeRTOS_blinky_proj/src/freertos_countingsemaphore.o
 .debug_macro   0x0000000000001470       0x7b ./my_freeRTOS_blinky_proj/src/freertos_countingsemaphore.o
 .debug_macro   0x00000000000014eb       0x10 ./my_freeRTOS_blinky_proj/src/freertos_countingsemaphore.o
 .debug_macro   0x00000000000014fb       0x2d ./my_freeRTOS_blinky_proj/src/freertos_countingsemaphore.o
 .debug_macro   0x0000000000001528       0x3a ./my_freeRTOS_blinky_proj/src/freertos_countingsemaphore.o
 .debug_macro   0x0000000000001562       0x2d ./my_freeRTOS_blinky_proj/src/freertos_countingsemaphore.o
 .debug_macro   0x000000000000158f      0xbb1 ./my_freeRTOS_blinky_proj/src/freertos_countingsemaphore.o
 .debug_macro   0x0000000000002140      0x22c ./my_freeRTOS_blinky_proj/src/freertos_countingsemaphore.o
 .debug_macro   0x000000000000236c       0x42 ./my_freeRTOS_blinky_proj/src/freertos_countingsemaphore.o
 .debug_macro   0x00000000000023ae       0x52 ./my_freeRTOS_blinky_proj/src/freertos_countingsemaphore.o
 .debug_macro   0x0000000000002400       0x78 ./my_freeRTOS_blinky_proj/src/freertos_countingsemaphore.o
 .debug_macro   0x0000000000002478       0x82 ./my_freeRTOS_blinky_proj/src/freertos_countingsemaphore.o
 .debug_macro   0x00000000000024fa      0x48c ./my_freeRTOS_blinky_proj/src/freertos_countingsemaphore.o
 .debug_macro   0x0000000000002986       0x34 ./my_freeRTOS_blinky_proj/src/freertos_countingsemaphore.o
 .debug_macro   0x00000000000029ba      0x4c5 ./my_freeRTOS_blinky_proj/src/freertos_countingsemaphore.o
 .debug_macro   0x0000000000002e7f      0x1b7 ./my_freeRTOS_blinky_proj/src/freertos_countingsemaphore.o
 .debug_macro   0x0000000000003036       0x10 ./my_freeRTOS_blinky_proj/src/freertos_countingsemaphore.o
 .debug_macro   0x0000000000003046      0x21b ./my_freeRTOS_blinky_proj/src/freertos_countingsemaphore.o
 .debug_macro   0x0000000000003261      0x1b9 ./my_freeRTOS_blinky_proj/src/freertos_countingsemaphore.o
 .debug_macro   0x000000000000341a       0x40 ./my_freeRTOS_blinky_proj/src/freertos_countingsemaphore.o
 .debug_macro   0x000000000000345a       0x22 ./my_freeRTOS_blinky_proj/src/freertos_countingsemaphore.o
 .debug_macro   0x000000000000347c      0x162 ./my_freeRTOS_blinky_proj/src/freertos_countingsemaphore.o
 .debug_macro   0x00000000000035de       0x94 ./my_freeRTOS_blinky_proj/src/freertos_countingsemaphore.o
 .debug_macro   0x0000000000003672       0xb8 ./my_freeRTOS_blinky_proj/src/freertos_countingsemaphore.o
 .debug_macro   0x000000000000372a       0x4c ./my_freeRTOS_blinky_proj/src/freertos_countingsemaphore.o
 .debug_macro   0x0000000000003776       0x16 ./my_freeRTOS_blinky_proj/src/freertos_countingsemaphore.o
 .debug_macro   0x000000000000378c      0x328 ./my_freeRTOS_blinky_proj/src/freertos_countingsemaphore.o
 .debug_macro   0x0000000000003ab4       0x49 ./my_freeRTOS_blinky_proj/src/freertos_countingsemaphore.o
 .debug_macro   0x0000000000003afd       0x16 ./my_freeRTOS_blinky_proj/src/freertos_countingsemaphore.o
 .debug_macro   0x0000000000003b13       0xca ./my_freeRTOS_blinky_proj/src/freertos_countingsemaphore.o
 .debug_macro   0x0000000000003bdd       0x18 ./my_freeRTOS_blinky_proj/src/freertos_countingsemaphore.o
 .debug_macro   0x0000000000003bf5       0x70 ./my_freeRTOS_blinky_proj/src/freertos_countingsemaphore.o
 .debug_macro   0x0000000000003c65       0x9a ./my_freeRTOS_blinky_proj/src/freertos_countingsemaphore.o
 .debug_macro   0x0000000000003cff       0x20 ./my_freeRTOS_blinky_proj/src/freertos_countingsemaphore.o
 .debug_macro   0x0000000000003d1f       0x28 ./my_freeRTOS_blinky_proj/src/freertos_countingsemaphore.o
 .debug_macro   0x0000000000003d47       0x10 ./my_freeRTOS_blinky_proj/src/freertos_countingsemaphore.o
 .debug_macro   0x0000000000003d57       0x46 ./my_freeRTOS_blinky_proj/src/freertos_countingsemaphore.o
 .debug_macro   0x0000000000003d9d       0xf4 ./my_freeRTOS_blinky_proj/src/freertos_countingsemaphore.o
 .debug_macro   0x0000000000003e91       0xab ./my_freeRTOS_blinky_proj/src/freertos_countingsemaphore.o
 .debug_macro   0x0000000000003f3c       0x12 ./my_freeRTOS_blinky_proj/src/freertos_countingsemaphore.o
 .debug_macro   0x0000000000003f4e       0x1f ./my_freeRTOS_blinky_proj/src/freertos_countingsemaphore.o
 .debug_macro   0x0000000000003f6d      0x257 ./my_freeRTOS_blinky_proj/src/freertos_countingsemaphore.o
 .debug_macro   0x00000000000041c4       0x64 ./my_freeRTOS_blinky_proj/src/freertos_countingsemaphore.o
 .debug_macro   0x0000000000004228       0x57 ./my_freeRTOS_blinky_proj/src/freertos_countingsemaphore.o
 .debug_macro   0x000000000000427f       0xb0 ./my_freeRTOS_blinky_proj/src/freertos_countingsemaphore.o
 .debug_macro   0x000000000000432f       0x77 ./my_freeRTOS_blinky_proj/src/freertos_countingsemaphore.o
 .debug_macro   0x00000000000043a6      0x217 ./my_freeRTOS_blinky_proj/src/sysinit.o
 .debug_macro   0x00000000000045bd      0x29c ./freertos/src/FreeRTOSCommonHooks.o
 .debug_macro   0x0000000000004859       0x16 ./freertos/src/FreeRTOSCommonHooks.o
 .debug_macro   0x000000000000486f       0x74 ./freertos/src/FreeRTOSCommonHooks.o
 .debug_macro   0x00000000000048e3       0x11 ./freertos/src/FreeRTOSCommonHooks.o
 .debug_macro   0x00000000000048f4       0xee ./freertos/src/FreeRTOSCommonHooks.o
 .debug_macro   0x00000000000049e2      0x2b2 ./freertos/src/heap_3.o
 .debug_macro   0x0000000000004c94       0x28 ./freertos/src/heap_3.o
 .debug_macro   0x0000000000004cbc      0x297 ./freertos/src/list.o
 .debug_macro   0x0000000000004f53      0x329 ./freertos/src/port.o
 .debug_macro   0x000000000000527c      0x2fa ./freertos/src/queue.o
 .debug_macro   0x0000000000005576      0x336 ./freertos/src/tasks.o
 .debug_macro   0x00000000000058ac       0x5b ./freertos/src/tasks.o
 .debug_macro   0x0000000000005907       0x16 ./freertos/src/tasks.o
 .debug_macro   0x000000000000591d      0x2a1 /home/navjot/Documents/MCUXpresso_11.1.1_3241/workspace/lpc_board_nxp_lpcxpresso_1769/Debug/liblpc_board_nxp_lpcxpresso_1769.a(board.o)
 .debug_macro   0x0000000000005bbe       0x12 /home/navjot/Documents/MCUXpresso_11.1.1_3241/workspace/lpc_board_nxp_lpcxpresso_1769/Debug/liblpc_board_nxp_lpcxpresso_1769.a(board.o)
 .debug_macro   0x0000000000005bd0      0x217 /home/navjot/Documents/MCUXpresso_11.1.1_3241/workspace/lpc_board_nxp_lpcxpresso_1769/Debug/liblpc_board_nxp_lpcxpresso_1769.a(board_sysinit.o)
 .debug_macro   0x0000000000005de7      0x1cd /home/navjot/Documents/MCUXpresso_11.1.1_3241/workspace/lpc_chip_175x_6x/Debug/liblpc_chip_175x_6x.a(chip_17xx_40xx.o)
 .debug_macro   0x0000000000005fb4      0x1cd /home/navjot/Documents/MCUXpresso_11.1.1_3241/workspace/lpc_chip_175x_6x/Debug/liblpc_chip_175x_6x.a(clock_17xx_40xx.o)
 .debug_macro   0x0000000000006181      0x1cd /home/navjot/Documents/MCUXpresso_11.1.1_3241/workspace/lpc_chip_175x_6x/Debug/liblpc_chip_175x_6x.a(iocon_17xx_40xx.o)
 .debug_macro   0x000000000000634e      0x1cd /home/navjot/Documents/MCUXpresso_11.1.1_3241/workspace/lpc_chip_175x_6x/Debug/liblpc_chip_175x_6x.a(sysinit_17xx_40xx.o)
 .debug_macro   0x000000000000651b      0x1cd /home/navjot/Documents/MCUXpresso_11.1.1_3241/workspace/lpc_chip_175x_6x/Debug/liblpc_chip_175x_6x.a(uart_17xx_40xx.o)

.debug_line     0x0000000000000000     0x822b
 .debug_line    0x0000000000000000      0x178 ./my_freeRTOS_blinky_proj/src/cr_startup_lpc175x_6x.o
 .debug_line    0x0000000000000178      0x793 ./my_freeRTOS_blinky_proj/src/freertos_countingsemaphore.o
 .debug_line    0x000000000000090b      0x534 ./my_freeRTOS_blinky_proj/src/sysinit.o
 .debug_line    0x0000000000000e3f      0x707 ./freertos/src/FreeRTOSCommonHooks.o
 .debug_line    0x0000000000001546      0x6a9 ./freertos/src/heap_3.o
 .debug_line    0x0000000000001bef      0x772 ./freertos/src/list.o
 .debug_line    0x0000000000002361      0x93a ./freertos/src/port.o
 .debug_line    0x0000000000002c9b      0xdb0 ./freertos/src/queue.o
 .debug_line    0x0000000000003a4b     0x1355 ./freertos/src/tasks.o
 .debug_line    0x0000000000004da0      0xac5 /home/navjot/Documents/MCUXpresso_11.1.1_3241/workspace/lpc_board_nxp_lpcxpresso_1769/Debug/liblpc_board_nxp_lpcxpresso_1769.a(board.o)
 .debug_line    0x0000000000005865      0x575 /home/navjot/Documents/MCUXpresso_11.1.1_3241/workspace/lpc_board_nxp_lpcxpresso_1769/Debug/liblpc_board_nxp_lpcxpresso_1769.a(board_sysinit.o)
 .debug_line    0x0000000000005dda      0x524 /home/navjot/Documents/MCUXpresso_11.1.1_3241/workspace/lpc_chip_175x_6x/Debug/liblpc_chip_175x_6x.a(chip_17xx_40xx.o)
 .debug_line    0x00000000000062fe      0x98b /home/navjot/Documents/MCUXpresso_11.1.1_3241/workspace/lpc_chip_175x_6x/Debug/liblpc_chip_175x_6x.a(clock_17xx_40xx.o)
 .debug_line    0x0000000000006c89      0x540 /home/navjot/Documents/MCUXpresso_11.1.1_3241/workspace/lpc_chip_175x_6x/Debug/liblpc_chip_175x_6x.a(iocon_17xx_40xx.o)
 .debug_line    0x00000000000071c9      0x5fd /home/navjot/Documents/MCUXpresso_11.1.1_3241/workspace/lpc_chip_175x_6x/Debug/liblpc_chip_175x_6x.a(sysinit_17xx_40xx.o)
 .debug_line    0x00000000000077c6      0xa65 /home/navjot/Documents/MCUXpresso_11.1.1_3241/workspace/lpc_chip_175x_6x/Debug/liblpc_chip_175x_6x.a(uart_17xx_40xx.o)

.debug_str      0x0000000000000000    0x18d79
 .debug_str     0x0000000000000000     0x2f7f ./my_freeRTOS_blinky_proj/src/cr_startup_lpc175x_6x.o
                                       0x2fbd (size before relaxing)
 .debug_str     0x0000000000002f7f    0x11a27 ./my_freeRTOS_blinky_proj/src/freertos_countingsemaphore.o
                                      0x14876 (size before relaxing)
 .debug_str     0x00000000000149a6       0x33 ./my_freeRTOS_blinky_proj/src/sysinit.o
                                      0x1139f (size before relaxing)
 .debug_str     0x00000000000149d9       0xe7 ./freertos/src/FreeRTOSCommonHooks.o
                                      0x13545 (size before relaxing)
 .debug_str     0x0000000000014ac0      0x103 ./freertos/src/heap_3.o
                                      0x13559 (size before relaxing)
 .debug_str     0x0000000000014bc3      0x12e ./freertos/src/list.o
                                      0x1329e (size before relaxing)
 .debug_str     0x0000000000014cf1      0x747 ./freertos/src/port.o
                                      0x13d95 (size before relaxing)
 .debug_str     0x0000000000015438      0x6b5 ./freertos/src/queue.o
                                      0x148a6 (size before relaxing)
 .debug_str     0x0000000000015aed     0x14cf ./freertos/src/tasks.o
                                      0x14d60 (size before relaxing)
 .debug_str     0x0000000000016fbc      0xd7a /home/navjot/Documents/MCUXpresso_11.1.1_3241/workspace/lpc_board_nxp_lpcxpresso_1769/Debug/liblpc_board_nxp_lpcxpresso_1769.a(board.o)
                                      0x122b0 (size before relaxing)
 .debug_str     0x0000000000017d36      0x22d /home/navjot/Documents/MCUXpresso_11.1.1_3241/workspace/lpc_board_nxp_lpcxpresso_1769/Debug/liblpc_board_nxp_lpcxpresso_1769.a(board_sysinit.o)
                                      0x11796 (size before relaxing)
 .debug_str     0x0000000000017f63       0xc2 /home/navjot/Documents/MCUXpresso_11.1.1_3241/workspace/lpc_chip_175x_6x/Debug/liblpc_chip_175x_6x.a(chip_17xx_40xx.o)
                                      0x113e6 (size before relaxing)
 .debug_str     0x0000000000018025      0x857 /home/navjot/Documents/MCUXpresso_11.1.1_3241/workspace/lpc_chip_175x_6x/Debug/liblpc_chip_175x_6x.a(clock_17xx_40xx.o)
                                      0x11a64 (size before relaxing)
 .debug_str     0x000000000001887c       0x79 /home/navjot/Documents/MCUXpresso_11.1.1_3241/workspace/lpc_chip_175x_6x/Debug/liblpc_chip_175x_6x.a(iocon_17xx_40xx.o)
                                      0x10ee1 (size before relaxing)
 .debug_str     0x00000000000188f5       0xc4 /home/navjot/Documents/MCUXpresso_11.1.1_3241/workspace/lpc_chip_175x_6x/Debug/liblpc_chip_175x_6x.a(sysinit_17xx_40xx.o)
                                      0x110c9 (size before relaxing)
 .debug_str     0x00000000000189b9      0x3c0 /home/navjot/Documents/MCUXpresso_11.1.1_3241/workspace/lpc_chip_175x_6x/Debug/liblpc_chip_175x_6x.a(uart_17xx_40xx.o)
                                      0x11939 (size before relaxing)

.comment        0x0000000000000000       0x76
 .comment       0x0000000000000000       0x76 ./my_freeRTOS_blinky_proj/src/cr_startup_lpc175x_6x.o
                                         0x77 (size before relaxing)
 .comment       0x0000000000000076       0x77 ./my_freeRTOS_blinky_proj/src/freertos_countingsemaphore.o
 .comment       0x0000000000000076       0x77 ./my_freeRTOS_blinky_proj/src/sysinit.o
 .comment       0x0000000000000076       0x77 ./freertos/src/FreeRTOSCommonHooks.o
 .comment       0x0000000000000076       0x77 ./freertos/src/heap_3.o
 .comment       0x0000000000000076       0x77 ./freertos/src/list.o
 .comment       0x0000000000000076       0x77 ./freertos/src/port.o
 .comment       0x0000000000000076       0x77 ./freertos/src/queue.o
 .comment       0x0000000000000076       0x77 ./freertos/src/tasks.o
 .comment       0x0000000000000076       0x77 /home/navjot/Documents/MCUXpresso_11.1.1_3241/workspace/lpc_board_nxp_lpcxpresso_1769/Debug/liblpc_board_nxp_lpcxpresso_1769.a(board.o)
 .comment       0x0000000000000076       0x77 /home/navjot/Documents/MCUXpresso_11.1.1_3241/workspace/lpc_board_nxp_lpcxpresso_1769/Debug/liblpc_board_nxp_lpcxpresso_1769.a(board_sysinit.o)
 .comment       0x0000000000000076       0x77 /home/navjot/Documents/MCUXpresso_11.1.1_3241/workspace/lpc_chip_175x_6x/Debug/liblpc_chip_175x_6x.a(chip_17xx_40xx.o)
 .comment       0x0000000000000076       0x77 /home/navjot/Documents/MCUXpresso_11.1.1_3241/workspace/lpc_chip_175x_6x/Debug/liblpc_chip_175x_6x.a(clock_17xx_40xx.o)
 .comment       0x0000000000000076       0x77 /home/navjot/Documents/MCUXpresso_11.1.1_3241/workspace/lpc_chip_175x_6x/Debug/liblpc_chip_175x_6x.a(iocon_17xx_40xx.o)
 .comment       0x0000000000000076       0x77 /home/navjot/Documents/MCUXpresso_11.1.1_3241/workspace/lpc_chip_175x_6x/Debug/liblpc_chip_175x_6x.a(sysinit_17xx_40xx.o)
 .comment       0x0000000000000076       0x77 /home/navjot/Documents/MCUXpresso_11.1.1_3241/workspace/lpc_chip_175x_6x/Debug/liblpc_chip_175x_6x.a(uart_17xx_40xx.o)
 .comment       0x0000000000000076       0x77 /usr/local/mcuxpressoide-11.1.1_3241/ide/plugins/com.nxp.mcuxpresso.tools.linux_11.1.0.202001081728/tools/bin/../lib/gcc/arm-none-eabi/8.3.1/../../../../arm-none-eabi/lib/thumb/v7-m/nofp/libcr_nohost.a(_cr__main.o)
 .comment       0x0000000000000076       0x77 /usr/local/mcuxpressoide-11.1.1_3241/ide/plugins/com.nxp.mcuxpresso.tools.linux_11.1.0.202001081728/tools/bin/../lib/gcc/arm-none-eabi/8.3.1/../../../../arm-none-eabi/lib/thumb/v7-m/nofp/libcr_c.a(memcpy.o)
 .comment       0x0000000000000076       0x77 /usr/local/mcuxpressoide-11.1.1_3241/ide/plugins/com.nxp.mcuxpresso.tools.linux_11.1.0.202001081728/tools/bin/../lib/gcc/arm-none-eabi/8.3.1/../../../../arm-none-eabi/lib/thumb/v7-m/nofp/libcr_c.a(memset.o)
 .comment       0x0000000000000076       0x77 /usr/local/mcuxpressoide-11.1.1_3241/ide/plugins/com.nxp.mcuxpresso.tools.linux_11.1.0.202001081728/tools/bin/../lib/gcc/arm-none-eabi/8.3.1/../../../../arm-none-eabi/lib/thumb/v7-m/nofp/libcr_c.a(alloc.o)
 .comment       0x0000000000000076       0x77 /usr/local/mcuxpressoide-11.1.1_3241/ide/plugins/com.nxp.mcuxpresso.tools.linux_11.1.0.202001081728/tools/bin/../lib/gcc/arm-none-eabi/8.3.1/../../../../arm-none-eabi/lib/thumb/v7-m/nofp/libcr_c.a(initio.o)
 .comment       0x0000000000000076       0x77 /usr/local/mcuxpressoide-11.1.1_3241/ide/plugins/com.nxp.mcuxpresso.tools.linux_11.1.0.202001081728/tools/bin/../lib/gcc/arm-none-eabi/8.3.1/../../../../arm-none-eabi/lib/thumb/v7-m/nofp/libcr_c.a(setvbuf.o)
 .comment       0x0000000000000076       0x77 /usr/local/mcuxpressoide-11.1.1_3241/ide/plugins/com.nxp.mcuxpresso.tools.linux_11.1.0.202001081728/tools/bin/../lib/gcc/arm-none-eabi/8.3.1/../../../../arm-none-eabi/lib/thumb/v7-m/nofp/libcr_c.a(strlen.o)
 .comment       0x0000000000000076       0x77 /usr/local/mcuxpressoide-11.1.1_3241/ide/plugins/com.nxp.mcuxpresso.tools.linux_11.1.0.202001081728/tools/bin/../lib/gcc/arm-none-eabi/8.3.1/../../../../arm-none-eabi/lib/thumb/v7-m/nofp/libcr_c.a(__init_alloc.o)
 .comment       0x0000000000000076       0x77 /usr/local/mcuxpressoide-11.1.1_3241/ide/plugins/com.nxp.mcuxpresso.tools.linux_11.1.0.202001081728/tools/bin/../lib/gcc/arm-none-eabi/8.3.1/../../../../arm-none-eabi/lib/thumb/v7-m/nofp/libcr_c.a(_cr_sbrk.o)
 .comment       0x0000000000000076       0x77 /usr/local/mcuxpressoide-11.1.1_3241/ide/plugins/com.nxp.mcuxpresso.tools.linux_11.1.0.202001081728/tools/bin/../lib/gcc/arm-none-eabi/8.3.1/../../../../arm-none-eabi/lib/thumb/v7-m/nofp/libcr_c.a(_deferredlazyseek.o)
 .comment       0x0000000000000076       0x77 /usr/local/mcuxpressoide-11.1.1_3241/ide/plugins/com.nxp.mcuxpresso.tools.linux_11.1.0.202001081728/tools/bin/../lib/gcc/arm-none-eabi/8.3.1/../../../../arm-none-eabi/lib/thumb/v7-m/nofp/libcr_c.a(_fdopen.o)
 .comment       0x0000000000000076       0x77 /usr/local/mcuxpressoide-11.1.1_3241/ide/plugins/com.nxp.mcuxpresso.tools.linux_11.1.0.202001081728/tools/bin/../lib/gcc/arm-none-eabi/8.3.1/../../../../arm-none-eabi/lib/thumb/v7-m/nofp/libcr_c.a(_fflush.o)
 .comment       0x0000000000000076       0x77 /usr/local/mcuxpressoide-11.1.1_3241/ide/plugins/com.nxp.mcuxpresso.tools.linux_11.1.0.202001081728/tools/bin/../lib/gcc/arm-none-eabi/8.3.1/../../../../arm-none-eabi/lib/thumb/v7-m/nofp/libcr_c.a(_writebuf.o)
 .comment       0x0000000000000076       0x77 /usr/local/mcuxpressoide-11.1.1_3241/ide/plugins/com.nxp.mcuxpresso.tools.linux_11.1.0.202001081728/tools/bin/../lib/gcc/arm-none-eabi/8.3.1/../../../../arm-none-eabi/lib/thumb/v7-m/nofp/libcr_c.a(errno.o)
 .comment       0x0000000000000076       0x77 /usr/local/mcuxpressoide-11.1.1_3241/ide/plugins/com.nxp.mcuxpresso.tools.linux_11.1.0.202001081728/tools/bin/../lib/gcc/arm-none-eabi/8.3.1/../../../../arm-none-eabi/lib/thumb/v7-m/nofp/libcr_c.a(fclose.o)
 .comment       0x0000000000000076       0x77 /usr/local/mcuxpressoide-11.1.1_3241/ide/plugins/com.nxp.mcuxpresso.tools.linux_11.1.0.202001081728/tools/bin/../lib/gcc/arm-none-eabi/8.3.1/../../../../arm-none-eabi/lib/thumb/v7-m/nofp/libcr_c.a(fflush.o)
 .comment       0x0000000000000076       0x77 /usr/local/mcuxpressoide-11.1.1_3241/ide/plugins/com.nxp.mcuxpresso.tools.linux_11.1.0.202001081728/tools/bin/../lib/gcc/arm-none-eabi/8.3.1/../../../../arm-none-eabi/lib/thumb/v7-m/nofp/libcr_c.a(fseek.o)
 .comment       0x0000000000000076       0x77 /usr/local/mcuxpressoide-11.1.1_3241/ide/plugins/com.nxp.mcuxpresso.tools.linux_11.1.0.202001081728/tools/bin/../lib/gcc/arm-none-eabi/8.3.1/../../../../arm-none-eabi/lib/thumb/v7-m/nofp/libcr_c.a(ftell.o)
 .comment       0x0000000000000076       0x77 /usr/local/mcuxpressoide-11.1.1_3241/ide/plugins/com.nxp.mcuxpresso.tools.linux_11.1.0.202001081728/tools/bin/../lib/gcc/arm-none-eabi/8.3.1/../../../../arm-none-eabi/lib/thumb/v7-m/nofp/libcr_c.a(remove.o)
 .comment       0x0000000000000076       0x77 /usr/local/mcuxpressoide-11.1.1_3241/ide/plugins/com.nxp.mcuxpresso.tools.linux_11.1.0.202001081728/tools/bin/../lib/gcc/arm-none-eabi/8.3.1/../../../../arm-none-eabi/lib/thumb/v7-m/nofp/libcr_c.a(_cr_check_heap.o)
 .comment       0x0000000000000076       0x77 /usr/local/mcuxpressoide-11.1.1_3241/ide/plugins/com.nxp.mcuxpresso.tools.linux_11.1.0.202001081728/tools/bin/../lib/gcc/arm-none-eabi/8.3.1/../../../../arm-none-eabi/lib/thumb/v7-m/nofp/libcr_c.a(_do_fflush.o)
 .comment       0x0000000000000076       0x77 /usr/local/mcuxpressoide-11.1.1_3241/ide/plugins/com.nxp.mcuxpresso.tools.linux_11.1.0.202001081728/tools/bin/../lib/gcc/arm-none-eabi/8.3.1/../../../../arm-none-eabi/lib/thumb/v7-m/nofp/libcr_nohost.a(__ciob.o)
 .comment       0x0000000000000076       0x77 /usr/local/mcuxpressoide-11.1.1_3241/ide/plugins/com.nxp.mcuxpresso.tools.linux_11.1.0.202001081728/tools/bin/../lib/gcc/arm-none-eabi/8.3.1/../../../../arm-none-eabi/lib/thumb/v7-m/nofp/libcr_nohost.a(__sys_close.o)
 .comment       0x0000000000000076       0x77 /usr/local/mcuxpressoide-11.1.1_3241/ide/plugins/com.nxp.mcuxpresso.tools.linux_11.1.0.202001081728/tools/bin/../lib/gcc/arm-none-eabi/8.3.1/../../../../arm-none-eabi/lib/thumb/v7-m/nofp/libcr_nohost.a(__sys_flen.o)
 .comment       0x0000000000000076       0x77 /usr/local/mcuxpressoide-11.1.1_3241/ide/plugins/com.nxp.mcuxpresso.tools.linux_11.1.0.202001081728/tools/bin/../lib/gcc/arm-none-eabi/8.3.1/../../../../arm-none-eabi/lib/thumb/v7-m/nofp/libcr_nohost.a(__sys_istty.o)
 .comment       0x0000000000000076       0x77 /usr/local/mcuxpressoide-11.1.1_3241/ide/plugins/com.nxp.mcuxpresso.tools.linux_11.1.0.202001081728/tools/bin/../lib/gcc/arm-none-eabi/8.3.1/../../../../arm-none-eabi/lib/thumb/v7-m/nofp/libcr_nohost.a(__sys_remove.o)
 .comment       0x0000000000000076       0x77 /usr/local/mcuxpressoide-11.1.1_3241/ide/plugins/com.nxp.mcuxpresso.tools.linux_11.1.0.202001081728/tools/bin/../lib/gcc/arm-none-eabi/8.3.1/../../../../arm-none-eabi/lib/thumb/v7-m/nofp/libcr_nohost.a(__sys_seek.o)
 .comment       0x0000000000000076       0x77 /usr/local/mcuxpressoide-11.1.1_3241/ide/plugins/com.nxp.mcuxpresso.tools.linux_11.1.0.202001081728/tools/bin/../lib/gcc/arm-none-eabi/8.3.1/../../../../arm-none-eabi/lib/thumb/v7-m/nofp/libcr_nohost.a(__sys_tmpnam.o)

.ARM.attributes
                0x0000000000000000       0x2b
 .ARM.attributes
                0x0000000000000000       0x2d ./my_freeRTOS_blinky_proj/src/cr_startup_lpc175x_6x.o
 .ARM.attributes
                0x000000000000002d       0x2d ./my_freeRTOS_blinky_proj/src/freertos_countingsemaphore.o
 .ARM.attributes
                0x000000000000005a       0x2d ./my_freeRTOS_blinky_proj/src/sysinit.o
 .ARM.attributes
                0x0000000000000087       0x2d ./freertos/src/FreeRTOSCommonHooks.o
 .ARM.attributes
                0x00000000000000b4       0x2d ./freertos/src/heap_3.o
 .ARM.attributes
                0x00000000000000e1       0x2d ./freertos/src/list.o
 .ARM.attributes
                0x000000000000010e       0x2d ./freertos/src/port.o
 .ARM.attributes
                0x000000000000013b       0x2d ./freertos/src/queue.o
 .ARM.attributes
                0x0000000000000168       0x2d ./freertos/src/tasks.o
 .ARM.attributes
                0x0000000000000195       0x2d /home/navjot/Documents/MCUXpresso_11.1.1_3241/workspace/lpc_board_nxp_lpcxpresso_1769/Debug/liblpc_board_nxp_lpcxpresso_1769.a(board.o)
 .ARM.attributes
                0x00000000000001c2       0x2d /home/navjot/Documents/MCUXpresso_11.1.1_3241/workspace/lpc_board_nxp_lpcxpresso_1769/Debug/liblpc_board_nxp_lpcxpresso_1769.a(board_sysinit.o)
 .ARM.attributes
                0x00000000000001ef       0x2d /home/navjot/Documents/MCUXpresso_11.1.1_3241/workspace/lpc_chip_175x_6x/Debug/liblpc_chip_175x_6x.a(chip_17xx_40xx.o)
 .ARM.attributes
                0x000000000000021c       0x2d /home/navjot/Documents/MCUXpresso_11.1.1_3241/workspace/lpc_chip_175x_6x/Debug/liblpc_chip_175x_6x.a(clock_17xx_40xx.o)
 .ARM.attributes
                0x0000000000000249       0x2d /home/navjot/Documents/MCUXpresso_11.1.1_3241/workspace/lpc_chip_175x_6x/Debug/liblpc_chip_175x_6x.a(iocon_17xx_40xx.o)
 .ARM.attributes
                0x0000000000000276       0x2d /home/navjot/Documents/MCUXpresso_11.1.1_3241/workspace/lpc_chip_175x_6x/Debug/liblpc_chip_175x_6x.a(sysinit_17xx_40xx.o)
 .ARM.attributes
                0x00000000000002a3       0x2d /home/navjot/Documents/MCUXpresso_11.1.1_3241/workspace/lpc_chip_175x_6x/Debug/liblpc_chip_175x_6x.a(uart_17xx_40xx.o)
 .ARM.attributes
                0x00000000000002d0       0x2d /usr/local/mcuxpressoide-11.1.1_3241/ide/plugins/com.nxp.mcuxpresso.tools.linux_11.1.0.202001081728/tools/bin/../lib/gcc/arm-none-eabi/8.3.1/../../../../arm-none-eabi/lib/thumb/v7-m/nofp/libcr_nohost.a(_cr__main.o)
 .ARM.attributes
                0x00000000000002fd       0x2d /usr/local/mcuxpressoide-11.1.1_3241/ide/plugins/com.nxp.mcuxpresso.tools.linux_11.1.0.202001081728/tools/bin/../lib/gcc/arm-none-eabi/8.3.1/../../../../arm-none-eabi/lib/thumb/v7-m/nofp/libcr_c.a(memcpy.o)
 .ARM.attributes
                0x000000000000032a       0x2d /usr/local/mcuxpressoide-11.1.1_3241/ide/plugins/com.nxp.mcuxpresso.tools.linux_11.1.0.202001081728/tools/bin/../lib/gcc/arm-none-eabi/8.3.1/../../../../arm-none-eabi/lib/thumb/v7-m/nofp/libcr_c.a(memset.o)
 .ARM.attributes
                0x0000000000000357       0x2d /usr/local/mcuxpressoide-11.1.1_3241/ide/plugins/com.nxp.mcuxpresso.tools.linux_11.1.0.202001081728/tools/bin/../lib/gcc/arm-none-eabi/8.3.1/../../../../arm-none-eabi/lib/thumb/v7-m/nofp/libcr_c.a(alloc.o)
 .ARM.attributes
                0x0000000000000384       0x2d /usr/local/mcuxpressoide-11.1.1_3241/ide/plugins/com.nxp.mcuxpresso.tools.linux_11.1.0.202001081728/tools/bin/../lib/gcc/arm-none-eabi/8.3.1/../../../../arm-none-eabi/lib/thumb/v7-m/nofp/libcr_c.a(initio.o)
 .ARM.attributes
                0x00000000000003b1       0x2d /usr/local/mcuxpressoide-11.1.1_3241/ide/plugins/com.nxp.mcuxpresso.tools.linux_11.1.0.202001081728/tools/bin/../lib/gcc/arm-none-eabi/8.3.1/../../../../arm-none-eabi/lib/thumb/v7-m/nofp/libcr_c.a(setvbuf.o)
 .ARM.attributes
                0x00000000000003de       0x2d /usr/local/mcuxpressoide-11.1.1_3241/ide/plugins/com.nxp.mcuxpresso.tools.linux_11.1.0.202001081728/tools/bin/../lib/gcc/arm-none-eabi/8.3.1/../../../../arm-none-eabi/lib/thumb/v7-m/nofp/libcr_c.a(strlen.o)
 .ARM.attributes
                0x000000000000040b       0x2d /usr/local/mcuxpressoide-11.1.1_3241/ide/plugins/com.nxp.mcuxpresso.tools.linux_11.1.0.202001081728/tools/bin/../lib/gcc/arm-none-eabi/8.3.1/../../../../arm-none-eabi/lib/thumb/v7-m/nofp/libcr_c.a(__init_alloc.o)
 .ARM.attributes
                0x0000000000000438       0x2d /usr/local/mcuxpressoide-11.1.1_3241/ide/plugins/com.nxp.mcuxpresso.tools.linux_11.1.0.202001081728/tools/bin/../lib/gcc/arm-none-eabi/8.3.1/../../../../arm-none-eabi/lib/thumb/v7-m/nofp/libcr_c.a(_cr_sbrk.o)
 .ARM.attributes
                0x0000000000000465       0x2d /usr/local/mcuxpressoide-11.1.1_3241/ide/plugins/com.nxp.mcuxpresso.tools.linux_11.1.0.202001081728/tools/bin/../lib/gcc/arm-none-eabi/8.3.1/../../../../arm-none-eabi/lib/thumb/v7-m/nofp/libcr_c.a(_deferredlazyseek.o)
 .ARM.attributes
                0x0000000000000492       0x2d /usr/local/mcuxpressoide-11.1.1_3241/ide/plugins/com.nxp.mcuxpresso.tools.linux_11.1.0.202001081728/tools/bin/../lib/gcc/arm-none-eabi/8.3.1/../../../../arm-none-eabi/lib/thumb/v7-m/nofp/libcr_c.a(_fdopen.o)
 .ARM.attributes
                0x00000000000004bf       0x2d /usr/local/mcuxpressoide-11.1.1_3241/ide/plugins/com.nxp.mcuxpresso.tools.linux_11.1.0.202001081728/tools/bin/../lib/gcc/arm-none-eabi/8.3.1/../../../../arm-none-eabi/lib/thumb/v7-m/nofp/libcr_c.a(_fflush.o)
 .ARM.attributes
                0x00000000000004ec       0x2d /usr/local/mcuxpressoide-11.1.1_3241/ide/plugins/com.nxp.mcuxpresso.tools.linux_11.1.0.202001081728/tools/bin/../lib/gcc/arm-none-eabi/8.3.1/../../../../arm-none-eabi/lib/thumb/v7-m/nofp/libcr_c.a(_writebuf.o)
 .ARM.attributes
                0x0000000000000519       0x33 /usr/local/mcuxpressoide-11.1.1_3241/ide/plugins/com.nxp.mcuxpresso.tools.linux_11.1.0.202001081728/tools/bin/../lib/gcc/arm-none-eabi/8.3.1/../../../../arm-none-eabi/lib/thumb/v7-m/nofp/libcr_c.a(errno.o)
 .ARM.attributes
                0x000000000000054c       0x2d /usr/local/mcuxpressoide-11.1.1_3241/ide/plugins/com.nxp.mcuxpresso.tools.linux_11.1.0.202001081728/tools/bin/../lib/gcc/arm-none-eabi/8.3.1/../../../../arm-none-eabi/lib/thumb/v7-m/nofp/libcr_c.a(fclose.o)
 .ARM.attributes
                0x0000000000000579       0x2d /usr/local/mcuxpressoide-11.1.1_3241/ide/plugins/com.nxp.mcuxpresso.tools.linux_11.1.0.202001081728/tools/bin/../lib/gcc/arm-none-eabi/8.3.1/../../../../arm-none-eabi/lib/thumb/v7-m/nofp/libcr_c.a(fflush.o)
 .ARM.attributes
                0x00000000000005a6       0x2d /usr/local/mcuxpressoide-11.1.1_3241/ide/plugins/com.nxp.mcuxpresso.tools.linux_11.1.0.202001081728/tools/bin/../lib/gcc/arm-none-eabi/8.3.1/../../../../arm-none-eabi/lib/thumb/v7-m/nofp/libcr_c.a(fseek.o)
 .ARM.attributes
                0x00000000000005d3       0x2d /usr/local/mcuxpressoide-11.1.1_3241/ide/plugins/com.nxp.mcuxpresso.tools.linux_11.1.0.202001081728/tools/bin/../lib/gcc/arm-none-eabi/8.3.1/../../../../arm-none-eabi/lib/thumb/v7-m/nofp/libcr_c.a(ftell.o)
 .ARM.attributes
                0x0000000000000600       0x2d /usr/local/mcuxpressoide-11.1.1_3241/ide/plugins/com.nxp.mcuxpresso.tools.linux_11.1.0.202001081728/tools/bin/../lib/gcc/arm-none-eabi/8.3.1/../../../../arm-none-eabi/lib/thumb/v7-m/nofp/libcr_c.a(remove.o)
 .ARM.attributes
                0x000000000000062d       0x2d /usr/local/mcuxpressoide-11.1.1_3241/ide/plugins/com.nxp.mcuxpresso.tools.linux_11.1.0.202001081728/tools/bin/../lib/gcc/arm-none-eabi/8.3.1/../../../../arm-none-eabi/lib/thumb/v7-m/nofp/libcr_c.a(_cr_check_heap.o)
 .ARM.attributes
                0x000000000000065a       0x2d /usr/local/mcuxpressoide-11.1.1_3241/ide/plugins/com.nxp.mcuxpresso.tools.linux_11.1.0.202001081728/tools/bin/../lib/gcc/arm-none-eabi/8.3.1/../../../../arm-none-eabi/lib/thumb/v7-m/nofp/libcr_c.a(_do_fflush.o)
 .ARM.attributes
                0x0000000000000687       0x1b /usr/local/mcuxpressoide-11.1.1_3241/ide/plugins/com.nxp.mcuxpresso.tools.linux_11.1.0.202001081728/tools/bin/../lib/gcc/arm-none-eabi/8.3.1/thumb/v7-m/nofp/libcr_eabihelpers.a(memcpy.o)
 .ARM.attributes
                0x00000000000006a2       0x33 /usr/local/mcuxpressoide-11.1.1_3241/ide/plugins/com.nxp.mcuxpresso.tools.linux_11.1.0.202001081728/tools/bin/../lib/gcc/arm-none-eabi/8.3.1/../../../../arm-none-eabi/lib/thumb/v7-m/nofp/libcr_nohost.a(__ciob.o)
 .ARM.attributes
                0x00000000000006d5       0x2d /usr/local/mcuxpressoide-11.1.1_3241/ide/plugins/com.nxp.mcuxpresso.tools.linux_11.1.0.202001081728/tools/bin/../lib/gcc/arm-none-eabi/8.3.1/../../../../arm-none-eabi/lib/thumb/v7-m/nofp/libcr_nohost.a(__sys_close.o)
 .ARM.attributes
                0x0000000000000702       0x2d /usr/local/mcuxpressoide-11.1.1_3241/ide/plugins/com.nxp.mcuxpresso.tools.linux_11.1.0.202001081728/tools/bin/../lib/gcc/arm-none-eabi/8.3.1/../../../../arm-none-eabi/lib/thumb/v7-m/nofp/libcr_nohost.a(__sys_flen.o)
 .ARM.attributes
                0x000000000000072f       0x2d /usr/local/mcuxpressoide-11.1.1_3241/ide/plugins/com.nxp.mcuxpresso.tools.linux_11.1.0.202001081728/tools/bin/../lib/gcc/arm-none-eabi/8.3.1/../../../../arm-none-eabi/lib/thumb/v7-m/nofp/libcr_nohost.a(__sys_istty.o)
 .ARM.attributes
                0x000000000000075c       0x2d /usr/local/mcuxpressoide-11.1.1_3241/ide/plugins/com.nxp.mcuxpresso.tools.linux_11.1.0.202001081728/tools/bin/../lib/gcc/arm-none-eabi/8.3.1/../../../../arm-none-eabi/lib/thumb/v7-m/nofp/libcr_nohost.a(__sys_remove.o)
 .ARM.attributes
                0x0000000000000789       0x2d /usr/local/mcuxpressoide-11.1.1_3241/ide/plugins/com.nxp.mcuxpresso.tools.linux_11.1.0.202001081728/tools/bin/../lib/gcc/arm-none-eabi/8.3.1/../../../../arm-none-eabi/lib/thumb/v7-m/nofp/libcr_nohost.a(__sys_seek.o)
 .ARM.attributes
                0x00000000000007b6       0x2d /usr/local/mcuxpressoide-11.1.1_3241/ide/plugins/com.nxp.mcuxpresso.tools.linux_11.1.0.202001081728/tools/bin/../lib/gcc/arm-none-eabi/8.3.1/../../../../arm-none-eabi/lib/thumb/v7-m/nofp/libcr_nohost.a(__sys_tmpnam.o)

.debug_frame    0x0000000000000000     0x2258
 .debug_frame   0x0000000000000000      0x170 ./my_freeRTOS_blinky_proj/src/cr_startup_lpc175x_6x.o
 .debug_frame   0x0000000000000170       0xb0 ./my_freeRTOS_blinky_proj/src/freertos_countingsemaphore.o
 .debug_frame   0x0000000000000220       0x34 ./my_freeRTOS_blinky_proj/src/sysinit.o
 .debug_frame   0x0000000000000254       0xb0 ./freertos/src/FreeRTOSCommonHooks.o
 .debug_frame   0x0000000000000304       0x58 ./freertos/src/heap_3.o
 .debug_frame   0x000000000000035c       0xd8 ./freertos/src/list.o
 .debug_frame   0x0000000000000434      0x198 ./freertos/src/port.o
 .debug_frame   0x00000000000005cc      0x404 ./freertos/src/queue.o
 .debug_frame   0x00000000000009d0      0x634 ./freertos/src/tasks.o