Archive member included to satisfy reference by file (symbol)

/home/navjot/Documents/MCUXpresso_11.1.1_3241/workspace/lpc_board_nxp_lpcxpresso_1769/Debug/liblpc_board_nxp_lpcxpresso_1769.a(board.o)
                              ./freertos/src/FreeRTOSCommonHooks.o (Board_UARTPutSTR)
/home/navjot/Documents/MCUXpresso_11.1.1_3241/workspace/lpc_board_nxp_lpcxpresso_1769/Debug/liblpc_board_nxp_lpcxpresso_1769.a(board_sysinit.o)
                              ./my_freeRTOS_blinky_timers/src/sysinit.o (Board_SystemInit)
/home/navjot/Documents/MCUXpresso_11.1.1_3241/workspace/lpc_chip_175x_6x/Debug/liblpc_chip_175x_6x.a(chip_17xx_40xx.o)
                              ./freertos/src/port.o (SystemCoreClock)
/home/navjot/Documents/MCUXpresso_11.1.1_3241/workspace/lpc_chip_175x_6x/Debug/liblpc_chip_175x_6x.a(clock_17xx_40xx.o)
                              /home/navjot/Documents/MCUXpresso_11.1.1_3241/workspace/lpc_chip_175x_6x/Debug/liblpc_chip_175x_6x.a(chip_17xx_40xx.o) (Chip_Clock_EnablePLL)
/home/navjot/Documents/MCUXpresso_11.1.1_3241/workspace/lpc_chip_175x_6x/Debug/liblpc_chip_175x_6x.a(i2s_17xx_40xx.o)
                              /home/navjot/Documents/MCUXpresso_11.1.1_3241/workspace/lpc_board_nxp_lpcxpresso_1769/Debug/liblpc_board_nxp_lpcxpresso_1769.a(board.o) (Chip_I2S_Init)
/home/navjot/Documents/MCUXpresso_11.1.1_3241/workspace/lpc_chip_175x_6x/Debug/liblpc_chip_175x_6x.a(iocon_17xx_40xx.o)
                              /home/navjot/Documents/MCUXpresso_11.1.1_3241/workspace/lpc_board_nxp_lpcxpresso_1769/Debug/liblpc_board_nxp_lpcxpresso_1769.a(board.o) (Chip_IOCON_PinMux)
/home/navjot/Documents/MCUXpresso_11.1.1_3241/workspace/lpc_chip_175x_6x/Debug/liblpc_chip_175x_6x.a(sysinit_17xx_40xx.o)
                              /home/navjot/Documents/MCUXpresso_11.1.1_3241/workspace/lpc_board_nxp_lpcxpresso_1769/Debug/liblpc_board_nxp_lpcxpresso_1769.a(board_sysinit.o) (Chip_SetupXtalClocking)
/home/navjot/Documents/MCUXpresso_11.1.1_3241/workspace/lpc_chip_175x_6x/Debug/liblpc_chip_175x_6x.a(uart_17xx_40xx.o)
                              /home/navjot/Documents/MCUXpresso_11.1.1_3241/workspace/lpc_board_nxp_lpcxpresso_1769/Debug/liblpc_board_nxp_lpcxpresso_1769.a(board.o) (Chip_UART_Init)
/home/navjot/Documents/MCUXpresso_11.1.1_3241/workspace/lpc_chip_175x_6x/Debug/liblpc_chip_175x_6x.a(ring_buffer.o)
                              /home/navjot/Documents/MCUXpresso_11.1.1_3241/workspace/lpc_chip_175x_6x/Debug/liblpc_chip_175x_6x.a(uart_17xx_40xx.o) (RingBuffer_Insert)
/usr/local/mcuxpressoide-11.1.1_3241/ide/plugins/com.nxp.mcuxpresso.tools.linux_11.1.0.202001081728/tools/bin/../lib/gcc/arm-none-eabi/8.3.1/../../../../arm-none-eabi/lib/thumb/v7-m/nofp/libcr_nohost.a(_cr__main.o)
                              ./my_freeRTOS_blinky_timers/src/cr_startup_lpc175x_6x.o (__main)
/usr/local/mcuxpressoide-11.1.1_3241/ide/plugins/com.nxp.mcuxpresso.tools.linux_11.1.0.202001081728/tools/bin/../lib/gcc/arm-none-eabi/8.3.1/../../../../arm-none-eabi/lib/thumb/v7-m/nofp/libcr_c.a(memcpy.o)
                              ./freertos/src/queue.o (memcpy)
/usr/local/mcuxpressoide-11.1.1_3241/ide/plugins/com.nxp.mcuxpresso.tools.linux_11.1.0.202001081728/tools/bin/../lib/gcc/arm-none-eabi/8.3.1/../../../../arm-none-eabi/lib/thumb/v7-m/nofp/libcr_c.a(memset.o)
                              ./freertos/src/tasks.o (memset)
/usr/local/mcuxpressoide-11.1.1_3241/ide/plugins/com.nxp.mcuxpresso.tools.linux_11.1.0.202001081728/tools/bin/../lib/gcc/arm-none-eabi/8.3.1/../../../../arm-none-eabi/lib/thumb/v7-m/nofp/libcr_c.a(alloc.o)
                              ./freertos/src/heap_3.o (malloc)
/usr/local/mcuxpressoide-11.1.1_3241/ide/plugins/com.nxp.mcuxpresso.tools.linux_11.1.0.202001081728/tools/bin/../lib/gcc/arm-none-eabi/8.3.1/../../../../arm-none-eabi/lib/thumb/v7-m/nofp/libcr_c.a(fpprintf.o)
                              ./freertos/src/FreeRTOSCommonHooks.o (printf)
/usr/local/mcuxpressoide-11.1.1_3241/ide/plugins/com.nxp.mcuxpresso.tools.linux_11.1.0.202001081728/tools/bin/../lib/gcc/arm-none-eabi/8.3.1/../../../../arm-none-eabi/lib/thumb/v7-m/nofp/libcr_c.a(initio.o)
                              /usr/local/mcuxpressoide-11.1.1_3241/ide/plugins/com.nxp.mcuxpresso.tools.linux_11.1.0.202001081728/tools/bin/../lib/gcc/arm-none-eabi/8.3.1/../../../../arm-none-eabi/lib/thumb/v7-m/nofp/libcr_nohost.a(_cr__main.o) (_initio)
/usr/local/mcuxpressoide-11.1.1_3241/ide/plugins/com.nxp.mcuxpresso.tools.linux_11.1.0.202001081728/tools/bin/../lib/gcc/arm-none-eabi/8.3.1/../../../../arm-none-eabi/lib/thumb/v7-m/nofp/libcr_c.a(printf.o)
                              /usr/local/mcuxpressoide-11.1.1_3241/ide/plugins/com.nxp.mcuxpresso.tools.linux_11.1.0.202001081728/tools/bin/../lib/gcc/arm-none-eabi/8.3.1/../../../../arm-none-eabi/lib/thumb/v7-m/nofp/libcr_c.a(fpprintf.o) (__vfprintf)
[...]
Memory Configuration

Name             Origin             Length             Attributes
MFlash512        0x0000000000000000 0x0000000000080000 xr
RamLoc32         0x0000000010000000 0x0000000000008000 xrw
RamAHB32         0x000000002007c000 0x0000000000008000 xrw
*default*        0x0000000000000000 0xffffffffffffffff

Linker script and memory map

LOAD ./my_freeRTOS_blinky_timers/src/cr_startup_lpc175x_6x.o
LOAD ./my_freeRTOS_blinky_timers/src/my_code_freertos_blinky_timers.o
LOAD ./my_freeRTOS_blinky_timers/src/sysinit.o
LOAD ./freertos/src/FreeRTOSCommonHooks.o
LOAD ./freertos/src/heap_3.o
LOAD ./freertos/src/list.o
LOAD ./freertos/src/port.o
LOAD ./freertos/src/queue.o
LOAD ./freertos/src/tasks.o
LOAD ./freertos/src/timers.o
LOAD /home/navjot/Documents/MCUXpresso_11.1.1_3241/workspace/lpc_board_nxp_lpcxpresso_1769/Debug/liblpc_board_nxp_lpcxpresso_1769.a
LOAD /home/navjot/Documents/MCUXpresso_11.1.1_3241/workspace/lpc_chip_175x_6x/Debug/liblpc_chip_175x_6x.a
START GROUP
LOAD /usr/local/mcuxpressoide-11.1.1_3241/ide/plugins/com.nxp.mcuxpresso.tools.linux_11.1.0.202001081728/tools/bin/../lib/gcc/arm-none-eabi/8.3.1/../../../../arm-none-eabi/lib/thumb/v7-m/nofp/libcr_nohost.a
LOAD /usr/local/mcuxpressoide-11.1.1_3241/ide/plugins/com.nxp.mcuxpresso.tools.linux_11.1.0.202001081728/tools/bin/../lib/gcc/arm-none-eabi/8.3.1/../../../../arm-none-eabi/lib/thumb/v7-m/nofp/libcr_c.a
LOAD /usr/local/mcuxpressoide-11.1.1_3241/ide/plugins/com.nxp.mcuxpresso.tools.linux_11.1.0.202001081728/tools/bin/../lib/gcc/arm-none-eabi/8.3.1/thumb/v7-m/nofp/libcr_eabihelpers.a
LOAD /usr/local/mcuxpressoide-11.1.1_3241/ide/plugins/com.nxp.mcuxpresso.tools.linux_11.1.0.202001081728/tools/bin/../lib/gcc/arm-none-eabi/8.3.1/thumb/v7-m/nofp/libgcc.a
END GROUP
                0x0000000000000000                __base_MFlash512 = 0x0
                0x0000000000000000                __base_Flash = 0x0
                0x0000000000080000                __top_MFlash512 = 0x80000
                0x0000000000080000                __top_Flash = 0x80000
                0x0000000010000000                __base_RamLoc32 = 0x10000000
                0x0000000010000000                __base_RAM = 0x10000000
                0x0000000010008000                __top_RamLoc32 = 0x10008000
                0x0000000010008000                __top_RAM = 0x10008000
                0x000000002007c000                __base_RamAHB32 = 0x2007c000
                0x000000002007c000                __base_RAM2 = 0x2007c000
                0x0000000020084000                __top_RamAHB32 = 0x20084000
                0x0000000020084000                __top_RAM2 = 0x20084000

.text           0x0000000000000000     0x3488
 FILL mask 0xff
                0x0000000000000000                __vectors_start__ = ABSOLUTE (.)
 *(.isr_vector)
 .isr_vector    0x0000000000000000       0xcc ./my_freeRTOS_blinky_timers/src/cr_startup_lpc175x_6x.o
                0x0000000000000000                g_pfnVectors
                0x00000000000000cc                . = ALIGN (0x4)
                0x00000000000000cc                __section_table_start = .
                0x00000000000000cc                __data_section_table = .
                0x00000000000000cc        0x4 LONG 0x3488 LOADADDR (.data)
                0x00000000000000d0        0x4 LONG 0x10000000 ADDR (.data)
                0x00000000000000d4        0x4 LONG 0x10 SIZEOF (.data)
                0x00000000000000d8        0x4 LONG 0x3488 LOADADDR (.data_RAM2)
                0x00000000000000dc        0x4 LONG 0x2007c000 ADDR (.data_RAM2)
                0x00000000000000e0        0x4 LONG 0x0 SIZEOF (.data_RAM2)
                0x00000000000000e4                __data_section_table_end = .
                0x00000000000000e4                __bss_section_table = .
                0x00000000000000e4        0x4 LONG 0x10000010 ADDR (.bss)
                0x00000000000000e8        0x4 LONG 0x378 SIZEOF (.bss)
                0x00000000000000ec        0x4 LONG 0x2007c000 ADDR (.bss_RAM2)
                0x00000000000000f0        0x4 LONG 0x0 SIZEOF (.bss_RAM2)
                0x00000000000000f4                __bss_section_table_end = .
                0x00000000000000f4                __section_table_end = .
 *(.after_vectors*)
 .after_vectors
                0x00000000000000f4      0x12c ./my_freeRTOS_blinky_timers/src/cr_startup_lpc175x_6x.o
                0x00000000000000f4                data_init
                0x0000000000000136                bss_init
                0x000000000000016c                ResetISR
                0x00000000000001e4                NMI_Handler
                0x00000000000001ea                HardFault_Handler
                0x00000000000001f0                MemManage_Handler
                0x00000000000001f6                BusFault_Handler
                0x00000000000001fc                UsageFault_Handler
                0x0000000000000208                DebugMon_Handler
                0x000000000000021a                TIMER2_IRQHandler
                0x000000000000021a                RIT_IRQHandler
                0x000000000000021a                I2C0_IRQHandler
                0x000000000000021a                USBActivity_IRQHandler
                0x000000000000021a                PWM1_IRQHandler
                0x000000000000021a                I2C1_IRQHandler
                0x000000000000021a                EINT2_IRQHandler
                0x000000000000021a                UART1_IRQHandler
                0x000000000000021a                EINT3_IRQHandler
                0x000000000000021a                CANActivity_IRQHandler
                0x000000000000021a                TIMER3_IRQHandler
                0x000000000000021a                UART0_IRQHandler
                0x000000000000021a                IntDefaultHandler
                0x000000000000021a                PLL0_IRQHandler
                0x000000000000021a                CAN_IRQHandler
                0x000000000000021a                PLL1_IRQHandler
                0x000000000000021a                SSP0_IRQHandler
                0x000000000000021a                I2S_IRQHandler
                0x000000000000021a                I2C2_IRQHandler
                0x000000000000021a                RTC_IRQHandler
                0x000000000000021a                TIMER0_IRQHandler
                0x000000000000021a                SPI_IRQHandler
                0x000000000000021a                EINT1_IRQHandler
                0x000000000000021a                TIMER1_IRQHandler
                0x000000000000021a                UART2_IRQHandler
                0x000000000000021a                ADC_IRQHandler
                0x000000000000021a                SSP1_IRQHandler
                0x000000000000021a                USB_IRQHandler
                0x000000000000021a                BOD_IRQHandler
                0x000000000000021a                WDT_IRQHandler
                0x000000000000021a                QEI_IRQHandler
                0x000000000000021a                EINT0_IRQHandler
                0x000000000000021a                ETH_IRQHandler
                0x000000000000021a                DMA_IRQHandler
                0x000000000000021a                UART3_IRQHandler
                0x000000000000021a                MCPWM_IRQHandler
 *(.text*)
 .text.prvSetupHardware
                0x0000000000000220       0x28 ./my_freeRTOS_blinky_timers/src/my_code_freertos_blinky_timers.o
 .text.vTimerCallbackfunc
                0x0000000000000248       0x68 ./my_freeRTOS_blinky_timers/src/my_code_freertos_blinky_timers.o
 .text.vLEDTask1
                0x00000000000002b0       0x70 ./my_freeRTOS_blinky_timers/src/my_code_freertos_blinky_timers.o
 .text.main     0x0000000000000320       0x80 ./my_freeRTOS_blinky_timers/src/my_code_freertos_blinky_timers.o
                0x0000000000000320                main
 .text.SystemInit
                0x00000000000003a0       0x24 ./my_freeRTOS_blinky_timers/src/sysinit.o
                0x00000000000003a0                SystemInit
 .text.vApplicationIdleHook
                0x00000000000003c4        0xe ./freertos/src/FreeRTOSCommonHooks.o
                0x00000000000003c4                vApplicationIdleHook
 .text.pvPortMalloc
                0x00000000000003d2       0x22 ./freertos/src/heap_3.o
                0x00000000000003d2                pvPortMalloc
 .text.vPortFree
                0x00000000000003f4       0x24 ./freertos/src/heap_3.o
                0x00000000000003f4                vPortFree
 .text.vListInitialise
                0x0000000000000418       0x3e ./freertos/src/list.o
                0x0000000000000418                vListInitialise
 .text.vListInitialiseItem
                0x0000000000000456       0x18 ./freertos/src/list.o
                0x0000000000000456                vListInitialiseItem
 .text.vListInsertEnd
                0x000000000000046e       0x46 ./freertos/src/list.o
                0x000000000000046e                vListInsertEnd
 .text.vListInsert
                0x00000000000004b4       0x70 ./freertos/src/list.o
                0x00000000000004b4                vListInsert
 .text.uxListRemove
                0x0000000000000524       0x52 ./freertos/src/list.o
                0x0000000000000524                uxListRemove
 *fill*         0x0000000000000576        0x2 ff
 .text.pxPortInitialiseStack
                0x0000000000000578       0x54 ./freertos/src/port.o
                0x0000000000000578                pxPortInitialiseStack
 .text.prvTaskExitError
                0x00000000000005cc        0xa ./freertos/src/port.o
 *fill*         0x00000000000005d6        0x2 ff
 .text.SVC_Handler
                0x00000000000005d8       0x24 ./freertos/src/port.o
                0x00000000000005d8                SVC_Handler
 .text.prvPortStartFirstTask
                0x00000000000005fc       0x18 ./freertos/src/port.o
 .text.xPortStartScheduler
                0x0000000000000614       0x38 ./freertos/src/port.o
                0x0000000000000614                xPortStartScheduler
 .text.vPortYield
                0x000000000000064c       0x20 ./freertos/src/port.o
                0x000000000000064c                vPortYield
 .text.vPortEnterCritical
                0x000000000000066c       0x24 ./freertos/src/port.o
                0x000000000000066c                vPortEnterCritical
 .text.vPortExitCritical
                0x0000000000000690       0x24 ./freertos/src/port.o
                0x0000000000000690                vPortExitCritical
 .text.ulPortSetInterruptMask
                0x00000000000006b4       0x12 ./freertos/src/port.o
                0x00000000000006b4                ulPortSetInterruptMask
 .text.vPortClearInterruptMask
                0x00000000000006c6        0x8 ./freertos/src/port.o
                0x00000000000006c6                vPortClearInterruptMask
 *fill*         0x00000000000006ce        0x2 ff
 .text.PendSV_Handler
                0x00000000000006d0       0x40 ./freertos/src/port.o
                0x00000000000006d0                PendSV_Handler
 .text.SysTick_Handler
                0x0000000000000710       0x28 ./freertos/src/port.o
                0x0000000000000710                SysTick_Handler
 .text.vPortSuppressTicksAndSleep
                0x0000000000000738      0x15c ./freertos/src/port.o
                0x0000000000000738                vPortSuppressTicksAndSleep
 .text.vPortSetupTimerInterrupt
                0x0000000000000894       0x68 ./freertos/src/port.o
                0x0000000000000894                vPortSetupTimerInterrupt
 .text.xQueueGenericReset
                0x00000000000008fc       0xa4 ./freertos/src/queue.o
                0x00000000000008fc                xQueueGenericReset
 .text.xQueueGenericCreate
                0x00000000000009a0       0x78 ./freertos/src/queue.o
                0x00000000000009a0                xQueueGenericCreate
 .text.xQueueGenericSend
                0x0000000000000a18      0x110 ./freertos/src/queue.o
                0x0000000000000a18                xQueueGenericSend
 .text.xQueueGenericSendFromISR
                0x0000000000000b28       0x88 ./freertos/src/queue.o
                0x0000000000000b28                xQueueGenericSendFromISR
 .text.xQueueGenericReceive
                0x0000000000000bb0      0x16c ./freertos/src/queue.o
                0x0000000000000bb0                xQueueGenericReceive
 .text.prvCopyDataToQueue
                0x0000000000000d1c       0xce ./freertos/src/queue.o
 .text.prvCopyDataFromQueue
                0x0000000000000dea       0x4c ./freertos/src/queue.o
 .text.prvUnlockQueue
                0x0000000000000e36       0x98 ./freertos/src/queue.o
 .text.prvIsQueueEmpty
                0x0000000000000ece       0x2c ./freertos/src/queue.o
 .text.prvIsQueueFull
                0x0000000000000efa       0x30 ./freertos/src/queue.o
 .text.vQueueWaitForMessageRestricted
                0x0000000000000f2a       0x58 ./freertos/src/queue.o
                0x0000000000000f2a                vQueueWaitForMessageRestricted
 *fill*         0x0000000000000f82        0x2 ff
 .text.xTaskGenericCreate
                0x0000000000000f84      0x140 ./freertos/src/tasks.o
                0x0000000000000f84                xTaskGenericCreate
 .text.vTaskDelay
                0x00000000000010c4       0x54 ./freertos/src/tasks.o
                0x00000000000010c4                vTaskDelay
 .text.vTaskStartScheduler
                0x0000000000001118       0x64 ./freertos/src/tasks.o
                0x0000000000001118                vTaskStartScheduler
 .text.vTaskSuspendAll
                0x000000000000117c       0x1c ./freertos/src/tasks.o
                0x000000000000117c                vTaskSuspendAll
 .text.prvGetExpectedIdleTime
                0x0000000000001198       0x4c ./freertos/src/tasks.o
 .text.xTaskResumeAll
                0x00000000000011e4       0xfc ./freertos/src/tasks.o
                0x00000000000011e4                xTaskResumeAll
 .text.xTaskGetTickCount
                0x00000000000012e0       0x24 ./freertos/src/tasks.o
                0x00000000000012e0                xTaskGetTickCount
 .text.vTaskStepTick
                0x0000000000001304       0x24 ./freertos/src/tasks.o
                0x0000000000001304                vTaskStepTick
 .text.xTaskIncrementTick
                0x0000000000001328      0x18c ./freertos/src/tasks.o
                0x0000000000001328                xTaskIncrementTick
 .text.vTaskSwitchContext
                0x00000000000014b4       0x98 ./freertos/src/tasks.o
                0x00000000000014b4                vTaskSwitchContext
 .text.vTaskPlaceOnEventList
                0x000000000000154c       0x60 ./freertos/src/tasks.o
                0x000000000000154c                vTaskPlaceOnEventList
 .text.vTaskPlaceOnEventListRestricted
                0x00000000000015ac       0x44 ./freertos/src/tasks.o
                0x00000000000015ac                vTaskPlaceOnEventListRestricted
 .text.xTaskRemoveFromEventList
                0x00000000000015f0       0xac ./freertos/src/tasks.o
                0x00000000000015f0                xTaskRemoveFromEventList
 .text.vTaskSetTimeOutState
                0x000000000000169c       0x2c ./freertos/src/tasks.o
                0x000000000000169c                vTaskSetTimeOutState
 .text.xTaskCheckForTimeOut
                0x00000000000016c8       0x88 ./freertos/src/tasks.o
                0x00000000000016c8                xTaskCheckForTimeOut
 .text.vTaskMissedYield
                0x0000000000001750       0x18 ./freertos/src/tasks.o
                0x0000000000001750                vTaskMissedYield
 .text.prvIdleTask
                0x0000000000001768       0x48 ./freertos/src/tasks.o
 .text.eTaskConfirmSleepModeStatus
                0x00000000000017b0       0x38 ./freertos/src/tasks.o
                0x00000000000017b0                eTaskConfirmSleepModeStatus
 .text.prvInitialiseTCBVariables
                0x00000000000017e8       0x98 ./freertos/src/tasks.o
 .text.prvInitialiseTaskLists
                0x0000000000001880       0x80 ./freertos/src/tasks.o
 .text.prvCheckTasksWaitingTermination
                0x0000000000001900       0x78 ./freertos/src/tasks.o
 .text.prvAddCurrentTaskToDelayedList
                0x0000000000001978       0x6c ./freertos/src/tasks.o
 .text.prvAllocateTCBAndStack
                0x00000000000019e4       0x62 ./freertos/src/tasks.o
 .text.prvDeleteTCB
                0x0000000000001a46       0x20 ./freertos/src/tasks.o
 *fill*         0x0000000000001a66        0x2 ff
 .text.xTaskGetCurrentTaskHandle
                0x0000000000001a68       0x1c ./freertos/src/tasks.o
                0x0000000000001a68                xTaskGetCurrentTaskHandle
 .text.xTaskGetSchedulerState
                0x0000000000001a84       0x3c ./freertos/src/tasks.o
                0x0000000000001a84                xTaskGetSchedulerState
 .text.vTaskPriorityInherit
                0x0000000000001ac0       0xb4 ./freertos/src/tasks.o
                0x0000000000001ac0                vTaskPriorityInherit
 .text.vTaskPriorityDisinherit
                0x0000000000001b74       0x7c ./freertos/src/tasks.o
                0x0000000000001b74                vTaskPriorityDisinherit
 .text.xTimerCreateTimerTask
                0x0000000000001bf0       0x4c ./freertos/src/timers.o
                0x0000000000001bf0                xTimerCreateTimerTask
 .text.xTimerCreate
                0x0000000000001c3c       0x5e ./freertos/src/timers.o
                0x0000000000001c3c                xTimerCreate
 *fill*         0x0000000000001c9a        0x2 ff
 .text.xTimerGenericCommand
                0x0000000000001c9c       0x80 ./freertos/src/timers.o
                0x0000000000001c9c                xTimerGenericCommand
 .text.prvProcessExpiredTimer
                0x0000000000001d1c       0x64 ./freertos/src/timers.o
 .text.prvTimerTask
                0x0000000000001d80       0x24 ./freertos/src/timers.o
 .text.prvProcessTimerOrBlockTask
                0x0000000000001da4       0x6c ./freertos/src/timers.o
 .text.prvGetNextExpireTime
                0x0000000000001e10       0x48 ./freertos/src/timers.o
 .text.prvSampleTimeNow
                0x0000000000001e58       0x44 ./freertos/src/timers.o
 .text.prvInsertTimerInActiveList
                0x0000000000001e9c       0x84 ./freertos/src/timers.o
 .text.prvProcessReceivedCommands
                0x0000000000001f20       0xcc ./freertos/src/timers.o
 .text.prvSwitchTimerLists
                0x0000000000001fec       0xa8 ./freertos/src/timers.o
 .text.prvCheckForValidListAndQueue
                0x0000000000002094       0x54 ./freertos/src/timers.o
 .text.Chip_IOCON_Init
                0x00000000000020e8       0x16 /home/navjot/Documents/MCUXpresso_11.1.1_3241/workspace/lpc_board_nxp_lpcxpresso_1769/Debug/liblpc_board_nxp_lpcxpresso_1769.a(board.o)
 .text.Chip_GPIO_Init
                0x00000000000020fe       0x16 /home/navjot/Documents/MCUXpresso_11.1.1_3241/workspace/lpc_board_nxp_lpcxpresso_1769/Debug/liblpc_board_nxp_lpcxpresso_1769.a(board.o)
 .text.Chip_GPIO_SetPinState
                0x0000000000002114       0x64 /home/navjot/Documents/MCUXpresso_11.1.1_3241/workspace/lpc_board_nxp_lpcxpresso_1769/Debug/liblpc_board_nxp_lpcxpresso_1769.a(board.o)
 .text.Chip_GPIO_WritePortBit
                0x0000000000002178       0x2c /home/navjot/Documents/MCUXpresso_11.1.1_3241/workspace/lpc_board_nxp_lpcxpresso_1769/Debug/liblpc_board_nxp_lpcxpresso_1769.a(board.o)
 .text.Chip_GPIO_SetPinDIROutput
                0x00000000000021a4       0x36 /home/navjot/Documents/MCUXpresso_11.1.1_3241/workspace/lpc_board_nxp_lpcxpresso_1769/Debug/liblpc_board_nxp_lpcxpresso_1769.a(board.o)
 .text.Chip_GPIO_SetPinDIRInput
                0x00000000000021da       0x3a /home/navjot/Documents/MCUXpresso_11.1.1_3241/workspace/lpc_board_nxp_lpcxpresso_1769/Debug/liblpc_board_nxp_lpcxpresso_1769.a(board.o)
 .text.Chip_GPIO_SetPinDIR
                0x0000000000002214       0x42 /home/navjot/Documents/MCUXpresso_11.1.1_3241/workspace/lpc_board_nxp_lpcxpresso_1769/Debug/liblpc_board_nxp_lpcxpresso_1769.a(board.o)
 .text.Chip_GPIO_WriteDirBit
                0x0000000000002256       0x2e /home/navjot/Documents/MCUXpresso_11.1.1_3241/workspace/lpc_board_nxp_lpcxpresso_1769/Debug/liblpc_board_nxp_lpcxpresso_1769.a(board.o)
 .text.Chip_UART_SendByte
                0x0000000000002284       0x1c /home/navjot/Documents/MCUXpresso_11.1.1_3241/workspace/lpc_board_nxp_lpcxpresso_1769/Debug/liblpc_board_nxp_lpcxpresso_1769.a(board.o)
 .text.Chip_UART_ConfigData
                0x00000000000022a0       0x1a /home/navjot/Documents/MCUXpresso_11.1.1_3241/workspace/lpc_board_nxp_lpcxpresso_1769/Debug/liblpc_board_nxp_lpcxpresso_1769.a(board.o)
 .text.Chip_UART_ReadLineStatus
                0x00000000000022ba       0x16 /home/navjot/Documents/MCUXpresso_11.1.1_3241/workspace/lpc_board_nxp_lpcxpresso_1769/Debug/liblpc_board_nxp_lpcxpresso_1769.a(board.o)
 .text.__sys_write
                0x00000000000022d0       0x38 /home/navjot/Documents/MCUXpresso_11.1.1_3241/workspace/lpc_board_nxp_lpcxpresso_1769/Debug/liblpc_board_nxp_lpcxpresso_1769.a(board.o)
                0x00000000000022d0                __sys_write
 .text.Board_LED_Init
                0x0000000000002308       0x30 /home/navjot/Documents/MCUXpresso_11.1.1_3241/workspace/lpc_board_nxp_lpcxpresso_1769/Debug/liblpc_board_nxp_lpcxpresso_1769.a(board.o)
 .text.Board_UART_Init
                0x0000000000002338       0x12 /home/navjot/Documents/MCUXpresso_11.1.1_3241/workspace/lpc_board_nxp_lpcxpresso_1769/Debug/liblpc_board_nxp_lpcxpresso_1769.a(board.o)
                0x0000000000002338                Board_UART_Init
 *fill*         0x000000000000234a        0x2 ff
 .text.Board_Debug_Init
                0x000000000000234c       0x30 /home/navjot/Documents/MCUXpresso_11.1.1_3241/workspace/lpc_board_nxp_lpcxpresso_1769/Debug/liblpc_board_nxp_lpcxpresso_1769.a(board.o)
                0x000000000000234c                Board_Debug_Init
 .text.Board_UARTPutChar
                0x000000000000237c       0x34 /home/navjot/Documents/MCUXpresso_11.1.1_3241/workspace/lpc_board_nxp_lpcxpresso_1769/Debug/liblpc_board_nxp_lpcxpresso_1769.a(board.o)
                0x000000000000237c                Board_UARTPutChar
 .text.Board_LED_Set
                0x00000000000023b0       0x54 /home/navjot/Documents/MCUXpresso_11.1.1_3241/workspace/lpc_board_nxp_lpcxpresso_1769/Debug/liblpc_board_nxp_lpcxpresso_1769.a(board.o)
                0x00000000000023b0                Board_LED_Set
 .text.Board_Init
                0x0000000000002404       0x24 /home/navjot/Documents/MCUXpresso_11.1.1_3241/workspace/lpc_board_nxp_lpcxpresso_1769/Debug/liblpc_board_nxp_lpcxpresso_1769.a(board.o)
                0x0000000000002404                Board_Init
 .text.Chip_SYSCTL_SetFLASHAccess
                0x0000000000002428       0x30 /home/navjot/Documents/MCUXpresso_11.1.1_3241/workspace/lpc_board_nxp_lpcxpresso_1769/Debug/liblpc_board_nxp_lpcxpresso_1769.a(board_sysinit.o)
 .text.Board_SetupMuxing
                0x0000000000002458       0x1c /home/navjot/Documents/MCUXpresso_11.1.1_3241/workspace/lpc_board_nxp_lpcxpresso_1769/Debug/liblpc_board_nxp_lpcxpresso_1769.a(board_sysinit.o)
                0x0000000000002458                Board_SetupMuxing
 .text.Board_SetupClocking
                0x0000000000002474       0x12 /home/navjot/Documents/MCUXpresso_11.1.1_3241/workspace/lpc_board_nxp_lpcxpresso_1769/Debug/liblpc_board_nxp_lpcxpresso_1769.a(board_sysinit.o)
                0x0000000000002474                Board_SetupClocking
 .text.Board_SystemInit
                0x0000000000002486       0x10 /home/navjot/Documents/MCUXpresso_11.1.1_3241/workspace/lpc_board_nxp_lpcxpresso_1769/Debug/liblpc_board_nxp_lpcxpresso_1769.a(board_sysinit.o)
                0x0000000000002486                Board_SystemInit
 *fill*         0x0000000000002496        0x2 ff
 .text.SystemCoreClockUpdate
                0x0000000000002498       0x18 /home/navjot/Documents/MCUXpresso_11.1.1_3241/workspace/lpc_chip_175x_6x/Debug/liblpc_chip_175x_6x.a(chip_17xx_40xx.o)
                0x0000000000002498                SystemCoreClockUpdate
 .text.Chip_Clock_IsMainPLLEnabled
                0x00000000000024b0       0x24 /home/navjot/Documents/MCUXpresso_11.1.1_3241/workspace/lpc_chip_175x_6x/Debug/liblpc_chip_175x_6x.a(clock_17xx_40xx.o)
 .text.Chip_Clock_IsMainPLLConnected
                0x00000000000024d4       0x24 /home/navjot/Documents/MCUXpresso_11.1.1_3241/workspace/lpc_chip_175x_6x/Debug/liblpc_chip_175x_6x.a(clock_17xx_40xx.o)
 .text.Chip_Clock_FeedPLL
                0x00000000000024f8       0x34 /home/navjot/Documents/MCUXpresso_11.1.1_3241/workspace/lpc_chip_175x_6x/Debug/liblpc_chip_175x_6x.a(clock_17xx_40xx.o)
 .text.Chip_Clock_GetMainPLLSource
                0x000000000000252c       0x20 /home/navjot/Documents/MCUXpresso_11.1.1_3241/workspace/lpc_chip_175x_6x/Debug/liblpc_chip_175x_6x.a(clock_17xx_40xx.o)
 .text.Chip_Clock_GetMainOscRate
                0x000000000000254c       0x14 /home/navjot/Documents/MCUXpresso_11.1.1_3241/workspace/lpc_chip_175x_6x/Debug/liblpc_chip_175x_6x.a(clock_17xx_40xx.o)
 .text.Chip_Clock_GetIntOscRate
                0x0000000000002560       0x14 /home/navjot/Documents/MCUXpresso_11.1.1_3241/workspace/lpc_chip_175x_6x/Debug/liblpc_chip_175x_6x.a(clock_17xx_40xx.o)
 .text.Chip_Clock_GetRTCOscRate
                0x0000000000002574       0x14 /home/navjot/Documents/MCUXpresso_11.1.1_3241/workspace/lpc_chip_175x_6x/Debug/liblpc_chip_175x_6x.a(clock_17xx_40xx.o)
 .text.Chip_Clock_GetMainPLLInClockRate
                0x0000000000002588        0xe /home/navjot/Documents/MCUXpresso_11.1.1_3241/workspace/lpc_chip_175x_6x/Debug/liblpc_chip_175x_6x.a(clock_17xx_40xx.o)
 *fill*         0x0000000000002596        0x2 ff
 .text.Chip_Clock_EnablePLL
                0x0000000000002598       0x44 /home/navjot/Documents/MCUXpresso_11.1.1_3241/workspace/lpc_chip_175x_6x/Debug/liblpc_chip_175x_6x.a(clock_17xx_40xx.o)
                0x0000000000002598                Chip_Clock_EnablePLL
 .text.Chip_Clock_DisablePLL
                0x00000000000025dc       0x48 /home/navjot/Documents/MCUXpresso_11.1.1_3241/workspace/lpc_chip_175x_6x/Debug/liblpc_chip_175x_6x.a(clock_17xx_40xx.o)
                0x00000000000025dc                Chip_Clock_DisablePLL
 .text.Chip_Clock_SetupPLL
                0x0000000000002624       0x5c /home/navjot/Documents/MCUXpresso_11.1.1_3241/workspace/lpc_chip_175x_6x/Debug/liblpc_chip_175x_6x.a(clock_17xx_40xx.o)
                0x0000000000002624                Chip_Clock_SetupPLL
 .text.Chip_Clock_EnablePeriphClock
                0x0000000000002680       0x34 /home/navjot/Documents/MCUXpresso_11.1.1_3241/workspace/lpc_chip_175x_6x/Debug/liblpc_chip_175x_6x.a(clock_17xx_40xx.o)
                0x0000000000002680                Chip_Clock_EnablePeriphClock
 .text.Chip_Clock_GetCPUClockSource
                0x00000000000026b4       0x24 /home/navjot/Documents/MCUXpresso_11.1.1_3241/workspace/lpc_chip_175x_6x/Debug/liblpc_chip_175x_6x.a(clock_17xx_40xx.o)
                0x00000000000026b4                Chip_Clock_GetCPUClockSource
 .text.Chip_Clock_SetCPUClockDiv
                0x00000000000026d8       0x20 /home/navjot/Documents/MCUXpresso_11.1.1_3241/workspace/lpc_chip_175x_6x/Debug/liblpc_chip_175x_6x.a(clock_17xx_40xx.o)
                0x00000000000026d8                Chip_Clock_SetCPUClockDiv
 .text.Chip_Clock_GetCPUClockDiv
                0x00000000000026f8       0x1c /home/navjot/Documents/MCUXpresso_11.1.1_3241/workspace/lpc_chip_175x_6x/Debug/liblpc_chip_175x_6x.a(clock_17xx_40xx.o)
                0x00000000000026f8                Chip_Clock_GetCPUClockDiv
 .text.Chip_Clock_GetPCLKDiv
                0x0000000000002714       0x8c /home/navjot/Documents/MCUXpresso_11.1.1_3241/workspace/lpc_chip_175x_6x/Debug/liblpc_chip_175x_6x.a(clock_17xx_40xx.o)
                0x0000000000002714                Chip_Clock_GetPCLKDiv
 .text.Chip_Clock_GetSYSCLKRate
                0x00000000000027a0       0x34 /home/navjot/Documents/MCUXpresso_11.1.1_3241/workspace/lpc_chip_175x_6x/Debug/liblpc_chip_175x_6x.a(clock_17xx_40xx.o)
                0x00000000000027a0                Chip_Clock_GetSYSCLKRate
 .text.Chip_Clock_GetMainPLLOutClockRate
                0x00000000000027d4       0x54 /home/navjot/Documents/MCUXpresso_11.1.1_3241/workspace/lpc_chip_175x_6x/Debug/liblpc_chip_175x_6x.a(clock_17xx_40xx.o)
                0x00000000000027d4                Chip_Clock_GetMainPLLOutClockRate
 .text.Chip_Clock_GetMainClockRate
                0x0000000000002828       0x28 /home/navjot/Documents/MCUXpresso_11.1.1_3241/workspace/lpc_chip_175x_6x/Debug/liblpc_chip_175x_6x.a(clock_17xx_40xx.o)
                0x0000000000002828                Chip_Clock_GetMainClockRate
 .text.Chip_Clock_GetSystemClockRate
                0x0000000000002850       0x18 /home/navjot/Documents/MCUXpresso_11.1.1_3241/workspace/lpc_chip_175x_6x/Debug/liblpc_chip_175x_6x.a(clock_17xx_40xx.o)
                0x0000000000002850                Chip_Clock_GetSystemClockRate
 .text.Chip_Clock_GetPeripheralClockRate
                0x0000000000002868       0x26 /home/navjot/Documents/MCUXpresso_11.1.1_3241/workspace/lpc_chip_175x_6x/Debug/liblpc_chip_175x_6x.a(clock_17xx_40xx.o)
                0x0000000000002868                Chip_Clock_GetPeripheralClockRate
 .text.Chip_IOCON_PinMuxSet
                0x000000000000288e       0x36 /home/navjot/Documents/MCUXpresso_11.1.1_3241/workspace/lpc_chip_175x_6x/Debug/liblpc_chip_175x_6x.a(iocon_17xx_40xx.o)
                0x000000000000288e                Chip_IOCON_PinMuxSet
 .text.Chip_IOCON_PinMux
                0x00000000000028c4       0x94 /home/navjot/Documents/MCUXpresso_11.1.1_3241/workspace/lpc_chip_175x_6x/Debug/liblpc_chip_175x_6x.a(iocon_17xx_40xx.o)
                0x00000000000028c4                Chip_IOCON_PinMux
 .text.Chip_IOCON_SetPinMuxing
                0x0000000000002958       0x62 /home/navjot/Documents/MCUXpresso_11.1.1_3241/workspace/lpc_chip_175x_6x/Debug/liblpc_chip_175x_6x.a(iocon_17xx_40xx.o)
                0x0000000000002958                Chip_IOCON_SetPinMuxing
 *fill*         0x00000000000029ba        0x2 ff
 .text.Chip_Clock_IsMainPLLEnabled
                0x00000000000029bc       0x24 /home/navjot/Documents/MCUXpresso_11.1.1_3241/workspace/lpc_chip_175x_6x/Debug/liblpc_chip_175x_6x.a(sysinit_17xx_40xx.o)
 .text.Chip_Clock_IsMainPLLLocked
                0x00000000000029e0       0x24 /home/navjot/Documents/MCUXpresso_11.1.1_3241/workspace/lpc_chip_175x_6x/Debug/liblpc_chip_175x_6x.a(sysinit_17xx_40xx.o)
 .text.Chip_Clock_IsMainPLLConnected
                0x0000000000002a04       0x24 /home/navjot/Documents/MCUXpresso_11.1.1_3241/workspace/lpc_chip_175x_6x/Debug/liblpc_chip_175x_6x.a(sysinit_17xx_40xx.o)
 .text.Chip_Clock_EnableCrystal
                0x0000000000002a28       0x20 /home/navjot/Documents/MCUXpresso_11.1.1_3241/workspace/lpc_chip_175x_6x/Debug/liblpc_chip_175x_6x.a(sysinit_17xx_40xx.o)
 .text.Chip_Clock_IsCrystalEnabled
                0x0000000000002a48       0x24 /home/navjot/Documents/MCUXpresso_11.1.1_3241/workspace/lpc_chip_175x_6x/Debug/liblpc_chip_175x_6x.a(sysinit_17xx_40xx.o)
 .text.Chip_Clock_SetMainPLLSource
                0x0000000000002a6c       0x20 /home/navjot/Documents/MCUXpresso_11.1.1_3241/workspace/lpc_chip_175x_6x/Debug/liblpc_chip_175x_6x.a(sysinit_17xx_40xx.o)
 .text.Chip_SetupXtalClocking
                0x0000000000002a8c       0x90 /home/navjot/Documents/MCUXpresso_11.1.1_3241/workspace/lpc_chip_175x_6x/Debug/liblpc_chip_175x_6x.a(sysinit_17xx_40xx.o)
                0x0000000000002a8c                Chip_SetupXtalClocking
 .text.Chip_UART_SetupFIFOS
                0x0000000000002b1c       0x1a /home/navjot/Documents/MCUXpresso_11.1.1_3241/workspace/lpc_chip_175x_6x/Debug/liblpc_chip_175x_6x.a(uart_17xx_40xx.o)
 .text.Chip_UART_ConfigData
                0x0000000000002b36       0x1a /home/navjot/Documents/MCUXpresso_11.1.1_3241/workspace/lpc_chip_175x_6x/Debug/liblpc_chip_175x_6x.a(uart_17xx_40xx.o)
 .text.Chip_UART_EnableDivisorAccess
                0x0000000000002b50       0x1e /home/navjot/Documents/MCUXpresso_11.1.1_3241/workspace/lpc_chip_175x_6x/Debug/liblpc_chip_175x_6x.a(uart_17xx_40xx.o)
 .text.Chip_UART_DisableDivisorAccess
                0x0000000000002b6e       0x1e /home/navjot/Documents/MCUXpresso_11.1.1_3241/workspace/lpc_chip_175x_6x/Debug/liblpc_chip_175x_6x.a(uart_17xx_40xx.o)
 .text.Chip_UART_SetDivisorLatches
                0x0000000000002b8c       0x26 /home/navjot/Documents/MCUXpresso_11.1.1_3241/workspace/lpc_chip_175x_6x/Debug/liblpc_chip_175x_6x.a(uart_17xx_40xx.o)
 *fill*         0x0000000000002bb2        0x2 ff
 .text.Chip_UART_GetClockIndex
                0x0000000000002bb4       0x50 /home/navjot/Documents/MCUXpresso_11.1.1_3241/workspace/lpc_chip_175x_6x/Debug/liblpc_chip_175x_6x.a(uart_17xx_40xx.o)
 .text.Chip_UART_GetClkIndex
                0x0000000000002c04       0x50 /home/navjot/Documents/MCUXpresso_11.1.1_3241/workspace/lpc_chip_175x_6x/Debug/liblpc_chip_175x_6x.a(uart_17xx_40xx.o)
 .text.Chip_UART_Init
                0x0000000000002c54       0x78 /home/navjot/Documents/MCUXpresso_11.1.1_3241/workspace/lpc_chip_175x_6x/Debug/liblpc_chip_175x_6x.a(uart_17xx_40xx.o)
                0x0000000000002c54                Chip_UART_Init
 .text.Chip_UART_TXEnable
                0x0000000000002ccc       0x18 /home/navjot/Documents/MCUXpresso_11.1.1_3241/workspace/lpc_chip_175x_6x/Debug/liblpc_chip_175x_6x.a(uart_17xx_40xx.o)
                0x0000000000002ccc                Chip_UART_TXEnable
 .text.Chip_UART_TXDisable
                0x0000000000002ce4       0x18 /home/navjot/Documents/MCUXpresso_11.1.1_3241/workspace/lpc_chip_175x_6x/Debug/liblpc_chip_175x_6x.a(uart_17xx_40xx.o)
                0x0000000000002ce4                Chip_UART_TXDisable
 .text.Chip_UART_SetBaud
                0x0000000000002cfc       0x62 /home/navjot/Documents/MCUXpresso_11.1.1_3241/workspace/lpc_chip_175x_6x/Debug/liblpc_chip_175x_6x.a(uart_17xx_40xx.o)
                0x0000000000002cfc                Chip_UART_SetBaud
 .text.__main   0x0000000000002d5e        0xe /usr/local/mcuxpressoide-11.1.1_3241/ide/plugins/com.nxp.mcuxpresso.tools.linux_11.1.0.202001081728/tools/bin/../lib/gcc/arm-none-eabi/8.3.1/../../../../arm-none-eabi/lib/thumb/v7-m/nofp/libcr_nohost.a(_cr__main.o)
                0x0000000000002d5e                __main
 .text.memcpy   0x0000000000002d6c        0x4 /usr/local/mcuxpressoide-11.1.1_3241/ide/plugins/com.nxp.mcuxpresso.tools.linux_11.1.0.202001081728/tools/bin/../lib/gcc/arm-none-eabi/8.3.1/../../../../arm-none-eabi/lib/thumb/v7-m/nofp/libcr_c.a(memcpy.o)
                0x0000000000002d6c                memcpy
 .text.memset   0x0000000000002d70        0x4 /usr/local/mcuxpressoide-11.1.1_3241/ide/plugins/com.nxp.mcuxpresso.tools.linux_11.1.0.202001081728/tools/bin/../lib/gcc/arm-none-eabi/8.3.1/../../../../arm-none-eabi/lib/thumb/v7-m/nofp/libcr_c.a(memset.o)
                0x0000000000002d70                memset
 .text.malloc   0x0000000000002d74       0xc8 /usr/local/mcuxpressoide-11.1.1_3241/ide/plugins/com.nxp.mcuxpresso.tools.linux_11.1.0.202001081728/tools/bin/../lib/gcc/arm-none-eabi/8.3.1/../../../../arm-none-eabi/lib/thumb/v7-m/nofp/libcr_c.a(alloc.o)
                0x0000000000002d74                malloc
 .text.free     0x0000000000002e3c       0x30 /usr/local/mcuxpressoide-11.1.1_3241/ide/plugins/com.nxp.mcuxpresso.tools.linux_11.1.0.202001081728/tools/bin/../lib/gcc/arm-none-eabi/8.3.1/../../../../arm-none-eabi/lib/thumb/v7-m/nofp/libcr_c.a(alloc.o)
                0x0000000000002e3c                free
 .text._initio  0x0000000000002e6c       0x78 /usr/local/mcuxpressoide-11.1.1_3241/ide/plugins/com.nxp.mcuxpresso.tools.linux_11.1.0.202001081728/tools/bin/../lib/gcc/arm-none-eabi/8.3.1/../../../../arm-none-eabi/lib/thumb/v7-m/nofp/libcr_c.a(initio.o)
                0x0000000000002e6c                _initio
 .text.setvbuf  0x0000000000002ee4       0x40 /usr/local/mcuxpressoide-11.1.1_3241/ide/plugins/com.nxp.mcuxpresso.tools.linux_11.1.0.202001081728/tools/bin/../lib/gcc/arm-none-eabi/8.3.1/../../../../arm-none-eabi/lib/thumb/v7-m/nofp/libcr_c.a(setvbuf.o)
                0x0000000000002ee4                setvbuf
 .text.strlen   0x0000000000002f24       0x4c /usr/local/mcuxpressoide-11.1.1_3241/ide/plugins/com.nxp.mcuxpresso.tools.linux_11.1.0.202001081728/tools/bin/../lib/gcc/arm-none-eabi/8.3.1/../../../../arm-none-eabi/lib/thumb/v7-m/nofp/libcr_c.a(strlen.o)
                0x0000000000002f24                strlen
 .text._sbrk    0x0000000000002f70       0x3c /usr/local/mcuxpressoide-11.1.1_3241/ide/plugins/com.nxp.mcuxpresso.tools.linux_11.1.0.202001081728/tools/bin/../lib/gcc/arm-none-eabi/8.3.1/../../../../arm-none-eabi/lib/thumb/v7-m/nofp/libcr_c.a(_cr_sbrk.o)
                0x0000000000002f70                _sbrk
 .text._deferredlazyseek
                0x0000000000002fac       0x40 /usr/local/mcuxpressoide-11.1.1_3241/ide/plugins/com.nxp.mcuxpresso.tools.linux_11.1.0.202001081728/tools/bin/../lib/gcc/arm-none-eabi/8.3.1/../../../../arm-none-eabi/lib/thumb/v7-m/nofp/libcr_c.a(_deferredlazyseek.o)
                0x0000000000002fac                _deferredlazyseek
 .text._fdopen  0x0000000000002fec       0x68 /usr/local/mcuxpressoide-11.1.1_3241/ide/plugins/com.nxp.mcuxpresso.tools.linux_11.1.0.202001081728/tools/bin/../lib/gcc/arm-none-eabi/8.3.1/../../../../arm-none-eabi/lib/thumb/v7-m/nofp/libcr_c.a(_fdopen.o)
                0x0000000000002fec                _fdopen
 .text._fflush  0x0000000000003054       0x52 /usr/local/mcuxpressoide-11.1.1_3241/ide/plugins/com.nxp.mcuxpresso.tools.linux_11.1.0.202001081728/tools/bin/../lib/gcc/arm-none-eabi/8.3.1/../../../../arm-none-eabi/lib/thumb/v7-m/nofp/libcr_c.a(_fflush.o)
                0x0000000000003054                _fflush
 *fill*         0x00000000000030a6        0x2 ff
 .text._Cwritebuf
                0x00000000000030a8       0x6c /usr/local/mcuxpressoide-11.1.1_3241/ide/plugins/com.nxp.mcuxpresso.tools.linux_11.1.0.202001081728/tools/bin/../lib/gcc/arm-none-eabi/8.3.1/../../../../arm-none-eabi/lib/thumb/v7-m/nofp/libcr_c.a(_writebuf.o)
                0x00000000000030a8                _Cwritebuf
 .text.fclose   0x0000000000003114       0x58 /usr/local/mcuxpressoide-11.1.1_3241/ide/plugins/com.nxp.mcuxpresso.tools.linux_11.1.0.202001081728/tools/bin/../lib/gcc/arm-none-eabi/8.3.1/../../../../arm-none-eabi/lib/thumb/v7-m/nofp/libcr_c.a(fclose.o)
                0x0000000000003114                fclose
 .text.fflush   0x000000000000316c       0x44 /usr/local/mcuxpressoide-11.1.1_3241/ide/plugins/com.nxp.mcuxpresso.tools.linux_11.1.0.202001081728/tools/bin/../lib/gcc/arm-none-eabi/8.3.1/../../../../arm-none-eabi/lib/thumb/v7-m/nofp/libcr_c.a(fflush.o)
                0x000000000000316c                fflush
 .text.fseek    0x00000000000031b0      0x100 /usr/local/mcuxpressoide-11.1.1_3241/ide/plugins/com.nxp.mcuxpresso.tools.linux_11.1.0.202001081728/tools/bin/../lib/gcc/arm-none-eabi/8.3.1/../../../../arm-none-eabi/lib/thumb/v7-m/nofp/libcr_c.a(fseek.o)
                0x00000000000031b0                fseek
 .text.ftell    0x00000000000032b0       0x48 /usr/local/mcuxpressoide-11.1.1_3241/ide/plugins/com.nxp.mcuxpresso.tools.linux_11.1.0.202001081728/tools/bin/../lib/gcc/arm-none-eabi/8.3.1/../../../../arm-none-eabi/lib/thumb/v7-m/nofp/libcr_c.a(ftell.o)
                0x00000000000032b0                ftell
 .text.remove   0x00000000000032f8       0x14 /usr/local/mcuxpressoide-11.1.1_3241/ide/plugins/com.nxp.mcuxpresso.tools.linux_11.1.0.202001081728/tools/bin/../lib/gcc/arm-none-eabi/8.3.1/../../../../arm-none-eabi/lib/thumb/v7-m/nofp/libcr_c.a(remove.o)
                0x00000000000032f8                remove
 .text.__check_heap_overflow
                0x000000000000330c       0x18 /usr/local/mcuxpressoide-11.1.1_3241/ide/plugins/com.nxp.mcuxpresso.tools.linux_11.1.0.202001081728/tools/bin/../lib/gcc/arm-none-eabi/8.3.1/../../../../arm-none-eabi/lib/thumb/v7-m/nofp/libcr_c.a(_cr_check_heap.o)
                0x000000000000330c                __check_heap_overflow
 .text._do_fflush
                0x0000000000003324       0x40 /usr/local/mcuxpressoide-11.1.1_3241/ide/plugins/com.nxp.mcuxpresso.tools.linux_11.1.0.202001081728/tools/bin/../lib/gcc/arm-none-eabi/8.3.1/../../../../arm-none-eabi/lib/thumb/v7-m/nofp/libcr_c.a(_do_fflush.o)
                0x0000000000003324                _do_fflush
 .text.__aeabi_memcpy
                0x0000000000003364       0x34 /usr/local/mcuxpressoide-11.1.1_3241/ide/plugins/com.nxp.mcuxpresso.tools.linux_11.1.0.202001081728/tools/bin/../lib/gcc/arm-none-eabi/8.3.1/thumb/v7-m/nofp/libcr_eabihelpers.a(memcpy.o)
                0x0000000000003364                __aeabi_memcpy
                0x000000000000336e                __aeabi_memcpy4
                0x000000000000336e                __aeabi_memcpy8
 .text.__aeabi_memset_lowlevel
                0x0000000000003398       0x32 /usr/local/mcuxpressoide-11.1.1_3241/ide/plugins/com.nxp.mcuxpresso.tools.linux_11.1.0.202001081728/tools/bin/../lib/gcc/arm-none-eabi/8.3.1/thumb/v7-m/nofp/libcr_eabihelpers.a(memcpy.o)
                0x0000000000003398                __aeabi_lowlevel_memset
 .text.__sys_close
                0x00000000000033ca        0x6 /usr/local/mcuxpressoide-11.1.1_3241/ide/plugins/com.nxp.mcuxpresso.tools.linux_11.1.0.202001081728/tools/bin/../lib/gcc/arm-none-eabi/8.3.1/../../../../arm-none-eabi/lib/thumb/v7-m/nofp/libcr_nohost.a(__sys_close.o)
                0x00000000000033ca                __sys_close
 .text.__sys_flen
                0x00000000000033d0        0x6 /usr/local/mcuxpressoide-11.1.1_3241/ide/plugins/com.nxp.mcuxpresso.tools.linux_11.1.0.202001081728/tools/bin/../lib/gcc/arm-none-eabi/8.3.1/../../../../arm-none-eabi/lib/thumb/v7-m/nofp/libcr_nohost.a(__sys_flen.o)
                0x00000000000033d0                __sys_flen
 .text.__sys_istty
                0x00000000000033d6        0x6 /usr/local/mcuxpressoide-11.1.1_3241/ide/plugins/com.nxp.mcuxpresso.tools.linux_11.1.0.202001081728/tools/bin/../lib/gcc/arm-none-eabi/8.3.1/../../../../arm-none-eabi/lib/thumb/v7-m/nofp/libcr_nohost.a(__sys_istty.o)
                0x00000000000033d6                __sys_istty
 .text.__sys_remove
                0x00000000000033dc        0x6 /usr/local/mcuxpressoide-11.1.1_3241/ide/plugins/com.nxp.mcuxpresso.tools.linux_11.1.0.202001081728/tools/bin/../lib/gcc/arm-none-eabi/8.3.1/../../../../arm-none-eabi/lib/thumb/v7-m/nofp/libcr_nohost.a(__sys_remove.o)
                0x00000000000033dc                __sys_remove
 .text.__sys_seek
                0x00000000000033e2        0x6 /usr/local/mcuxpressoide-11.1.1_3241/ide/plugins/com.nxp.mcuxpresso.tools.linux_11.1.0.202001081728/tools/bin/../lib/gcc/arm-none-eabi/8.3.1/../../../../arm-none-eabi/lib/thumb/v7-m/nofp/libcr_nohost.a(__sys_seek.o)
                0x00000000000033e2                __sys_seek
 .text.__sys_tmpnam
                0x00000000000033e8        0x6 /usr/local/mcuxpressoide-11.1.1_3241/ide/plugins/com.nxp.mcuxpresso.tools.linux_11.1.0.202001081728/tools/bin/../lib/gcc/arm-none-eabi/8.3.1/../../../../arm-none-eabi/lib/thumb/v7-m/nofp/libcr_nohost.a(__sys_tmpnam.o)
                0x00000000000033e8                __sys_tmpnam
 */tasks.o(.rodata*)
 *fill*         0x00000000000033ee        0x2 ff
 .rodata.vTaskStartScheduler.str1.4
                0x00000000000033f0        0x5 ./freertos/src/tasks.o
 *(.rodata .rodata.* .constdata .constdata.*)
 *fill*         0x00000000000033f5        0x3 ff
 .rodata.main.str1.4
                0x00000000000033f8       0x1a ./my_freeRTOS_blinky_timers/src/my_code_freertos_blinky_timers.o
 *fill*         0x0000000000003412        0x2 ff
 .rodata.xTimerCreateTimerTask.str1.4
                0x0000000000003414        0x8 ./freertos/src/timers.o
 .rodata.OscRateIn
                0x000000000000341c        0x4 /home/navjot/Documents/MCUXpresso_11.1.1_3241/workspace/lpc_board_nxp_lpcxpresso_1769/Debug/liblpc_board_nxp_lpcxpresso_1769.a(board.o)
                0x000000000000341c                OscRateIn
 .rodata.RTCOscRateIn
                0x0000000000003420        0x4 /home/navjot/Documents/MCUXpresso_11.1.1_3241/workspace/lpc_board_nxp_lpcxpresso_1769/Debug/liblpc_board_nxp_lpcxpresso_1769.a(board.o)
                0x0000000000003420                RTCOscRateIn
 .rodata.pinmuxing
                0x0000000000003424       0x5c /home/navjot/Documents/MCUXpresso_11.1.1_3241/workspace/lpc_board_nxp_lpcxpresso_1769/Debug/liblpc_board_nxp_lpcxpresso_1769.a(board_sysinit.o)
 .rodata._initio.str1.1
                0x0000000000003480        0x4 /usr/local/mcuxpressoide-11.1.1_3241/ide/plugins/com.nxp.mcuxpresso.tools.linux_11.1.0.202001081728/tools/bin/../lib/gcc/arm-none-eabi/8.3.1/../../../../arm-none-eabi/lib/thumb/v7-m/nofp/libcr_c.a(initio.o)
 .rodata.__num_Ciob_streams
                0x0000000000003484        0x4 /usr/local/mcuxpressoide-11.1.1_3241/ide/plugins/com.nxp.mcuxpresso.tools.linux_11.1.0.202001081728/tools/bin/../lib/gcc/arm-none-eabi/8.3.1/../../../../arm-none-eabi/lib/thumb/v7-m/nofp/libcr_nohost.a(__ciob.o)
                0x0000000000003484                __num_Ciob_streams
                0x0000000000003488                . = ALIGN (0x4)

.glue_7         0x0000000000003488        0x0
 .glue_7        0x0000000000003488        0x0 linker stubs

.glue_7t        0x0000000000003488        0x0
 .glue_7t       0x0000000000003488        0x0 linker stubs

.vfp11_veneer   0x0000000000003488        0x0
 .vfp11_veneer  0x0000000000003488        0x0 linker stubs

.v4_bx          0x0000000000003488        0x0
 .v4_bx         0x0000000000003488        0x0 linker stubs

.iplt           0x0000000000003488        0x0
 .iplt          0x0000000000003488        0x0 ./my_freeRTOS_blinky_timers/src/cr_startup_lpc175x_6x.o

.rel.dyn        0x0000000000003488        0x0
 .rel.iplt      0x0000000000003488        0x0 ./my_freeRTOS_blinky_timers/src/cr_startup_lpc175x_6x.o

.ARM.extab
 *(.ARM.extab* .gnu.linkonce.armextab.*)

.ARM.exidx      0x0000000000003488        0x0
                0x0000000000003488                __exidx_start = .
 *(.ARM.exidx* .gnu.linkonce.armexidx.*)
                0x0000000000003488                __exidx_end = .
                0x0000000000003488                _etext = .

.data_RAM2      0x000000002007c000        0x0 load address 0x0000000000003488
 FILL mask 0xff
                [!provide]                        PROVIDE (__start_data_RAM2 = .)
                [!provide]                        PROVIDE (__start_data_RamAHB32 = .)
 *(.ramfunc.$RAM2)
 *(.ramfunc.$RamAHB32)
 *(.data.$RAM2)
 *(.data.$RamAHB32)
 *(.data.$RAM2.*)
 *(.data.$RamAHB32.*)
                0x000000002007c000                . = ALIGN (0x4)
                [!provide]                        PROVIDE (__end_data_RAM2 = .)
                [!provide]                        PROVIDE (__end_data_RamAHB32 = .)

.uninit_RESERVED
                0x0000000010000000        0x0
                0x0000000010000000                _start_uninit_RESERVED = .
 *(.bss.$RESERVED*)
                0x0000000010000000                . = ALIGN (0x4)
                0x0000000010000000                _end_uninit_RESERVED = .

.data           0x0000000010000000       0x10 load address 0x0000000000003488
 FILL mask 0xff
                0x0000000010000000                _data = .
                [!provide]                        PROVIDE (__start_data_RAM = .)
                [!provide]                        PROVIDE (__start_data_RamLoc32 = .)
 *(vtable)
 *(.ramfunc*)
 *(CodeQuickAccess)
 *(DataQuickAccess)
 *(RamFunction)
 *(.data*)
 .data.red      0x0000000010000000        0x4 ./my_freeRTOS_blinky_timers/src/my_code_freertos_blinky_timers.o
                0x0000000010000000                red
 .data.update   0x0000000010000004        0x1 ./my_freeRTOS_blinky_timers/src/my_code_freertos_blinky_timers.o
                0x0000000010000004                update
 *fill*         0x0000000010000005        0x3 ff
 .data.uxCriticalNesting
                0x0000000010000008        0x4 ./freertos/src/port.o
 .data.xNextTaskUnblockTime
                0x000000001000000c        0x4 ./freertos/src/tasks.o
                0x0000000010000010                . = ALIGN (0x4)
                0x0000000010000010                _edata = .
                [!provide]                        PROVIDE (__end_data_RAM = .)
                [!provide]                        PROVIDE (__end_data_RamLoc32 = .)

.igot.plt       0x0000000010000010        0x0 load address 0x0000000000003498
 .igot.plt      0x0000000010000010        0x0 ./my_freeRTOS_blinky_timers/src/cr_startup_lpc175x_6x.o

.bss_RAM2       0x000000002007c000        0x0
                [!provide]                        PROVIDE (__start_bss_RAM2 = .)
                [!provide]                        PROVIDE (__start_bss_RamAHB32 = .)
 *(.bss.$RAM2)
 *(.bss.$RamAHB32)
 *(.bss.$RAM2.*)
 *(.bss.$RamAHB32.*)
                0x000000002007c000                . = ALIGN ((. != 0x0)?0x4:0x1)
                [!provide]                        PROVIDE (__end_bss_RAM2 = .)
                [!provide]                        PROVIDE (__end_bss_RamAHB32 = .)

.bss            0x0000000010000010      0x378
                0x0000000010000010                _bss = .
                [!provide]                        PROVIDE (__start_bss_RAM = .)
                [!provide]                        PROVIDE (__start_bss_RamLoc32 = .)
 *(.bss*)
 .bss.green     0x0000000010000010        0x4 ./my_freeRTOS_blinky_timers/src/my_code_freertos_blinky_timers.o
                0x0000000010000010                green
 .bss.blue      0x0000000010000014        0x4 ./my_freeRTOS_blinky_timers/src/my_code_freertos_blinky_timers.o
                0x0000000010000014                blue
 .bss.ulTimerCountsForOneTick
                0x0000000010000018        0x4 ./freertos/src/port.o
 .bss.xMaximumPossibleSuppressedTicks
                0x000000001000001c        0x4 ./freertos/src/port.o
 .bss.ulStoppedTimerCompensation
                0x0000000010000020        0x4 ./freertos/src/port.o
 .bss.pxCurrentTCB
                0x0000000010000024        0x4 ./freertos/src/tasks.o
                0x0000000010000024                pxCurrentTCB
 .bss.pxReadyTasksLists
                0x0000000010000028       0xa0 ./freertos/src/tasks.o
 .bss.xDelayedTaskList1
                0x00000000100000c8       0x14 ./freertos/src/tasks.o
 .bss.xDelayedTaskList2
                0x00000000100000dc       0x14 ./freertos/src/tasks.o
 .bss.pxDelayedTaskList
                0x00000000100000f0        0x4 ./freertos/src/tasks.o
 .bss.pxOverflowDelayedTaskList
                0x00000000100000f4        0x4 ./freertos/src/tasks.o
 .bss.xPendingReadyList
                0x00000000100000f8       0x14 ./freertos/src/tasks.o
 .bss.xTasksWaitingTermination
                0x000000001000010c       0x14 ./freertos/src/tasks.o
 .bss.uxTasksDeleted
                0x0000000010000120        0x4 ./freertos/src/tasks.o
 .bss.xSuspendedTaskList
                0x0000000010000124       0x14 ./freertos/src/tasks.o
 .bss.uxCurrentNumberOfTasks
                0x0000000010000138        0x4 ./freertos/src/tasks.o
 .bss.xTickCount
                0x000000001000013c        0x4 ./freertos/src/tasks.o
 .bss.uxTopReadyPriority
                0x0000000010000140        0x4 ./freertos/src/tasks.o
 .bss.xSchedulerRunning
                0x0000000010000144        0x4 ./freertos/src/tasks.o
 .bss.uxSchedulerSuspended
                0x0000000010000148        0x4 ./freertos/src/tasks.o
 .bss.uxPendedTicks
                0x000000001000014c        0x4 ./freertos/src/tasks.o
 .bss.xYieldPending
                0x0000000010000150        0x4 ./freertos/src/tasks.o
 .bss.xNumOfOverflows
                0x0000000010000154        0x4 ./freertos/src/tasks.o
 .bss.uxTaskNumber
                0x0000000010000158        0x4 ./freertos/src/tasks.o
 .bss.xActiveTimerList1
                0x000000001000015c       0x14 ./freertos/src/timers.o
 .bss.xActiveTimerList2
                0x0000000010000170       0x14 ./freertos/src/timers.o
 .bss.pxCurrentTimerList
                0x0000000010000184        0x4 ./freertos/src/timers.o
 .bss.pxOverflowTimerList
                0x0000000010000188        0x4 ./freertos/src/timers.o
 .bss.xTimerQueue
                0x000000001000018c        0x4 ./freertos/src/timers.o
 .bss.xLastTime.7848
                0x0000000010000190        0x4 ./freertos/src/timers.o
 .bss.__end_of_heap
                0x0000000010000194        0x4 /usr/local/mcuxpressoide-11.1.1_3241/ide/plugins/com.nxp.mcuxpresso.tools.linux_11.1.0.202001081728/tools/bin/../lib/gcc/arm-none-eabi/8.3.1/../../../../arm-none-eabi/lib/thumb/v7-m/nofp/libcr_c.a(__init_alloc.o)
                0x0000000010000194                __end_of_heap
 .bss.__heaps   0x0000000010000198        0x4 /usr/local/mcuxpressoide-11.1.1_3241/ide/plugins/com.nxp.mcuxpresso.tools.linux_11.1.0.202001081728/tools/bin/../lib/gcc/arm-none-eabi/8.3.1/../../../../arm-none-eabi/lib/thumb/v7-m/nofp/libcr_c.a(__init_alloc.o)
                0x0000000010000198                __heaps
 .bss.errno     0x000000001000019c        0x4 /usr/local/mcuxpressoide-11.1.1_3241/ide/plugins/com.nxp.mcuxpresso.tools.linux_11.1.0.202001081728/tools/bin/../lib/gcc/arm-none-eabi/8.3.1/../../../../arm-none-eabi/lib/thumb/v7-m/nofp/libcr_c.a(errno.o)
                0x000000001000019c                errno
 .bss.__Ciob    0x00000000100001a0      0x1e0 /usr/local/mcuxpressoide-11.1.1_3241/ide/plugins/com.nxp.mcuxpresso.tools.linux_11.1.0.202001081728/tools/bin/../lib/gcc/arm-none-eabi/8.3.1/../../../../arm-none-eabi/lib/thumb/v7-m/nofp/libcr_nohost.a(__ciob.o)
                0x00000000100001a0                __Ciob
 *(COMMON)
 COMMON         0x0000000010000380        0x4 ./my_freeRTOS_blinky_timers/src/my_code_freertos_blinky_timers.o
                0x0000000010000380                timer_handle
 COMMON         0x0000000010000384        0x4 /home/navjot/Documents/MCUXpresso_11.1.1_3241/workspace/lpc_chip_175x_6x/Debug/liblpc_chip_175x_6x.a(chip_17xx_40xx.o)
                0x0000000010000384                SystemCoreClock
                0x0000000010000388                . = ALIGN (0x4)
                0x0000000010000388                _ebss = .
                [!provide]                        PROVIDE (__end_bss_RAM = .)
                [!provide]                        PROVIDE (__end_bss_RamLoc32 = .)
                [!provide]                        PROVIDE (end = .)

.noinit_RAM2    0x000000002007c000        0x0
                [!provide]                        PROVIDE (__start_noinit_RAM2 = .)
                [!provide]                        PROVIDE (__start_noinit_RamAHB32 = .)
 *(.noinit.$RAM2)
 *(.noinit.$RamAHB32)
 *(.noinit.$RAM2.*)
 *(.noinit.$RamAHB32.*)
                0x000000002007c000                . = ALIGN (0x4)
                [!provide]                        PROVIDE (__end_noinit_RAM2 = .)
                [!provide]                        PROVIDE (__end_noinit_RamAHB32 = .)

.noinit         0x0000000010000388        0x0
                0x0000000010000388                _noinit = .
                [!provide]                        PROVIDE (__start_noinit_RAM = .)
                [!provide]                        PROVIDE (__start_noinit_RamLoc32 = .)
 *(.noinit*)
                0x0000000010000388                . = ALIGN (0x4)
                0x0000000010000388                _end_noinit = .
                [!provide]                        PROVIDE (__end_noinit_RAM = .)
                [!provide]                        PROVIDE (__end_noinit_RamLoc32 = .)
                0x0000000010000388                PROVIDE (_pvHeapStart = DEFINED (__user_heap_base)?__user_heap_base:.)
                0x0000000010008000                PROVIDE (_vStackTop = DEFINED (__user_stack_top)?__user_stack_top:(__top_RamLoc32 - 0x0))
                [!provide]                        PROVIDE (__valid_user_code_checksum = (0x0 - ((((((_vStackTop + (ResetISR + 0x1)) + (NMI_Handler + 0x1)) + (HardFault_Handler + 0x1)) + (DEFINED (MemManage_Handler)?MemManage_Handler:0x0 + 0x1)) + (DEFINED (BusFault_Handler)?BusFault_Handler:0x0 + 0x1)) + (DEFINED (UsageFault_Handler)?UsageFault_Handler:0x0 + 0x1))))
                0x0000000000000000                _image_start = LOADADDR (.text)
                0x0000000000003498                _image_end = (LOADADDR (.data) + SIZEOF (.data))
                0x0000000000003498                _image_size = (_image_end - _image_start)
OUTPUT(freeRTOS_blinky_timers.axf elf32-littlearm)

.debug_info     0x0000000000000000     0x8ac6
 .debug_info    0x0000000000000000      0x272 ./my_freeRTOS_blinky_timers/src/cr_startup_lpc175x_6x.o
 .debug_info    0x0000000000000272      0x3d1 ./my_freeRTOS_blinky_timers/src/my_code_freertos_blinky_timers.o
 .debug_info    0x0000000000000643      0x250 ./my_freeRTOS_blinky_timers/src/sysinit.o
 .debug_info    0x0000000000000893      0x2f8 ./freertos/src/FreeRTOSCommonHooks.o
 .debug_info    0x0000000000000b8b      0x282 ./freertos/src/heap_3.o
 .debug_info    0x0000000000000e0d      0x439 ./freertos/src/list.o
 .debug_info    0x0000000000001246      0x53e ./freertos/src/port.o
 .debug_info    0x0000000000001784      0xe0d ./freertos/src/queue.o
 .debug_info    0x0000000000002591     0x148b ./freertos/src/tasks.o
 .debug_info    0x0000000000003a1c      0x9b0 ./freertos/src/timers.o
 .debug_info    0x00000000000043cc     0x1651 /home/navjot/Documents/MCUXpresso_11.1.1_3241/workspace/lpc_board_nxp_lpcxpresso_1769/Debug/liblpc_board_nxp_lpcxpresso_1769.a(board.o)
 .debug_info    0x0000000000005a1d      0x71d /home/navjot/Documents/MCUXpresso_11.1.1_3241/workspace/lpc_board_nxp_lpcxpresso_1769/Debug/liblpc_board_nxp_lpcxpresso_1769.a(board_sysinit.o)
 .debug_info    0x000000000000613a      0x591 /home/navjot/Documents/MCUXpresso_11.1.1_3241/workspace/lpc_chip_175x_6x/Debug/liblpc_chip_175x_6x.a(chip_17xx_40xx.o)
 .debug_info    0x00000000000066cb      0xc2a /home/navjot/Documents/MCUXpresso_11.1.1_3241/workspace/lpc_chip_175x_6x/Debug/liblpc_chip_175x_6x.a(clock_17xx_40xx.o)
 .debug_info    0x00000000000072f5      0x347 /home/navjot/Documents/MCUXpresso_11.1.1_3241/workspace/lpc_chip_175x_6x/Debug/liblpc_chip_175x_6x.a(iocon_17xx_40xx.o)
 .debug_info    0x000000000000763c      0x4b0 /home/navjot/Documents/MCUXpresso_11.1.1_3241/workspace/lpc_chip_175x_6x/Debug/liblpc_chip_175x_6x.a(sysinit_17xx_40xx.o)
 .debug_info    0x0000000000007aec      0xfda /home/navjot/Documents/MCUXpresso_11.1.1_3241/workspace/lpc_chip_175x_6x/Debug/liblpc_chip_175x_6x.a(uart_17xx_40xx.o)

.debug_abbrev   0x0000000000000000     0x2158
 .debug_abbrev  0x0000000000000000      0x117 ./my_freeRTOS_blinky_timers/src/cr_startup_lpc175x_6x.o
 .debug_abbrev  0x0000000000000117      0x17b ./my_freeRTOS_blinky_timers/src/my_code_freertos_blinky_timers.o
 .debug_abbrev  0x0000000000000292       0xeb ./my_freeRTOS_blinky_timers/src/sysinit.o
 .debug_abbrev  0x000000000000037d      0x181 ./freertos/src/FreeRTOSCommonHooks.o
 .debug_abbrev  0x00000000000004fe      0x12b ./freertos/src/heap_3.o
 .debug_abbrev  0x0000000000000629      0x136 ./freertos/src/list.o
 .debug_abbrev  0x000000000000075f      0x243 ./freertos/src/port.o
 .debug_abbrev  0x00000000000009a2      0x23e ./freertos/src/queue.o
 .debug_abbrev  0x0000000000000be0      0x291 ./freertos/src/tasks.o
 .debug_abbrev  0x0000000000000e71      0x210 ./freertos/src/timers.o
 .debug_abbrev  0x0000000000001081      0x413 /home/navjot/Documents/MCUXpresso_11.1.1_3241/workspace/lpc_board_nxp_lpcxpresso_1769/Debug/liblpc_board_nxp_lpcxpresso_1769.a(board.o)
 .debug_abbrev  0x0000000000001494      0x1a2 /home/navjot/Documents/MCUXpresso_11.1.1_3241/workspace/lpc_board_nxp_lpcxpresso_1769/Debug/liblpc_board_nxp_lpcxpresso_1769.a(board_sysinit.o)
 .debug_abbrev  0x0000000000001636      0x16d /home/navjot/Documents/MCUXpresso_11.1.1_3241/workspace/lpc_chip_175x_6x/Debug/liblpc_chip_175x_6x.a(chip_17xx_40xx.o)
 .debug_abbrev  0x00000000000017a3      0x34d /home/navjot/Documents/MCUXpresso_11.1.1_3241/workspace/lpc_chip_175x_6x/Debug/liblpc_chip_175x_6x.a(clock_17xx_40xx.o)
 .debug_abbrev  0x0000000000001af0      0x164 /home/navjot/Documents/MCUXpresso_11.1.1_3241/workspace/lpc_chip_175x_6x/Debug/liblpc_chip_175x_6x.a(iocon_17xx_40xx.o)
 .debug_abbrev  0x0000000000001c54      0x1b0 /home/navjot/Documents/MCUXpresso_11.1.1_3241/workspace/lpc_chip_175x_6x/Debug/liblpc_chip_175x_6x.a(sysinit_17xx_40xx.o)
 .debug_abbrev  0x0000000000001e04      0x354 /home/navjot/Documents/MCUXpresso_11.1.1_3241/workspace/lpc_chip_175x_6x/Debug/liblpc_chip_175x_6x.a(uart_17xx_40xx.o)

.debug_aranges  0x0000000000000000      0x9b8
 .debug_aranges
                0x0000000000000000       0x80 ./my_freeRTOS_blinky_timers/src/cr_startup_lpc175x_6x.o
 .debug_aranges
                0x0000000000000080       0x38 ./my_freeRTOS_blinky_timers/src/my_code_freertos_blinky_timers.o
 .debug_aranges
                0x00000000000000b8       0x20 ./my_freeRTOS_blinky_timers/src/sysinit.o
 .debug_aranges
                0x00000000000000d8       0x40 ./freertos/src/FreeRTOSCommonHooks.o
 .debug_aranges
                0x0000000000000118       0x28 ./freertos/src/heap_3.o
 .debug_aranges
                0x0000000000000140       0x40 ./freertos/src/list.o
 .debug_aranges
                0x0000000000000180       0x90 ./freertos/src/port.o
 .debug_aranges
                0x0000000000000210       0xf8 ./freertos/src/queue.o
 .debug_aranges
                0x0000000000000308      0x180 ./freertos/src/tasks.o
 .debug_aranges
                0x0000000000000488       0x88 ./freertos/src/timers.o
 .debug_aranges
                0x0000000000000510      0x160 /home/navjot/Documents/MCUXpresso_11.1.1_3241/workspace/lpc_board_nxp_lpcxpresso_1769/Debug/liblpc_board_nxp_lpcxpresso_1769.a(board.o)
 .debug_aranges
                0x0000000000000670       0x38 /home/navjot/Documents/MCUXpresso_11.1.1_3241/workspace/lpc_board_nxp_lpcxpresso_1769/Debug/liblpc_board_nxp_lpcxpresso_1769.a(board_sysinit.o)
 .debug_aranges
                0x00000000000006a8       0x38 /home/navjot/Documents/MCUXpresso_11.1.1_3241/workspace/lpc_chip_175x_6x/Debug/liblpc_chip_175x_6x.a(chip_17xx_40xx.o)
 .debug_aranges
                0x00000000000006e0      0x120 /home/navjot/Documents/MCUXpresso_11.1.1_3241/workspace/lpc_chip_175x_6x/Debug/liblpc_chip_175x_6x.a(clock_17xx_40xx.o)
 .debug_aranges
                0x0000000000000800       0x30 /home/navjot/Documents/MCUXpresso_11.1.1_3241/workspace/lpc_chip_175x_6x/Debug/liblpc_chip_175x_6x.a(iocon_17xx_40xx.o)
 .debug_aranges
                0x0000000000000830       0x60 /home/navjot/Documents/MCUXpresso_11.1.1_3241/workspace/lpc_chip_175x_6x/Debug/liblpc_chip_175x_6x.a(sysinit_17xx_40xx.o)
 .debug_aranges
                0x0000000000000890      0x128 /home/navjot/Documents/MCUXpresso_11.1.1_3241/workspace/lpc_chip_175x_6x/Debug/liblpc_chip_175x_6x.a(uart_17xx_40xx.o)

.debug_ranges   0x0000000000000000      0x8a8
 .debug_ranges  0x0000000000000000       0x70 ./my_freeRTOS_blinky_timers/src/cr_startup_lpc175x_6x.o
 .debug_ranges  0x0000000000000070       0x28 ./my_freeRTOS_blinky_timers/src/my_code_freertos_blinky_timers.o
 .debug_ranges  0x0000000000000098       0x10 ./my_freeRTOS_blinky_timers/src/sysinit.o
 .debug_ranges  0x00000000000000a8       0x30 ./freertos/src/FreeRTOSCommonHooks.o
 .debug_ranges  0x00000000000000d8       0x18 ./freertos/src/heap_3.o
 .debug_ranges  0x00000000000000f0       0x30 ./freertos/src/list.o
 .debug_ranges  0x0000000000000120       0x80 ./freertos/src/port.o
 .debug_ranges  0x00000000000001a0       0xe8 ./freertos/src/queue.o
 .debug_ranges  0x0000000000000288      0x170 ./freertos/src/tasks.o
 .debug_ranges  0x00000000000003f8       0x78 ./freertos/src/timers.o
 .debug_ranges  0x0000000000000470      0x150 /home/navjot/Documents/MCUXpresso_11.1.1_3241/workspace/lpc_board_nxp_lpcxpresso_1769/Debug/liblpc_board_nxp_lpcxpresso_1769.a(board.o)
 .debug_ranges  0x00000000000005c0       0x28 /home/navjot/Documents/MCUXpresso_11.1.1_3241/workspace/lpc_board_nxp_lpcxpresso_1769/Debug/liblpc_board_nxp_lpcxpresso_1769.a(board_sysinit.o)
 .debug_ranges  0x00000000000005e8       0x28 /home/navjot/Documents/MCUXpresso_11.1.1_3241/workspace/lpc_chip_175x_6x/Debug/liblpc_chip_175x_6x.a(chip_17xx_40xx.o)
 .debug_ranges  0x0000000000000610      0x110 /home/navjot/Documents/MCUXpresso_11.1.1_3241/workspace/lpc_chip_175x_6x/Debug/liblpc_chip_175x_6x.a(clock_17xx_40xx.o)
 .debug_ranges  0x0000000000000720       0x20 /home/navjot/Documents/MCUXpresso_11.1.1_3241/workspace/lpc_chip_175x_6x/Debug/liblpc_chip_175x_6x.a(iocon_17xx_40xx.o)
 .debug_ranges  0x0000000000000740       0x50 /home/navjot/Documents/MCUXpresso_11.1.1_3241/workspace/lpc_chip_175x_6x/Debug/liblpc_chip_175x_6x.a(sysinit_17xx_40xx.o)
 .debug_ranges  0x0000000000000790      0x118 /home/navjot/Documents/MCUXpresso_11.1.1_3241/workspace/lpc_chip_175x_6x/Debug/liblpc_chip_175x_6x.a(uart_17xx_40xx.o)

.debug_macro    0x0000000000000000     0x696b
 .debug_macro   0x0000000000000000       0x1d ./my_freeRTOS_blinky_timers/src/cr_startup_lpc175x_6x.o
 .debug_macro   0x000000000000001d      0xa9c ./my_freeRTOS_blinky_timers/src/cr_startup_lpc175x_6x.o
 .debug_macro   0x0000000000000ab9      0x29f ./my_freeRTOS_blinky_timers/src/my_code_freertos_blinky_timers.o
 .debug_macro   0x0000000000000d58       0x10 ./my_freeRTOS_blinky_timers/src/my_code_freertos_blinky_timers.o
 .debug_macro   0x0000000000000d68      0x12e ./my_freeRTOS_blinky_timers/src/my_code_freertos_blinky_timers.o
 .debug_macro   0x0000000000000e96      0x5b3 ./my_freeRTOS_blinky_timers/src/my_code_freertos_blinky_timers.o
 .debug_macro   0x0000000000001449       0x22 ./my_freeRTOS_blinky_timers/src/my_code_freertos_blinky_timers.o
 .debug_macro   0x000000000000146b       0x7b ./my_freeRTOS_blinky_timers/src/my_code_freertos_blinky_timers.o
 .debug_macro   0x00000000000014e6       0x10 ./my_freeRTOS_blinky_timers/src/my_code_freertos_blinky_timers.o
 .debug_macro   0x00000000000014f6       0x2d ./my_freeRTOS_blinky_timers/src/my_code_freertos_blinky_timers.o
 .debug_macro   0x0000000000001523       0x3a ./my_freeRTOS_blinky_timers/src/my_code_freertos_blinky_timers.o
 .debug_macro   0x000000000000155d       0x2d ./my_freeRTOS_blinky_timers/src/my_code_freertos_blinky_timers.o
 .debug_macro   0x000000000000158a      0xbb1 ./my_freeRTOS_blinky_timers/src/my_code_freertos_blinky_timers.o
 .debug_macro   0x000000000000213b      0x22c ./my_freeRTOS_blinky_timers/src/my_code_freertos_blinky_timers.o
 .debug_macro   0x0000000000002367       0x42 ./my_freeRTOS_blinky_timers/src/my_code_freertos_blinky_timers.o
 .debug_macro   0x00000000000023a9       0x52 ./my_freeRTOS_blinky_timers/src/my_code_freertos_blinky_timers.o
 .debug_macro   0x00000000000023fb       0x78 ./my_freeRTOS_blinky_timers/src/my_code_freertos_blinky_timers.o
 .debug_macro   0x0000000000002473       0x82 ./my_freeRTOS_blinky_timers/src/my_code_freertos_blinky_timers.o
 .debug_macro   0x00000000000024f5      0x48c ./my_freeRTOS_blinky_timers/src/my_code_freertos_blinky_timers.o
 .debug_macro   0x0000000000002981       0x34 ./my_freeRTOS_blinky_timers/src/my_code_freertos_blinky_timers.o
 .debug_macro   0x00000000000029b5      0x4c5 ./my_freeRTOS_blinky_timers/src/my_code_freertos_blinky_timers.o
 .debug_macro   0x0000000000002e7a      0x1b7 ./my_freeRTOS_blinky_timers/src/my_code_freertos_blinky_timers.o
 .debug_macro   0x0000000000003031       0x10 ./my_freeRTOS_blinky_timers/src/my_code_freertos_blinky_timers.o
 .debug_macro   0x0000000000003041      0x21b ./my_freeRTOS_blinky_timers/src/my_code_freertos_blinky_timers.o
 .debug_macro   0x000000000000325c      0x1b9 ./my_freeRTOS_blinky_timers/src/my_code_freertos_blinky_timers.o
 .debug_macro   0x0000000000003415       0x40 ./my_freeRTOS_blinky_timers/src/my_code_freertos_blinky_timers.o
 .debug_macro   0x0000000000003455       0x22 ./my_freeRTOS_blinky_timers/src/my_code_freertos_blinky_timers.o
 .debug_macro   0x0000000000003477      0x162 ./my_freeRTOS_blinky_timers/src/my_code_freertos_blinky_timers.o
 .debug_macro   0x00000000000035d9       0x94 ./my_freeRTOS_blinky_timers/src/my_code_freertos_blinky_timers.o
 .debug_macro   0x000000000000366d       0xb8 ./my_freeRTOS_blinky_timers/src/my_code_freertos_blinky_timers.o
 .debug_macro   0x0000000000003725       0x4c ./my_freeRTOS_blinky_timers/src/my_code_freertos_blinky_timers.o
 .debug_macro   0x0000000000003771       0x16 ./my_freeRTOS_blinky_timers/src/my_code_freertos_blinky_timers.o
 .debug_macro   0x0000000000003787      0x328 ./my_freeRTOS_blinky_timers/src/my_code_freertos_blinky_timers.o
 .debug_macro   0x0000000000003aaf       0x49 ./my_freeRTOS_blinky_timers/src/my_code_freertos_blinky_timers.o
 .debug_macro   0x0000000000003af8       0x16 ./my_freeRTOS_blinky_timers/src/my_code_freertos_blinky_timers.o
 .debug_macro   0x0000000000003b0e       0xca ./my_freeRTOS_blinky_timers/src/my_code_freertos_blinky_timers.o
 .debug_macro   0x0000000000003bd8       0x18 ./my_freeRTOS_blinky_timers/src/my_code_freertos_blinky_timers.o
 .debug_macro   0x0000000000003bf0       0x70 ./my_freeRTOS_blinky_timers/src/my_code_freertos_blinky_timers.o
 .debug_macro   0x0000000000003c60       0x9a ./my_freeRTOS_blinky_timers/src/my_code_freertos_blinky_timers.o
 .debug_macro   0x0000000000003cfa       0x20 ./my_freeRTOS_blinky_timers/src/my_code_freertos_blinky_timers.o
 .debug_macro   0x0000000000003d1a       0x28 ./my_freeRTOS_blinky_timers/src/my_code_freertos_blinky_timers.o
 .debug_macro   0x0000000000003d42       0x10 ./my_freeRTOS_blinky_timers/src/my_code_freertos_blinky_timers.o
 .debug_macro   0x0000000000003d52       0x46 ./my_freeRTOS_blinky_timers/src/my_code_freertos_blinky_timers.o
 .debug_macro   0x0000000000003d98      0x10d ./my_freeRTOS_blinky_timers/src/my_code_freertos_blinky_timers.o
 .debug_macro   0x0000000000003ea5       0xab ./my_freeRTOS_blinky_timers/src/my_code_freertos_blinky_timers.o
 .debug_macro   0x0000000000003f50       0x12 ./my_freeRTOS_blinky_timers/src/my_code_freertos_blinky_timers.o
 .debug_macro   0x0000000000003f62       0x1f ./my_freeRTOS_blinky_timers/src/my_code_freertos_blinky_timers.o
 .debug_macro   0x0000000000003f81      0x250 ./my_freeRTOS_blinky_timers/src/my_code_freertos_blinky_timers.o
 .debug_macro   0x00000000000041d1       0x64 ./my_freeRTOS_blinky_timers/src/my_code_freertos_blinky_timers.o
 .debug_macro   0x0000000000004235       0x57 ./my_freeRTOS_blinky_timers/src/my_code_freertos_blinky_timers.o
 .debug_macro   0x000000000000428c       0x5b ./my_freeRTOS_blinky_timers/src/my_code_freertos_blinky_timers.o
 .debug_macro   0x00000000000042e7      0x217 ./my_freeRTOS_blinky_timers/src/sysinit.o
 .debug_macro   0x00000000000044fe      0x29c ./freertos/src/FreeRTOSCommonHooks.o
 .debug_macro   0x000000000000479a       0x16 ./freertos/src/FreeRTOSCommonHooks.o
 .debug_macro   0x00000000000047b0       0x74 ./freertos/src/FreeRTOSCommonHooks.o
 .debug_macro   0x0000000000004824       0x11 ./freertos/src/FreeRTOSCommonHooks.o
 .debug_macro   0x0000000000004835      0x107 ./freertos/src/FreeRTOSCommonHooks.o
 .debug_macro   0x000000000000493c      0x2b2 ./freertos/src/heap_3.o
 .debug_macro   0x0000000000004bee       0x28 ./freertos/src/heap_3.o
 .debug_macro   0x0000000000004c16      0x297 ./freertos/src/list.o
 .debug_macro   0x0000000000004ead      0x329 ./freertos/src/port.o
 .debug_macro   0x00000000000051d6      0x2fa ./freertos/src/queue.o
 .debug_macro   0x00000000000054d0       0xb0 ./freertos/src/queue.o
 .debug_macro   0x0000000000005580      0x336 ./freertos/src/tasks.o
 .debug_macro   0x00000000000058b6       0x16 ./freertos/src/tasks.o
 .debug_macro   0x00000000000058cc      0x2d4 ./freertos/src/timers.o
 .debug_macro   0x0000000000005ba0      0x2a1 /home/navjot/Documents/MCUXpresso_11.1.1_3241/workspace/lpc_board_nxp_lpcxpresso_1769/Debug/liblpc_board_nxp_lpcxpresso_1769.a(board.o)
 .debug_macro   0x0000000000005e41       0x12 /home/navjot/Documents/MCUXpresso_11.1.1_3241/workspace/lpc_board_nxp_lpcxpresso_1769/Debug/liblpc_board_nxp_lpcxpresso_1769.a(board.o)
 .debug_macro   0x0000000000005e53      0x217 /home/navjot/Documents/MCUXpresso_11.1.1_3241/workspace/lpc_board_nxp_lpcxpresso_1769/Debug/liblpc_board_nxp_lpcxpresso_1769.a(board_sysinit.o)
 .debug_macro   0x000000000000606a      0x1cd /home/navjot/Documents/MCUXpresso_11.1.1_3241/workspace/lpc_chip_175x_6x/Debug/liblpc_chip_175x_6x.a(chip_17xx_40xx.o)
 .debug_macro   0x0000000000006237      0x1cd /home/navjot/Documents/MCUXpresso_11.1.1_3241/workspace/lpc_chip_175x_6x/Debug/liblpc_chip_175x_6x.a(clock_17xx_40xx.o)
 .debug_macro   0x0000000000006404      0x1cd /home/navjot/Documents/MCUXpresso_11.1.1_3241/workspace/lpc_chip_175x_6x/Debug/liblpc_chip_175x_6x.a(iocon_17xx_40xx.o)
 .debug_macro   0x00000000000065d1      0x1cd /home/navjot/Documents/MCUXpresso_11.1.1_3241/workspace/lpc_chip_175x_6x/Debug/liblpc_chip_175x_6x.a(sysinit_17xx_40xx.o)
 .debug_macro   0x000000000000679e      0x1cd /home/navjot/Documents/MCUXpresso_11.1.1_3241/workspace/lpc_chip_175x_6x/Debug/liblpc_chip_175x_6x.a(uart_17xx_40xx.o)

.debug_line     0x0000000000000000     0x8c25
 .debug_line    0x0000000000000000      0x17a ./my_freeRTOS_blinky_timers/src/cr_startup_lpc175x_6x.o
 .debug_line    0x000000000000017a      0x741 ./my_freeRTOS_blinky_timers/src/my_code_freertos_blinky_timers.o
 .debug_line    0x00000000000008bb      0x536 ./my_freeRTOS_blinky_timers/src/sysinit.o
 .debug_line    0x0000000000000df1      0x709 ./freertos/src/FreeRTOSCommonHooks.o
 .debug_line    0x00000000000014fa      0x6ab ./freertos/src/heap_3.o
 .debug_line    0x0000000000001ba5      0x774 ./freertos/src/list.o
 .debug_line    0x0000000000002319      0x93c ./freertos/src/port.o
 .debug_line    0x0000000000002c55      0xdf9 ./freertos/src/queue.o
 .debug_line    0x0000000000003a4e     0x13a7 ./freertos/src/tasks.o
 .debug_line    0x0000000000004df5      0x9a5 ./freertos/src/timers.o
 .debug_line    0x000000000000579a      0xac5 /home/navjot/Documents/MCUXpresso_11.1.1_3241/workspace/lpc_board_nxp_lpcxpresso_1769/Debug/liblpc_board_nxp_lpcxpresso_1769.a(board.o)
 .debug_line    0x000000000000625f      0x575 /home/navjot/Documents/MCUXpresso_11.1.1_3241/workspace/lpc_board_nxp_lpcxpresso_1769/Debug/liblpc_board_nxp_lpcxpresso_1769.a(board_sysinit.o)
 .debug_line    0x00000000000067d4      0x524 /home/navjot/Documents/MCUXpresso_11.1.1_3241/workspace/lpc_chip_175x_6x/Debug/liblpc_chip_175x_6x.a(chip_17xx_40xx.o)
 .debug_line    0x0000000000006cf8      0x98b /home/navjot/Documents/MCUXpresso_11.1.1_3241/workspace/lpc_chip_175x_6x/Debug/liblpc_chip_175x_6x.a(clock_17xx_40xx.o)
 .debug_line    0x0000000000007683      0x540 /home/navjot/Documents/MCUXpresso_11.1.1_3241/workspace/lpc_chip_175x_6x/Debug/liblpc_chip_175x_6x.a(iocon_17xx_40xx.o)
 .debug_line    0x0000000000007bc3      0x5fd /home/navjot/Documents/MCUXpresso_11.1.1_3241/workspace/lpc_chip_175x_6x/Debug/liblpc_chip_175x_6x.a(sysinit_17xx_40xx.o)
 .debug_line    0x00000000000081c0      0xa65 /home/navjot/Documents/MCUXpresso_11.1.1_3241/workspace/lpc_chip_175x_6x/Debug/liblpc_chip_175x_6x.a(uart_17xx_40xx.o)

.debug_str      0x0000000000000000    0x189d5
 .debug_str     0x0000000000000000     0x2f81 ./my_freeRTOS_blinky_timers/src/cr_startup_lpc175x_6x.o
                                       0x2fbf (size before relaxing)
 .debug_str     0x0000000000002f81    0x10e6b ./my_freeRTOS_blinky_timers/src/my_code_freertos_blinky_timers.o
                                      0x13d0f (size before relaxing)
 .debug_str     0x0000000000013dec       0x35 ./my_freeRTOS_blinky_timers/src/sysinit.o
                                      0x113a1 (size before relaxing)
 .debug_str     0x0000000000013e21       0xf4 ./freertos/src/FreeRTOSCommonHooks.o
                                      0x1359f (size before relaxing)
 .debug_str     0x0000000000013f15      0x103 ./freertos/src/heap_3.o
                                      0x135b3 (size before relaxing)
 .debug_str     0x0000000000014018      0x12e ./freertos/src/list.o
                                      0x132f8 (size before relaxing)
 .debug_str     0x0000000000014146      0x747 ./freertos/src/port.o
                                      0x13def (size before relaxing)
 .debug_str     0x000000000001488d     0x1125 ./freertos/src/queue.o
                                      0x1491f (size before relaxing)
 .debug_str     0x00000000000159b2      0xf25 ./freertos/src/tasks.o
                                      0x14ddb (size before relaxing)
 .debug_str     0x00000000000168d7      0x349 ./freertos/src/timers.o
                                      0x14b8f (size before relaxing)
 .debug_str     0x0000000000016c20      0xd72 /home/navjot/Documents/MCUXpresso_11.1.1_3241/workspace/lpc_board_nxp_lpcxpresso_1769/Debug/liblpc_board_nxp_lpcxpresso_1769.a(board.o)
                                      0x122b0 (size before relaxing)
 .debug_str     0x0000000000017992      0x22d /home/navjot/Documents/MCUXpresso_11.1.1_3241/workspace/lpc_board_nxp_lpcxpresso_1769/Debug/liblpc_board_nxp_lpcxpresso_1769.a(board_sysinit.o)
                                      0x11796 (size before relaxing)
 .debug_str     0x0000000000017bbf       0xc2 /home/navjot/Documents/MCUXpresso_11.1.1_3241/workspace/lpc_chip_175x_6x/Debug/liblpc_chip_175x_6x.a(chip_17xx_40xx.o)
                                      0x113e6 (size before relaxing)
 .debug_str     0x0000000000017c81      0x857 /home/navjot/Documents/MCUXpresso_11.1.1_3241/workspace/lpc_chip_175x_6x/Debug/liblpc_chip_175x_6x.a(clock_17xx_40xx.o)
                                      0x11a64 (size before relaxing)
 .debug_str     0x00000000000184d8       0x79 /home/navjot/Documents/MCUXpresso_11.1.1_3241/workspace/lpc_chip_175x_6x/Debug/liblpc_chip_175x_6x.a(iocon_17xx_40xx.o)
                                      0x10ee1 (size before relaxing)
 .debug_str     0x0000000000018551       0xc4 /home/navjot/Documents/MCUXpresso_11.1.1_3241/workspace/lpc_chip_175x_6x/Debug/liblpc_chip_175x_6x.a(sysinit_17xx_40xx.o)
                                      0x110c9 (size before relaxing)
 .debug_str     0x0000000000018615      0x3c0 /home/navjot/Documents/MCUXpresso_11.1.1_3241/workspace/lpc_chip_175x_6x/Debug/liblpc_chip_175x_6x.a(uart_17xx_40xx.o)
                                      0x11939 (size before relaxing)

.comment        0x0000000000000000       0x76
 .comment       0x0000000000000000       0x76 ./my_freeRTOS_blinky_timers/src/cr_startup_lpc175x_6x.o
                                         0x77 (size before relaxing)
 .comment       0x0000000000000076       0x77 ./my_freeRTOS_blinky_timers/src/my_code_freertos_blinky_timers.o
 .comment       0x0000000000000076       0x77 ./my_freeRTOS_blinky_timers/src/sysinit.o
 .comment       0x0000000000000076       0x77 ./freertos/src/FreeRTOSCommonHooks.o
 .comment       0x0000000000000076       0x77 ./freertos/src/heap_3.o
 .comment       0x0000000000000076       0x77 ./freertos/src/list.o
 .comment       0x0000000000000076       0x77 ./freertos/src/port.o
 .comment       0x0000000000000076       0x77 ./freertos/src/queue.o
 .comment       0x0000000000000076       0x77 ./freertos/src/tasks.o
 .comment       0x0000000000000076       0x77 ./freertos/src/timers.o
 .comment       0x0000000000000076       0x77 /home/navjot/Documents/MCUXpresso_11.1.1_3241/workspace/lpc_board_nxp_lpcxpresso_1769/Debug/liblpc_board_nxp_lpcxpresso_1769.a(board.o)
 .comment       0x0000000000000076       0x77 /home/navjot/Documents/MCUXpresso_11.1.1_3241/workspace/lpc_board_nxp_lpcxpresso_1769/Debug/liblpc_board_nxp_lpcxpresso_1769.a(board_sysinit.o)
 .comment       0x0000000000000076       0x77 /home/navjot/Documents/MCUXpresso_11.1.1_3241/workspace/lpc_chip_175x_6x/Debug/liblpc_chip_175x_6x.a(chip_17xx_40xx.o)
 .comment       0x0000000000000076       0x77 /home/navjot/Documents/MCUXpresso_11.1.1_3241/workspace/lpc_chip_175x_6x/Debug/liblpc_chip_175x_6x.a(clock_17xx_40xx.o)
 .comment       0x0000000000000076       0x77 /home/navjot/Documents/MCUXpresso_11.1.1_3241/workspace/lpc_chip_175x_6x/Debug/liblpc_chip_175x_6x.a(iocon_17xx_40xx.o)
 .comment       0x0000000000000076       0x77 /home/navjot/Documents/MCUXpresso_11.1.1_3241/workspace/lpc_chip_175x_6x/Debug/liblpc_chip_175x_6x.a(sysinit_17xx_40xx.o)
 .comment       0x0000000000000076       0x77 /home/navjot/Documents/MCUXpresso_11.1.1_3241/workspace/lpc_chip_175x_6x/Debug/liblpc_chip_175x_6x.a(uart_17xx_40xx.o)
 .comment       0x0000000000000076       0x77 /usr/local/mcuxpressoide-11.1.1_3241/ide/plugins/com.nxp.mcuxpresso.tools.linux_11.1.0.202001081728/tools/bin/../lib/gcc/arm-none-eabi/8.3.1/../../../../arm-none-eabi/lib/thumb/v7-m/nofp/libcr_nohost.a(_cr__main.o)
 .comment       0x0000000000000076       0x77 /usr/local/mcuxpressoide-11.1.1_3241/ide/plugins/com.nxp.mcuxpresso.tools.linux_11.1.0.202001081728/tools/bin/../lib/gcc/arm-none-eabi/8.3.1/../../../../arm-none-eabi/lib/thumb/v7-m/nofp/libcr_c.a(memcpy.o)
 .comment       0x0000000000000076       0x77 /usr/local/mcuxpressoide-11.1.1_3241/ide/plugins/com.nxp.mcuxpresso.tools.linux_11.1.0.202001081728/tools/bin/../lib/gcc/arm-none-eabi/8.3.1/../../../../arm-none-eabi/lib/thumb/v7-m/nofp/libcr_c.a(memset.o)
 .comment       0x0000000000000076       0x77 /usr/local/mcuxpressoide-11.1.1_3241/ide/plugins/com.nxp.mcuxpresso.tools.linux_11.1.0.202001081728/tools/bin/../lib/gcc/arm-none-eabi/8.3.1/../../../../arm-none-eabi/lib/thumb/v7-m/nofp/libcr_c.a(alloc.o)
 .comment       0x0000000000000076       0x77 /usr/local/mcuxpressoide-11.1.1_3241/ide/plugins/com.nxp.mcuxpresso.tools.linux_11.1.0.202001081728/tools/bin/../lib/gcc/arm-none-eabi/8.3.1/../../../../arm-none-eabi/lib/thumb/v7-m/nofp/libcr_c.a(initio.o)
 .comment       0x0000000000000076       0x77 /usr/local/mcuxpressoide-11.1.1_3241/ide/plugins/com.nxp.mcuxpresso.tools.linux_11.1.0.202001081728/tools/bin/../lib/gcc/arm-none-eabi/8.3.1/../../../../arm-none-eabi/lib/thumb/v7-m/nofp/libcr_c.a(setvbuf.o)
 .comment       0x0000000000000076       0x77 /usr/local/mcuxpressoide-11.1.1_3241/ide/plugins/com.nxp.mcuxpresso.tools.linux_11.1.0.202001081728/tools/bin/../lib/gcc/arm-none-eabi/8.3.1/../../../../arm-none-eabi/lib/thumb/v7-m/nofp/libcr_c.a(strlen.o)
 .comment       0x0000000000000076       0x77 /usr/local/mcuxpressoide-11.1.1_3241/ide/plugins/com.nxp.mcuxpresso.tools.linux_11.1.0.202001081728/tools/bin/../lib/gcc/arm-none-eabi/8.3.1/../../../../arm-none-eabi/lib/thumb/v7-m/nofp/libcr_c.a(__init_alloc.o)
 .comment       0x0000000000000076       0x77 /usr/local/mcuxpressoide-11.1.1_3241/ide/plugins/com.nxp.mcuxpresso.tools.linux_11.1.0.202001081728/tools/bin/../lib/gcc/arm-none-eabi/8.3.1/../../../../arm-none-eabi/lib/thumb/v7-m/nofp/libcr_c.a(_cr_sbrk.o)
 .comment       0x0000000000000076       0x77 /usr/local/mcuxpressoide-11.1.1_3241/ide/plugins/com.nxp.mcuxpresso.tools.linux_11.1.0.202001081728/tools/bin/../lib/gcc/arm-none-eabi/8.3.1/../../../../arm-none-eabi/lib/thumb/v7-m/nofp/libcr_c.a(_deferredlazyseek.o)
 .comment       0x0000000000000076       0x77 /usr/local/mcuxpressoide-11.1.1_3241/ide/plugins/com.nxp.mcuxpresso.tools.linux_11.1.0.202001081728/tools/bin/../lib/gcc/arm-none-eabi/8.3.1/../../../../arm-none-eabi/lib/thumb/v7-m/nofp/libcr_c.a(_fdopen.o)
 .comment       0x0000000000000076       0x77 /usr/local/mcuxpressoide-11.1.1_3241/ide/plugins/com.nxp.mcuxpresso.tools.linux_11.1.0.202001081728/tools/bin/../lib/gcc/arm-none-eabi/8.3.1/../../../../arm-none-eabi/lib/thumb/v7-m/nofp/libcr_c.a(_fflush.o)
 .comment       0x0000000000000076       0x77 /usr/local/mcuxpressoide-11.1.1_3241/ide/plugins/com.nxp.mcuxpresso.tools.linux_11.1.0.202001081728/tools/bin/../lib/gcc/arm-none-eabi/8.3.1/../../../../arm-none-eabi/lib/thumb/v7-m/nofp/libcr_c.a(_writebuf.o)
 .comment       0x0000000000000076       0x77 /usr/local/mcuxpressoide-11.1.1_3241/ide/plugins/com.nxp.mcuxpresso.tools.linux_11.1.0.202001081728/tools/bin/../lib/gcc/arm-none-eabi/8.3.1/../../../../arm-none-eabi/lib/thumb/v7-m/nofp/libcr_c.a(errno.o)
 .comment       0x0000000000000076       0x77 /usr/local/mcuxpressoide-11.1.1_3241/ide/plugins/com.nxp.mcuxpresso.tools.linux_11.1.0.202001081728/tools/bin/../lib/gcc/arm-none-eabi/8.3.1/../../../../arm-none-eabi/lib/thumb/v7-m/nofp/libcr_c.a(fclose.o)
 .comment       0x0000000000000076       0x77 /usr/local/mcuxpressoide-11.1.1_3241/ide/plugins/com.nxp.mcuxpresso.tools.linux_11.1.0.202001081728/tools/bin/../lib/gcc/arm-none-eabi/8.3.1/../../../../arm-none-eabi/lib/thumb/v7-m/nofp/libcr_c.a(fflush.o)
 .comment       0x0000000000000076       0x77 /usr/local/mcuxpressoide-11.1.1_3241/ide/plugins/com.nxp.mcuxpresso.tools.linux_11.1.0.202001081728/tools/bin/../lib/gcc/arm-none-eabi/8.3.1/../../../../arm-none-eabi/lib/thumb/v7-m/nofp/libcr_c.a(fseek.o)
 .comment       0x0000000000000076       0x77 /usr/local/mcuxpressoide-11.1.1_3241/ide/plugins/com.nxp.mcuxpresso.tools.linux_11.1.0.202001081728/tools/bin/../lib/gcc/arm-none-eabi/8.3.1/../../../../arm-none-eabi/lib/thumb/v7-m/nofp/libcr_c.a(ftell.o)
 .comment       0x0000000000000076       0x77 /usr/local/mcuxpressoide-11.1.1_3241/ide/plugins/com.nxp.mcuxpresso.tools.linux_11.1.0.202001081728/tools/bin/../lib/gcc/arm-none-eabi/8.3.1/../../../../arm-none-eabi/lib/thumb/v7-m/nofp/libcr_c.a(remove.o)
 .comment       0x0000000000000076       0x77 /usr/local/mcuxpressoide-11.1.1_3241/ide/plugins/com.nxp.mcuxpresso.tools.linux_11.1.0.202001081728/tools/bin/../lib/gcc/arm-none-eabi/8.3.1/../../../../arm-none-eabi/lib/thumb/v7-m/nofp/libcr_c.a(_cr_check_heap.o)
 .comment       0x0000000000000076       0x77 /usr/local/mcuxpressoide-11.1.1_3241/ide/plugins/com.nxp.mcuxpresso.tools.linux_11.1.0.202001081728/tools/bin/../lib/gcc/arm-none-eabi/8.3.1/../../../../arm-none-eabi/lib/thumb/v7-m/nofp/libcr_c.a(_do_fflush.o)
 .comment       0x0000000000000076       0x77 /usr/local/mcuxpressoide-11.1.1_3241/ide/plugins/com.nxp.mcuxpresso.tools.linux_11.1.0.202001081728/tools/bin/../lib/gcc/arm-none-eabi/8.3.1/../../../../arm-none-eabi/lib/thumb/v7-m/nofp/libcr_nohost.a(__ciob.o)
 .comment       0x0000000000000076       0x77 /usr/local/mcuxpressoide-11.1.1_3241/ide/plugins/com.nxp.mcuxpresso.tools.linux_11.1.0.202001081728/tools/bin/../lib/gcc/arm-none-eabi/8.3.1/../../../../arm-none-eabi/lib/thumb/v7-m/nofp/libcr_nohost.a(__sys_close.o)
 .comment       0x0000000000000076       0x77 /usr/local/mcuxpressoide-11.1.1_3241/ide/plugins/com.nxp.mcuxpresso.tools.linux_11.1.0.202001081728/tools/bin/../lib/gcc/arm-none-eabi/8.3.1/../../../../arm-none-eabi/lib/thumb/v7-m/nofp/libcr_nohost.a(__sys_flen.o)
 .comment       0x0000000000000076       0x77 /usr/local/mcuxpressoide-11.1.1_3241/ide/plugins/com.nxp.mcuxpresso.tools.linux_11.1.0.202001081728/tools/bin/../lib/gcc/arm-none-eabi/8.3.1/../../../../arm-none-eabi/lib/thumb/v7-m/nofp/libcr_nohost.a(__sys_istty.o)
 .comment       0x0000000000000076       0x77 /usr/local/mcuxpressoide-11.1.1_3241/ide/plugins/com.nxp.mcuxpresso.tools.linux_11.1.0.202001081728/tools/bin/../lib/gcc/arm-none-eabi/8.3.1/../../../../arm-none-eabi/lib/thumb/v7-m/nofp/libcr_nohost.a(__sys_remove.o)
 .comment       0x0000000000000076       0x77 /usr/local/mcuxpressoide-11.1.1_3241/ide/plugins/com.nxp.mcuxpresso.tools.linux_11.1.0.202001081728/tools/bin/../lib/gcc/arm-none-eabi/8.3.1/../../../../arm-none-eabi/lib/thumb/v7-m/nofp/libcr_nohost.a(__sys_seek.o)
 .comment       0x0000000000000076       0x77 /usr/local/mcuxpressoide-11.1.1_3241/ide/plugins/com.nxp.mcuxpresso.tools.linux_11.1.0.202001081728/tools/bin/../lib/gcc/arm-none-eabi/8.3.1/../../../../arm-none-eabi/lib/thumb/v7-m/nofp/libcr_nohost.a(__sys_tmpnam.o)

.ARM.attributes
                0x0000000000000000       0x2b
 .ARM.attributes
                0x0000000000000000       0x2d ./my_freeRTOS_blinky_timers/src/cr_startup_lpc175x_6x.o
 .ARM.attributes
                0x000000000000002d       0x2d ./my_freeRTOS_blinky_timers/src/my_code_freertos_blinky_timers.o
 .ARM.attributes
                0x000000000000005a       0x2d ./my_freeRTOS_blinky_timers/src/sysinit.o
 .ARM.attributes
                0x0000000000000087       0x2d ./freertos/src/FreeRTOSCommonHooks.o
 .ARM.attributes
                0x00000000000000b4       0x2d ./freertos/src/heap_3.o
 .ARM.attributes
                0x00000000000000e1       0x2d ./freertos/src/list.o
 .ARM.attributes
                0x000000000000010e       0x2d ./freertos/src/port.o
 .ARM.attributes
                0x000000000000013b       0x2d ./freertos/src/queue.o
 .ARM.attributes
                0x0000000000000168       0x2d ./freertos/src/tasks.o
 .ARM.attributes
                0x0000000000000195       0x2d ./freertos/src/timers.o
 .ARM.attributes
                0x00000000000001c2       0x2d /home/navjot/Documents/MCUXpresso_11.1.1_3241/workspace/lpc_board_nxp_lpcxpresso_1769/Debug/liblpc_board_nxp_lpcxpresso_1769.a(board.o)
 .ARM.attributes
                0x00000000000001ef       0x2d /home/navjot/Documents/MCUXpresso_11.1.1_3241/workspace/lpc_board_nxp_lpcxpresso_1769/Debug/liblpc_board_nxp_lpcxpresso_1769.a(board_sysinit.o)
 .ARM.attributes
                0x000000000000021c       0x2d /home/navjot/Documents/MCUXpresso_11.1.1_3241/workspace/lpc_chip_175x_6x/Debug/liblpc_chip_175x_6x.a(chip_17xx_40xx.o)
 .ARM.attributes
                0x0000000000000249       0x2d /home/navjot/Documents/MCUXpresso_11.1.1_3241/workspace/lpc_chip_175x_6x/Debug/liblpc_chip_175x_6x.a(clock_17xx_40xx.o)
 .ARM.attributes
                0x0000000000000276       0x2d /home/navjot/Documents/MCUXpresso_11.1.1_3241/workspace/lpc_chip_175x_6x/Debug/liblpc_chip_175x_6x.a(iocon_17xx_40xx.o)
 .ARM.attributes
                0x00000000000002a3       0x2d /home/navjot/Documents/MCUXpresso_11.1.1_3241/workspace/lpc_chip_175x_6x/Debug/liblpc_chip_175x_6x.a(sysinit_17xx_40xx.o)
 .ARM.attributes
                0x00000000000002d0       0x2d /home/navjot/Documents/MCUXpresso_11.1.1_3241/workspace/lpc_chip_175x_6x/Debug/liblpc_chip_175x_6x.a(uart_17xx_40xx.o)
 .ARM.attributes
                0x00000000000002fd       0x2d /usr/local/mcuxpressoide-11.1.1_3241/ide/plugins/com.nxp.mcuxpresso.tools.linux_11.1.0.202001081728/tools/bin/../lib/gcc/arm-none-eabi/8.3.1/../../../../arm-none-eabi/lib/thumb/v7-m/nofp/libcr_nohost.a(_cr__main.o)
 .ARM.attributes
                0x000000000000032a       0x2d /usr/local/mcuxpressoide-11.1.1_3241/ide/plugins/com.nxp.mcuxpresso.tools.linux_11.1.0.202001081728/tools/bin/../lib/gcc/arm-none-eabi/8.3.1/../../../../arm-none-eabi/lib/thumb/v7-m/nofp/libcr_c.a(memcpy.o)
 .ARM.attributes
                0x0000000000000357       0x2d /usr/local/mcuxpressoide-11.1.1_3241/ide/plugins/com.nxp.mcuxpresso.tools.linux_11.1.0.202001081728/tools/bin/../lib/gcc/arm-none-eabi/8.3.1/../../../../arm-none-eabi/lib/thumb/v7-m/nofp/libcr_c.a(memset.o)
 .ARM.attributes
                0x0000000000000384       0x2d /usr/local/mcuxpressoide-11.1.1_3241/ide/plugins/com.nxp.mcuxpresso.tools.linux_11.1.0.202001081728/tools/bin/../lib/gcc/arm-none-eabi/8.3.1/../../../../arm-none-eabi/lib/thumb/v7-m/nofp/libcr_c.a(alloc.o)
 .ARM.attributes
                0x00000000000003b1       0x2d /usr/local/mcuxpressoide-11.1.1_3241/ide/plugins/com.nxp.mcuxpresso.tools.linux_11.1.0.202001081728/tools/bin/../lib/gcc/arm-none-eabi/8.3.1/../../../../arm-none-eabi/lib/thumb/v7-m/nofp/libcr_c.a(initio.o)
 .ARM.attributes
                0x00000000000003de       0x2d /usr/local/mcuxpressoide-11.1.1_3241/ide/plugins/com.nxp.mcuxpresso.tools.linux_11.1.0.202001081728/tools/bin/../lib/gcc/arm-none-eabi/8.3.1/../../../../arm-none-eabi/lib/thumb/v7-m/nofp/libcr_c.a(setvbuf.o)
 .ARM.attributes
                0x000000000000040b       0x2d /usr/local/mcuxpressoide-11.1.1_3241/ide/plugins/com.nxp.mcuxpresso.tools.linux_11.1.0.202001081728/tools/bin/../lib/gcc/arm-none-eabi/8.3.1/../../../../arm-none-eabi/lib/thumb/v7-m/nofp/libcr_c.a(strlen.o)
 .ARM.attributes
                0x0000000000000438       0x2d /usr/local/mcuxpressoide-11.1.1_3241/ide/plugins/com.nxp.mcuxpresso.tools.linux_11.1.0.202001081728/tools/bin/../lib/gcc/arm-none-eabi/8.3.1/../../../../arm-none-eabi/lib/thumb/v7-m/nofp/libcr_c.a(__init_alloc.o)
 .ARM.attributes
                0x0000000000000465       0x2d /usr/local/mcuxpressoide-11.1.1_3241/ide/plugins/com.nxp.mcuxpresso.tools.linux_11.1.0.202001081728/tools/bin/../lib/gcc/arm-none-eabi/8.3.1/../../../../arm-none-eabi/lib/thumb/v7-m/nofp/libcr_c.a(_cr_sbrk.o)
 .ARM.attributes
                0x0000000000000492       0x2d /usr/local/mcuxpressoide-11.1.1_3241/ide/plugins/com.nxp.mcuxpresso.tools.linux_11.1.0.202001081728/tools/bin/../lib/gcc/arm-none-eabi/8.3.1/../../../../arm-none-eabi/lib/thumb/v7-m/nofp/libcr_c.a(_deferredlazyseek.o)
 .ARM.attributes
                0x00000000000004bf       0x2d /usr/local/mcuxpressoide-11.1.1_3241/ide/plugins/com.nxp.mcuxpresso.tools.linux_11.1.0.202001081728/tools/bin/../lib/gcc/arm-none-eabi/8.3.1/../../../../arm-none-eabi/lib/thumb/v7-m/nofp/libcr_c.a(_fdopen.o)
 .ARM.attributes
                0x00000000000004ec       0x2d /usr/local/mcuxpressoide-11.1.1_3241/ide/plugins/com.nxp.mcuxpresso.tools.linux_11.1.0.202001081728/tools/bin/../lib/gcc/arm-none-eabi/8.3.1/../../../../arm-none-eabi/lib/thumb/v7-m/nofp/libcr_c.a(_fflush.o)
 .ARM.attributes
                0x0000000000000519       0x2d /usr/local/mcuxpressoide-11.1.1_3241/ide/plugins/com.nxp.mcuxpresso.tools.linux_11.1.0.202001081728/tools/bin/../lib/gcc/arm-none-eabi/8.3.1/../../../../arm-none-eabi/lib/thumb/v7-m/nofp/libcr_c.a(_writebuf.o)
 .ARM.attributes
                0x0000000000000546       0x33 /usr/local/mcuxpressoide-11.1.1_3241/ide/plugins/com.nxp.mcuxpresso.tools.linux_11.1.0.202001081728/tools/bin/../lib/gcc/arm-none-eabi/8.3.1/../../../../arm-none-eabi/lib/thumb/v7-m/nofp/libcr_c.a(errno.o)
 .ARM.attributes
                0x0000000000000579       0x2d /usr/local/mcuxpressoide-11.1.1_3241/ide/plugins/com.nxp.mcuxpresso.tools.linux_11.1.0.202001081728/tools/bin/../lib/gcc/arm-none-eabi/8.3.1/../../../../arm-none-eabi/lib/thumb/v7-m/nofp/libcr_c.a(fclose.o)
 .ARM.attributes